Component: ARM Compiler 5.06 update 7 (build 960) Tool: armlink [4d3601]

==============================================================================

Section Cross References

    main.o(i.CAN0_RX0_IRQHandler) refers to gd32e10x_can.o(i.can_message_receive) for can_message_receive
    main.o(i.CAN0_RX0_IRQHandler) refers to main.o(.data) for led_flag_red
    main.o(i.TIMER3_IRQHandler) refers to gd32e10x_timer.o(i.timer_interrupt_flag_get) for timer_interrupt_flag_get
    main.o(i.TIMER3_IRQHandler) refers to gd32e10x_timer.o(i.timer_interrupt_flag_clear) for timer_interrupt_flag_clear
    main.o(i.do_crc_table) refers to main.o(.constdata) for crc_table
    main.o(i.main) refers to systick.o(i.systick_config) for systick_config
    main.o(i.main) refers to systick.o(i.delay_1ms) for delay_1ms
    main.o(i.main) refers to adc.o(i.adc_init) for adc_init
    main.o(i.main) refers to led.o(i.led_init) for led_init
    main.o(i.main) refers to uart.o(i.usart0_init) for usart0_init
    main.o(i.main) refers to app.o(i.usb_init) for usb_init
    main.o(i.main) refers to pid.o(i.pid_init) for pid_init
    main.o(i.main) refers to led.o(i.buzzer_run) for buzzer_run
    main.o(i.main) refers to manipulator.o(i.manipulator_init) for manipulator_init
    main.o(i.main) refers to manipulator.o(i.manipulator_get_init_states) for manipulator_get_init_states
    main.o(i.main) refers to manipulator.o(i.manipulator_pos_spd_ctrl) for manipulator_pos_spd_ctrl
    main.o(i.main) refers to manipulator.o(i.manipulator_moment_ctrl) for manipulator_moment_ctrl
    main.o(i.main) refers to uldiv.o(.text) for __aeabi_uldivmod
    main.o(i.main) refers to gd32e10x_gpio.o(i.gpio_bit_set) for gpio_bit_set
    main.o(i.main) refers to gd32e10x_gpio.o(i.gpio_bit_reset) for gpio_bit_reset
    main.o(i.main) refers to 74hc4051bq.o(i.adc_value_read) for adc_value_read
    main.o(i.main) refers to memcpya.o(.text) for __aeabi_memcpy
    main.o(i.main) refers to main.o(i.CalChecksum) for CalChecksum
    main.o(i.main) refers to manipulator.o(i.manipulator_pos_ctrl) for manipulator_pos_ctrl
    main.o(i.main) refers to manipulator.o(i.manipulator_spd_ctrl) for manipulator_spd_ctrl
    main.o(i.main) refers to app.o(i.usb_send_buffer) for usb_send_buffer
    main.o(i.main) refers to main.o(.bss) for process_handle
    systick.o(i.delay_1ms) refers to systick.o(.data) for delay
    systick.o(i.delay_decrement) refers to systick.o(.data) for delay
    systick.o(i.delay_decrement) refers to main.o(.data) for total_time_1
    systick.o(i.systick_config) refers to systick.o(i.NVIC_SetPriority) for NVIC_SetPriority
    systick.o(i.systick_config) refers to system_gd32e10x.o(.data) for SystemCoreClock
    systick.o(i.systick_get_tick) refers to main.o(.data) for total_time_1
    gd32e10x_it.o(i.SysTick_Handler) refers to systick.o(i.delay_decrement) for delay_decrement
    gd32e10x_it.o(i.TIMER2_IRQHandler) refers to gd32e10x_it.o(i.TIMER2_IRQHandler_lib) for TIMER2_IRQHandler_lib
    gd32e10x_it.o(i.USBFS_IRQHandler) refers to gd32e10x_it.o(i.USBFS_IRQHandler_lib) for USBFS_IRQHandler_lib
    gd32e10x_it.o(i.USBFS_WKUP_IRQHandler) refers to gd32e10x_it.o(i.USBFS_WKUP_IRQHandler_lib) for USBFS_WKUP_IRQHandler_lib
    system_gd32e10x.o(i.SystemCoreClockUpdate) refers to system_gd32e10x.o(.data) for SystemCoreClock
    system_gd32e10x.o(i.SystemInit) refers to system_gd32e10x.o(i.system_clock_config) for system_clock_config
    system_gd32e10x.o(i.SystemInit) refers to gd32e10x_misc.o(i.nvic_vector_table_set) for nvic_vector_table_set
    system_gd32e10x.o(i.system_clock_config) refers to system_gd32e10x.o(i.system_clock_120m_hxtal) for system_clock_120m_hxtal
    gd32e10x_adc.o(i.adc_deinit) refers to gd32e10x_rcu.o(i.rcu_periph_reset_enable) for rcu_periph_reset_enable
    gd32e10x_adc.o(i.adc_deinit) refers to gd32e10x_rcu.o(i.rcu_periph_reset_disable) for rcu_periph_reset_disable
    gd32e10x_bkp.o(i.bkp_deinit) refers to gd32e10x_rcu.o(i.rcu_bkp_reset_enable) for rcu_bkp_reset_enable
    gd32e10x_bkp.o(i.bkp_deinit) refers to gd32e10x_rcu.o(i.rcu_bkp_reset_disable) for rcu_bkp_reset_disable
    gd32e10x_can.o(i.can_debug_freeze_disable) refers to gd32e10x_dbg.o(i.dbg_periph_disable) for dbg_periph_disable
    gd32e10x_can.o(i.can_debug_freeze_enable) refers to gd32e10x_dbg.o(i.dbg_periph_enable) for dbg_periph_enable
    gd32e10x_can.o(i.can_deinit) refers to gd32e10x_rcu.o(i.rcu_periph_reset_enable) for rcu_periph_reset_enable
    gd32e10x_can.o(i.can_deinit) refers to gd32e10x_rcu.o(i.rcu_periph_reset_disable) for rcu_periph_reset_disable
    gd32e10x_can.o(i.can_fd_frequency_set) refers to gd32e10x_can.o(i.can_working_mode_set) for can_working_mode_set
    gd32e10x_can.o(i.can_fd_frequency_set) refers to gd32e10x_can.o(i.dev_can_baudrate_set) for dev_can_baudrate_set
    gd32e10x_can.o(i.can_filter_mask_mode_init) refers to gd32e10x_can.o(i.can_struct_para_init) for can_struct_para_init
[...]
    i.adc_init                               0x08000ef6   Section        0  adc.o(i.adc_init)
    i.adc_mode_config                        0x08000f10   Section        0  gd32e10x_adc.o(i.adc_mode_config)
    i.adc_regular_channel_config             0x08000f2c   Section        0  gd32e10x_adc.o(i.adc_regular_channel_config)
    i.adc_software_trigger_enable            0x08000fd8   Section        0  gd32e10x_adc.o(i.adc_software_trigger_enable)
    i.adc_special_function_config            0x08000ff6   Section        0  gd32e10x_adc.o(i.adc_special_function_config)
    i.adc_value_read                         0x08001050   Section        0  74hc4051bq.o(i.adc_value_read)
    i.buzzer_run                             0x0800108c   Section        0  led.o(i.buzzer_run)
    i.buzzer_run_long                        0x080010c0   Section        0  led.o(i.buzzer_run_long)
    i.calculateModbusCRC                     0x080010f8   Section        0  main.o(i.calculateModbusCRC)
    i.can_message_receive                    0x08001130   Section        0  gd32e10x_can.o(i.can_message_receive)
    i.cdc_acm_deinit                         0x080012f4   Section        0  cdc_acm_core.o(i.cdc_acm_deinit)
    cdc_acm_deinit                           0x080012f5   Thumb Code    34  cdc_acm_core.o(i.cdc_acm_deinit)
    i.cdc_acm_in                             0x08001316   Section        0  cdc_acm_core.o(i.cdc_acm_in)
    cdc_acm_in                               0x08001317   Thumb Code    70  cdc_acm_core.o(i.cdc_acm_in)
    i.cdc_acm_init                           0x0800135c   Section        0  cdc_acm_core.o(i.cdc_acm_init)
    cdc_acm_init                             0x0800135d   Thumb Code    84  cdc_acm_core.o(i.cdc_acm_init)
    i.cdc_acm_out                            0x080013bc   Section        0  cdc_acm_core.o(i.cdc_acm_out)
    cdc_acm_out                              0x080013bd   Thumb Code    32  cdc_acm_core.o(i.cdc_acm_out)
    i.cdc_acm_req                            0x080013dc   Section        0  cdc_acm_core.o(i.cdc_acm_req)
    cdc_acm_req                              0x080013dd   Thumb Code   176  cdc_acm_core.o(i.cdc_acm_req)
    i.cdc_ctlx_out                           0x0800148c   Section        0  cdc_acm_core.o(i.cdc_ctlx_out)
    cdc_ctlx_out                             0x0800148d   Thumb Code    82  cdc_acm_core.o(i.cdc_ctlx_out)
    i.delay_1ms                              0x080014e0   Section        0  systick.o(i.delay_1ms)
    i.delay_decrement                        0x080014f4   Section        0  systick.o(i.delay_decrement)
    i.dma0_ch3_usart0_tx_init                0x08001520   Section        0  uart.o(i.dma0_ch3_usart0_tx_init)
    i.dma0_ch4_usart0_rx_init                0x080015a0   Section        0  uart.o(i.dma0_ch4_usart0_rx_init)
    i.dma_channel_disable                    0x0800161c   Section        0  gd32e10x_dma.o(i.dma_channel_disable)
    i.dma_channel_enable                     0x0800164e   Section        0  gd32e10x_dma.o(i.dma_channel_enable)
    i.dma_circulation_disable                0x08001680   Section        0  gd32e10x_dma.o(i.dma_circulation_disable)
    i.dma_circulation_enable                 0x080016b2   Section        0  gd32e10x_dma.o(i.dma_circulation_enable)
    i.dma_config                             0x080016e4   Section        0  adc.o(i.dma_config)
    i.dma_deinit                             0x08001748   Section        0  gd32e10x_dma.o(i.dma_deinit)
    i.dma_init                               0x080017b8   Section        0  gd32e10x_dma.o(i.dma_init)
    i.dma_interrupt_enable                   0x080018e6   Section        0  gd32e10x_dma.o(i.dma_interrupt_enable)
    i.dma_interrupt_flag_clear               0x08001918   Section        0  gd32e10x_dma.o(i.dma_interrupt_flag_clear)
    i.dma_interrupt_flag_get                 0x08001928   Section        0  gd32e10x_dma.o(i.dma_interrupt_flag_get)
    i.dma_memory_address_config              0x080019aa   Section        0  gd32e10x_dma.o(i.dma_memory_address_config)
    i.dma_memory_to_memory_disable           0x080019ce   Section        0  gd32e10x_dma.o(i.dma_memory_to_memory_disable)
    i.dma_periph_and_channel_check           0x08001a00   Section        0  gd32e10x_dma.o(i.dma_periph_and_channel_check)
    dma_periph_and_channel_check             0x08001a01   Thumb Code    18  gd32e10x_dma.o(i.dma_periph_and_channel_check)
    i.dma_struct_para_init                   0x08001a18   Section        0  gd32e10x_dma.o(i.dma_struct_para_init)
    i.dma_transfer_number_config             0x08001a34   Section        0  gd32e10x_dma.o(i.dma_transfer_number_config)
    i.dma_transfer_number_get                0x08001a5a   Section        0  gd32e10x_dma.o(i.dma_transfer_number_get)
    i.exti_init                              0x08001a7c   Section        0  gd32e10x_exti.o(i.exti_init)
    i.exti_interrupt_enable                  0x08001b34   Section        0  gd32e10x_exti.o(i.exti_interrupt_enable)
    i.exti_interrupt_flag_clear              0x08001b44   Section        0  gd32e10x_exti.o(i.exti_interrupt_flag_clear)
    i.gd_eval_com_init                       0x08001b50   Section        0  uart.o(i.gd_eval_com_init)
    i.gpio_bit_reset                         0x08001bf0   Section        0  gd32e10x_gpio.o(i.gpio_bit_reset)
    i.gpio_bit_set                           0x08001bf4   Section        0  gd32e10x_gpio.o(i.gpio_bit_set)
    i.gpio_config                            0x08001bf8   Section        0  adc.o(i.gpio_config)
    i.gpio_init                              0x08001c60   Section        0  gd32e10x_gpio.o(i.gpio_init)
    i.gpio_pin_remap_config                  0x08001d1c   Section        0  gd32e10x_gpio.o(i.gpio_pin_remap_config)
    i.hw_delay                               0x08001dac   Section        0  gd32e10x_hw.o(i.hw_delay)
    hw_delay                                 0x08001dad   Thumb Code    34  gd32e10x_hw.o(i.hw_delay)
    i.hw_time_set                            0x08001dd8   Section        0  gd32e10x_hw.o(i.hw_time_set)
    hw_time_set                              0x08001dd9   Thumb Code   102  gd32e10x_hw.o(i.hw_time_set)
    i.int_to_unicode                         0x08001e48   Section        0  usbd_enum.o(i.int_to_unicode)
    i.led_init                               0x08001e84   Section        0  led.o(i.led_init)
    i.main                                   0x08001ee8   Section        0  main.o(i.main)
    i.malloc                                 0x080020ec   Section        0  malloc.o(i.malloc)
    i.manipulator_get_init_states            0x08002158   Section        0  manipulator.o(i.manipulator_get_init_states)
    i.manipulator_init                       0x080021d8   Section        0  manipulator.o(i.manipulator_init)
    i.manipulator_moment_ctrl                0x08002214   Section        0  manipulator.o(i.manipulator_moment_ctrl)
    i.manipulator_pos_ctrl                   0x08002254   Section        0  manipulator.o(i.manipulator_pos_ctrl)
    i.manipulator_pos_spd_ctrl               0x080022b8   Section        0  manipulator.o(i.manipulator_pos_spd_ctrl)
    i.manipulator_spd_ctrl                   0x080022f8   Section        0  manipulator.o(i.manipulator_spd_ctrl)
    i.nvic_config                            0x08002384   Section        0  uart.o(i.nvic_config)
    i.nvic_irq_enable                        0x080023dc   Section        0  gd32e10x_misc.o(i.nvic_irq_enable)
    i.nvic_priority_group_set                0x08002488   Section        0  gd32e10x_misc.o(i.nvic_priority_group_set)
    i.nvic_vector_table_set                  0x0800249c   Section        0  gd32e10x_misc.o(i.nvic_vector_table_set)
    i.pid_calculate                          0x080024b0   Section        0  pid.o(i.pid_calculate)
    pid_calculate                            0x080024b1   Thumb Code   326  pid.o(i.pid_calculate)
    i.pid_init                               0x080025f8   Section        0  pid.o(i.pid_init)
    i.pid_param_init                         0x08002614   Section        0  pid.o(i.pid_param_init)
    pid_param_init                           0x08002615   Thumb Code    88  pid.o(i.pid_param_init)
    i.pid_reset                              0x08002670   Section        0  pid.o(i.pid_reset)
    pid_reset                                0x08002671   Thumb Code    14  pid.o(i.pid_reset)
    i.pmu_to_deepsleepmode                   0x08002680   Section        0  gd32e10x_pmu.o(i.pmu_to_deepsleepmode)
    i.rcu_adc_clock_config                   0x08002744   Section        0  gd32e10x_rcu.o(i.rcu_adc_clock_config)
    i.rcu_clock_freq_get                     0x080027b0   Section        0  gd32e10x_rcu.o(i.rcu_clock_freq_get)
    i.rcu_config                             0x08002934   Section        0  adc.o(i.rcu_config)
    i.rcu_periph_clock_enable                0x08002960   Section        0  gd32e10x_rcu.o(i.rcu_periph_clock_enable)
    i.rcu_periph_reset_disable               0x08002980   Section        0  gd32e10x_rcu.o(i.rcu_periph_reset_disable)
    i.rcu_periph_reset_enable                0x080029a0   Section        0  gd32e10x_rcu.o(i.rcu_periph_reset_enable)
    i.rcu_usb_clock_config                   0x080029c0   Section        0  gd32e10x_rcu.o(i.rcu_usb_clock_config)
    i.read_adc_value                         0x080029d8   Section        0  adc.o(i.read_adc_value)
    i.serial_string_get                      0x08002a04   Section        0  usbd_enum.o(i.serial_string_get)
    i.swapEndian16                           0x08002a50   Section        0  main.o(i.swapEndian16)
    i.system_clock_120m_hxtal                0x08002a5c   Section        0  system_gd32e10x.o(i.system_clock_120m_hxtal)
    system_clock_120m_hxtal                  0x08002a5d   Thumb Code   226  system_gd32e10x.o(i.system_clock_120m_hxtal)
    i.system_clock_config                    0x08002b58   Section        0  system_gd32e10x.o(i.system_clock_config)
    system_clock_config                      0x08002b59   Thumb Code     8  system_gd32e10x.o(i.system_clock_config)
    i.systick_config                         0x08002b60   Section        0  systick.o(i.systick_config)
    i.systick_get_tick                       0x08002bb0   Section        0  systick.o(i.systick_get_tick)
    i.timer_auto_reload_shadow_enable        0x08002bbc   Section        0  gd32e10x_timer.o(i.timer_auto_reload_shadow_enable)
    i.timer_disable                          0x08002bc6   Section        0  gd32e10x_timer.o(i.timer_disable)
    i.timer_enable                           0x08002bd0   Section        0  gd32e10x_timer.o(i.timer_enable)
    i.timer_init                             0x08002bdc   Section        0  gd32e10x_timer.o(i.timer_init)
    i.timer_interrupt_disable                0x08002c80   Section        0  gd32e10x_timer.o(i.timer_interrupt_disable)
    i.timer_interrupt_enable                 0x08002c88   Section        0  gd32e10x_timer.o(i.timer_interrupt_enable)
    i.timer_interrupt_flag_clear             0x08002c90   Section        0  gd32e10x_timer.o(i.timer_interrupt_flag_clear)
    i.timer_interrupt_flag_get               0x08002c96   Section        0  gd32e10x_timer.o(i.timer_interrupt_flag_get)
    i.usart0_dma_send_data                   0x08002cb0   Section        0  uart.o(i.usart0_dma_send_data)
    i.usart0_init                            0x08002d00   Section        0  uart.o(i.usart0_init)
    i.usart0_rx_probe                        0x08002d30   Section        0  uart.o(i.usart0_rx_probe)
    i.usart_baudrate_set                     0x08002d40   Section        0  gd32e10x_usart.o(i.usart_baudrate_set)
    i.usart_deinit                           0x08002dd0   Section        0  gd32e10x_usart.o(i.usart_deinit)
    i.usart_dma_receive_config               0x08002e60   Section        0  gd32e10x_usart.o(i.usart_dma_receive_config)
    i.usart_dma_transmit_config              0x08002e70   Section        0  gd32e10x_usart.o(i.usart_dma_transmit_config)
    i.usart_enable                           0x08002e80   Section        0  gd32e10x_usart.o(i.usart_enable)
    i.usart_interrupt_enable                 0x08002e8a   Section        0  gd32e10x_usart.o(i.usart_interrupt_enable)
    i.usart_interrupt_flag_get               0x08002ea4   Section        0  gd32e10x_usart.o(i.usart_interrupt_flag_get)
    i.usart_receive_config                   0x08002edc   Section        0  gd32e10x_usart.o(i.usart_receive_config)
    i.usart_transmit_config                  0x08002eec   Section        0  gd32e10x_usart.o(i.usart_transmit_config)
    i.usb_basic_init                         0x08002efc   Section        0  drv_usb_core.o(i.usb_basic_init)
    i.usb_clock_active                       0x08002fd6   Section        0  drv_usb_dev.o(i.usb_clock_active)
    i.usb_core_init                          0x08002ff8   Section        0  drv_usb_core.o(i.usb_core_init)
    i.usb_core_reset                         0x08003090   Section        0  drv_usb_core.o(i.usb_core_reset)
    usb_core_reset                           0x08003091   Thumb Code    38  drv_usb_core.o(i.usb_core_reset)
    i.usb_ctlep_startout                     0x080030b8   Section        0  drv_usb_dev.o(i.usb_ctlep_startout)
    i.usb_curmode_set                        0x080030c4   Section        0  drv_usb_core.o(i.usb_curmode_set)
    i.usb_devcore_init                       0x080030f4   Section        0  drv_usb_dev.o(i.usb_devcore_init)
    i.usb_devint_enable                      0x08003244   Section        0  drv_usb_dev.o(i.usb_devint_enable)
    i.usb_iepintr_read                       0x08003284   Section        0  drv_usb_dev.o(i.usb_iepintr_read)
    i.usb_init                               0x080032b0   Section        0  app.o(i.usb_init)
    i.usb_intr_config                        0x080032f0   Section        0  gd32e10x_hw.o(i.usb_intr_config)
    i.usb_mdelay                             0x08003334   Section        0  gd32e10x_hw.o(i.usb_mdelay)
    i.usb_rcu_config                         0x08003344   Section        0  gd32e10x_hw.o(i.usb_rcu_config)
    i.usb_rxfifo_flush                       0x080033cc   Section        0  drv_usb_core.o(i.usb_rxfifo_flush)
    i.usb_rxfifo_read                        0x080033ee   Section        0  drv_usb_core.o(i.usb_rxfifo_read)
    i.usb_send_buffer                        0x0800340c   Section        0  app.o(i.usb_send_buffer)
    i.usb_set_txfifo                         0x08003422   Section        0  drv_usb_core.o(i.usb_set_txfifo)
    i.usb_timer_init                         0x0800346a   Section        0  gd32e10x_hw.o(i.usb_timer_init)
    i.usb_timer_irq                          0x08003488   Section        0  gd32e10x_hw.o(i.usb_timer_irq)
    i.usb_transc_active                      0x080034c0   Section        0  drv_usb_dev.o(i.usb_transc_active)
    i.usb_transc_clrstall                    0x08003558   Section        0  drv_usb_dev.o(i.usb_transc_clrstall)
    i.usb_transc_deactivate                  0x0800359c   Section        0  drv_usb_dev.o(i.usb_transc_deactivate)
    i.usb_transc_inxfer                      0x08003600   Section        0  drv_usb_dev.o(i.usb_transc_inxfer)
    i.usb_transc_outxfer                     0x08003706   Section        0  drv_usb_dev.o(i.usb_transc_outxfer)
    i.usb_transc_stall                       0x08003784   Section        0  drv_usb_dev.o(i.usb_transc_stall)
    i.usb_txfifo_flush                       0x080037c6   Section        0  drv_usb_core.o(i.usb_txfifo_flush)
    i.usb_txfifo_write                       0x080037ee   Section        0  drv_usb_core.o(i.usb_txfifo_write)
    i.usb_udelay                             0x08003810   Section        0  gd32e10x_hw.o(i.usb_udelay)
    i.usbd_class_request                     0x0800381e   Section        0  usbd_enum.o(i.usbd_class_request)
    i.usbd_connect                           0x08003844   Section        0  usbd_core.o(i.usbd_connect)
    i.usbd_ctl_recev                         0x08003860   Section        0  usbd_transc.o(i.usbd_ctl_recev)
    i.usbd_ctl_send                          0x0800388e   Section        0  usbd_transc.o(i.usbd_ctl_send)
    i.usbd_ctl_status_recev                  0x080038bc   Section        0  usbd_transc.o(i.usbd_ctl_status_recev)
    i.usbd_ctl_status_send                   0x080038dc   Section        0  usbd_transc.o(i.usbd_ctl_status_send)
    i.usbd_disconnect                        0x080038fc   Section        0  usbd_core.o(i.usbd_disconnect)
    i.usbd_emptytxfifo_write                 0x08003918   Section        0  drv_usbd_int.o(i.usbd_emptytxfifo_write)
    usbd_emptytxfifo_write                   0x08003919   Thumb Code   140  drv_usbd_int.o(i.usbd_emptytxfifo_write)
    i.usbd_enum_error                        0x080039a4   Section        0  usbd_enum.o(i.usbd_enum_error)
    i.usbd_ep_clear                          0x080039c2   Section        0  usbd_core.o(i.usbd_ep_clear)
    i.usbd_ep_recev                          0x080039f6   Section        0  usbd_core.o(i.usbd_ep_recev)
    i.usbd_ep_send                           0x08003a2a   Section        0  usbd_core.o(i.usbd_ep_send)
    i.usbd_ep_setup                          0x08003a60   Section        0  usbd_core.o(i.usbd_ep_setup)
    i.usbd_ep_stall                          0x08003ad0   Section        0  usbd_core.o(i.usbd_ep_stall)
    i.usbd_ep_stall_clear                    0x08003b0a   Section        0  usbd_core.o(i.usbd_ep_stall_clear)
    i.usbd_in_transc                         0x08003b44   Section        0  usbd_transc.o(i.usbd_in_transc)
    i.usbd_init                              0x08003bd6   Section        0  usbd_core.o(i.usbd_init)
    i.usbd_int_enumfinish                    0x08003c54   Section        0  drv_usbd_int.o(i.usbd_int_enumfinish)
    usbd_int_enumfinish                      0x08003c55   Thumb Code    98  drv_usbd_int.o(i.usbd_int_enumfinish)
    i.usbd_int_epin                          0x08003cbc   Section        0  drv_usbd_int.o(i.usbd_int_epin)
    usbd_int_epin                            0x08003cbd   Thumb Code   116  drv_usbd_int.o(i.usbd_int_epin)
    i.usbd_int_epout                         0x08003d30   Section        0  drv_usbd_int.o(i.usbd_int_epout)
    usbd_int_epout                           0x08003d31   Thumb Code   126  drv_usbd_int.o(i.usbd_int_epout)
    i.usbd_int_reset                         0x08003db0   Section        0  drv_usbd_int.o(i.usbd_int_reset)
    usbd_int_reset                           0x08003db1   Thumb Code   208  drv_usbd_int.o(i.usbd_int_reset)
    i.usbd_int_rxfifo                        0x08003e88   Section        0  drv_usbd_int.o(i.usbd_int_rxfifo)
    usbd_int_rxfifo                          0x08003e89   Thumb Code   178  drv_usbd_int.o(i.usbd_int_rxfifo)
    i.usbd_int_suspend                       0x08003f3a   Section        0  drv_usbd_int.o(i.usbd_int_suspend)
    usbd_int_suspend                         0x08003f3b   Thumb Code   102  drv_usbd_int.o(i.usbd_int_suspend)
    i.usbd_isr                               0x08003fa0   Section        0  drv_usbd_int.o(i.usbd_isr)
    i.usbd_out_transc                        0x0800407e   Section        0  usbd_transc.o(i.usbd_out_transc)
    i.usbd_setup_transc                      0x080040f4   Section        0  usbd_transc.o(i.usbd_setup_transc)
    i.usbd_standard_request                  0x08004178   Section        0  usbd_enum.o(i.usbd_standard_request)
    i.usbd_vendor_request                    0x08004194   Section        0  usbd_enum.o(i.usbd_vendor_request)
    .constdata                               0x0800419c   Section      192  gd32e10x_can.o(.constdata)
    timing_pts                               0x080041a4   Data         184  gd32e10x_can.o(.constdata)
    .constdata                               0x0800425c   Section        4  drv_usb_dev.o(.constdata)
    EP0_MAXLEN                               0x0800425c   Data           4  drv_usb_dev.o(.constdata)
    .constdata                               0x08004260   Section       52  drv_usbd_int.o(.constdata)
    USB_SPEED                                0x08004260   Data           4  drv_usbd_int.o(.constdata)
    <Data1>                                  0x08004264   Data          24  drv_usbd_int.o(.constdata)
    <Data2>                                  0x0800427c   Data          24  drv_usbd_int.o(.constdata)
    .constdata                               0x08004294   Section       16  usbd_core.o(.constdata)
    .constdata                               0x080042a4   Section      375  cdc_acm_core.o(.constdata)
    usbd_language_id_desc                    0x080042f9   Data           4  cdc_acm_core.o(.constdata)
    manufacturer_string                      0x080042fd   Data         130  cdc_acm_core.o(.constdata)
    product_string                           0x0800437f   Data         130  cdc_acm_core.o(.constdata)
    .data                                    0x20000000   Section       17  main.o(.data)
    led_flag_red                             0x20000010   Data           1  main.o(.data)
    .data                                    0x20000014   Section        4  systick.o(.data)
    delay                                    0x20000014   Data           4  systick.o(.data)
    .data                                    0x20000018   Section        4  system_gd32e10x.o(.data)
    .data                                    0x2000001c   Section       36  uart.o(.data)
    COM_CLK                                  0x2000001e   Data           4  uart.o(.data)
    COM_TX_PIN                               0x20000024   Data           8  uart.o(.data)
    COM_RX_PIN                               0x2000002c   Data           8  uart.o(.data)
    COM_GPIO_PORT                            0x20000034   Data           8  uart.o(.data)
    COM_GPIO_CLK                             0x2000003c   Data           4  uart.o(.data)
    .data                                    0x20000040   Section       44  manipulator.o(.data)
    moto_frame_mani                          0x20000044   Data           8  manipulator.o(.data)
    moto_frame_mani                          0x2000004c   Data           8  manipulator.o(.data)
    moto_frame_mani                          0x20000054   Data           8  manipulator.o(.data)
    moto_frame_mani                          0x2000005c   Data           8  manipulator.o(.data)
    moto_frame_mani                          0x20000064   Data           8  manipulator.o(.data)
    .data                                    0x2000006c   Section        4  app.o(.data)
    .data                                    0x20000070   Section       12  gd32e10x_hw.o(.data)
    .data                                    0x2000007c   Section        8  drv_usb_dev.o(.data)
    USBFS_TX_FIFO_SIZE                       0x2000007c   Data           8  drv_usb_dev.o(.data)
    .data                                    0x20000084   Section      196  cdc_acm_core.o(.data)
    serial_string                            0x20000084   Data         130  cdc_acm_core.o(.data)
    .data                                    0x20000148   Section       67  usbd_enum.o(.data)
    _std_dev_req                             0x20000148   Data          52  usbd_enum.o(.data)
    std_desc_get                             0x2000017c   Data          12  usbd_enum.o(.data)
    status                                   0x20000188   Data           2  usbd_enum.o(.data)
    config                                   0x2000018a   Data           1  usbd_enum.o(.data)
    .data                                    0x2000018c   Section        4  mvars.o(.data)
    .data                                    0x20000190   Section        4  mvars.o(.data)
    .bss                                     0x20000194   Section      504  main.o(.bss)
    .bss                                     0x2000038c   Section       16  gd32e10x_pmu.o(.bss)
    reg_snap                                 0x2000038c   Data          16  gd32e10x_pmu.o(.bss)
    .bss                                     0x2000039c   Section      192  adc.o(.bss)
    .bss                                     0x2000045c   Section     2336  uart.o(.bss)
    .bss                                     0x20000d7c   Section       88  cdc_acm_core.o(.bss)
    cdc_handler                              0x20000d7c   Data          88  cdc_acm_core.o(.bss)
    HEAP                                     0x20000dd8   Section     1024  startup_gd32e10x.o(HEAP)
    STACK                                    0x200011d8   Section     1024  startup_gd32e10x.o(STACK)

    Global Symbols

    Symbol Name                              Value     Ov Type        Size  Object(Section)

    BuildAttributes$$THM_ISAv4$E$P$D$K$B$S$7EM$VFPi3$EXTD16$VFPS$VFMA$PE$A:L22UL41UL21$X:L11$S22US41US21$IEEE1$IW$USESV6$~STKCKD$USESV7$~SHL$OSPACE$EBA8$MICROLIB$REQ8$PRES8$EABIv2 0x00000000   Number         0  anon$$obj.o ABSOLUTE
    __ARM_use_no_argv                        0x00000000   Number         0  main.o ABSOLUTE
    __arm_fini_                               - Undefined Weak Reference
    __cpp_initialize__aeabi_                  - Undefined Weak Reference
    __cxa_finalize                            - Undefined Weak Reference
    _clock_init                               - Undefined Weak Reference
    _microlib_exit                            - Undefined Weak Reference
    __Vectors_Size                           0x00000150   Number         0  startup_gd32e10x.o ABSOLUTE
    __Vectors                                0x08000000   Data           4  startup_gd32e10x.o(RESET)
    __Vectors_End                            0x08000150   Data           0  startup_gd32e10x.o(RESET)
    __main                                   0x08000151   Thumb Code     0  entry.o(.ARM.Collect$$$$00000000)
    _main_stk                                0x08000151   Thumb Code     0  entry2.o(.ARM.Collect$$$$00000001)
    _main_scatterload                        0x08000155   Thumb Code     0  entry5.o(.ARM.Collect$$$$00000004)
    __main_after_scatterload                 0x08000159   Thumb Code     0  entry5.o(.ARM.Collect$$$$00000004)
    _main_clock                              0x08000159   Thumb Code     0  entry7b.o(.ARM.Collect$$$$00000008)
    _main_cpp_init                           0x08000159   Thumb Code     0  entry8b.o(.ARM.Collect$$$$0000000A)
    _main_init                               0x08000159   Thumb Code     0  entry9a.o(.ARM.Collect$$$$0000000B)
    __rt_lib_shutdown_fini                   0x08000161   Thumb Code     0  entry12b.o(.ARM.Collect$$$$0000000E)
    __rt_final_cpp                           0x08000165   Thumb Code     0  entry10a.o(.ARM.Collect$$$$0000000F)
    __rt_final_exit                          0x08000165   Thumb Code     0  entry11a.o(.ARM.Collect$$$$00000011)
    Reset_Handler                            0x08000169   Thumb Code     8  startup_gd32e10x.o(.text)
    ADC0_1_IRQHandler                        0x08000183   Thumb Code     0  startup_gd32e10x.o(.text)
    CAN0_EWMC_IRQHandler                     0x08000183   Thumb Code     0  startup_gd32e10x.o(.text)
    CAN0_RX1_IRQHandler                      0x08000183   Thumb Code     0  startup_gd32e10x.o(.text)
    CAN0_TX_IRQHandler                       0x08000183   Thumb Code     0  startup_gd32e10x.o(.text)
    CAN1_EWMC_IRQHandler                     0x08000183   Thumb Code     0  startup_gd32e10x.o(.text)
    CAN1_RX0_IRQHandler                      0x08000183   Thumb Code     0  startup_gd32e10x.o(.text)
    CAN1_RX1_IRQHandler                      0x08000183   Thumb Code     0  startup_gd32e10x.o(.text)
    CAN1_TX_IRQHandler                       0x08000183   Thumb Code     0  startup_gd32e10x.o(.text)
    DMA0_Channel1_IRQHandler                 0x08000183   Thumb Code     0  startup_gd32e10x.o(.text)
    DMA0_Channel2_IRQHandler                 0x08000183   Thumb Code     0  startup_gd32e10x.o(.text)
    DMA0_Channel5_IRQHandler                 0x08000183   Thumb Code     0  startup_gd32e10x.o(.text)
    DMA1_Channel0_IRQHandler                 0x08000183   Thumb Code     0  startup_gd32e10x.o(.text)
    DMA1_Channel1_IRQHandler                 0x08000183   Thumb Code     0  startup_gd32e10x.o(.text)
    DMA1_Channel2_IRQHandler                 0x08000183   Thumb Code     0  startup_gd32e10x.o(.text)
    DMA1_Channel3_IRQHandler                 0x08000183   Thumb Code     0  startup_gd32e10x.o(.text)
    DMA1_Channel4_IRQHandler                 0x08000183   Thumb Code     0  startup_gd32e10x.o(.text)
    EXMC_IRQHandler                          0x08000183   Thumb Code     0  startup_gd32e10x.o(.text)
    EXTI0_IRQHandler                         0x08000183   Thumb Code     0  startup_gd32e10x.o(.text)
    EXTI10_15_IRQHandler                     0x08000183   Thumb Code     0  startup_gd32e10x.o(.text)
    EXTI1_IRQHandler                         0x08000183   Thumb Code     0  startup_gd32e10x.o(.text)
    EXTI2_IRQHandler                         0x08000183   Thumb Code     0  startup_gd32e10x.o(.text)
    EXTI3_IRQHandler                         0x08000183   Thumb Code     0  startup_gd32e10x.o(.text)
    EXTI4_IRQHandler                         0x08000183   Thumb Code     0  startup_gd32e10x.o(.text)
    EXTI5_9_IRQHandler                       0x08000183   Thumb Code     0  startup_gd32e10x.o(.text)
    FMC_IRQHandler                           0x08000183   Thumb Code     0  startup_gd32e10x.o(.text)
    I2C0_ER_IRQHandler                       0x08000183   Thumb Code     0  startup_gd32e10x.o(.text)
    I2C0_EV_IRQHandler                       0x08000183   Thumb Code     0  startup_gd32e10x.o(.text)
    I2C1_ER_IRQHandler                       0x08000183   Thumb Code     0  startup_gd32e10x.o(.text)
    I2C1_EV_IRQHandler                       0x08000183   Thumb Code     0  startup_gd32e10x.o(.text)
    LVD_IRQHandler                           0x08000183   Thumb Code     0  startup_gd32e10x.o(.text)
    RCU_CTC_IRQHandler                       0x08000183   Thumb Code     0  startup_gd32e10x.o(.text)
    RTC_Alarm_IRQHandler                     0x08000183   Thumb Code     0  startup_gd32e10x.o(.text)
    RTC_IRQHandler                           0x08000183   Thumb Code     0  startup_gd32e10x.o(.text)
    SPI0_IRQHandler                          0x08000183   Thumb Code     0  startup_gd32e10x.o(.text)
    SPI1_IRQHandler                          0x08000183   Thumb Code     0  startup_gd32e10x.o(.text)
    SPI2_IRQHandler                          0x08000183   Thumb Code     0  startup_gd32e10x.o(.text)
    TAMPER_IRQHandler                        0x08000183   Thumb Code     0  startup_gd32e10x.o(.text)
    TIMER0_BRK_TIMER8_IRQHandler             0x08000183   Thumb Code     0  startup_gd32e10x.o(.text)
    TIMER0_Channel_IRQHandler                0x08000183   Thumb Code     0  startup_gd32e10x.o(.text)
    TIMER0_TRG_CMT_TIMER10_IRQHandler        0x08000183   Thumb Code     0  startup_gd32e10x.o(.text)
    TIMER0_UP_TIMER9_IRQHandler              0x08000183   Thumb Code     0  startup_gd32e10x.o(.text)
    TIMER1_IRQHandler                        0x08000183   Thumb Code     0  startup_gd32e10x.o(.text)
    TIMER4_IRQHandler                        0x08000183   Thumb Code     0  startup_gd32e10x.o(.text)
    TIMER5_IRQHandler                        0x08000183   Thumb Code     0  startup_gd32e10x.o(.text)
    TIMER6_IRQHandler                        0x08000183   Thumb Code     0  startup_gd32e10x.o(.text)
    TIMER7_BRK_TIMER11_IRQHandler            0x08000183   Thumb Code     0  startup_gd32e10x.o(.text)
    TIMER7_Channel_IRQHandler                0x08000183   Thumb Code     0  startup_gd32e10x.o(.text)
    TIMER7_TRG_CMT_TIMER13_IRQHandler        0x08000183   Thumb Code     0  startup_gd32e10x.o(.text)
    TIMER7_UP_TIMER12_IRQHandler             0x08000183   Thumb Code     0  startup_gd32e10x.o(.text)
    UART3_IRQHandler                         0x08000183   Thumb Code     0  startup_gd32e10x.o(.text)
    UART4_IRQHandler                         0x08000183   Thumb Code     0  startup_gd32e10x.o(.text)
    USART2_IRQHandler                        0x08000183   Thumb Code     0  startup_gd32e10x.o(.text)
    WWDGT_IRQHandler                         0x08000183   Thumb Code     0  startup_gd32e10x.o(.text)
    __aeabi_uldivmod                         0x0800018d   Thumb Code    98  uldiv.o(.text)
    __aeabi_memcpy                           0x080001ef   Thumb Code    36  memcpya.o(.text)
    __aeabi_memcpy4                          0x080001ef   Thumb Code     0  memcpya.o(.text)
    __aeabi_memcpy8                          0x080001ef   Thumb Code     0  memcpya.o(.text)
    __aeabi_memset                           0x08000213   Thumb Code    14  memseta.o(.text)
    __aeabi_memset4                          0x08000213   Thumb Code     0  memseta.o(.text)
    __aeabi_memset8                          0x08000213   Thumb Code     0  memseta.o(.text)
    __aeabi_memclr                           0x08000221   Thumb Code     4  memseta.o(.text)
    __aeabi_memclr4                          0x08000221   Thumb Code     0  memseta.o(.text)
    __aeabi_memclr8                          0x08000221   Thumb Code     0  memseta.o(.text)
    _memset$wrapper                          0x08000225   Thumb Code    18  memseta.o(.text)
    calloc                                   0x08000237   Thumb Code    28  calloc.o(.text)
    __aeabi_llsl                             0x08000253   Thumb Code    30  llshl.o(.text)
    _ll_shift_l                              0x08000253   Thumb Code     0  llshl.o(.text)
    __aeabi_llsr                             0x08000271   Thumb Code    32  llushr.o(.text)
    _ll_ushift_r                             0x08000271   Thumb Code     0  llushr.o(.text)
    __scatterload                            0x08000291   Thumb Code    28  init.o(.text)
    __scatterload_rt2                        0x08000291   Thumb Code     0  init.o(.text)
    __decompress                             0x080002b5   Thumb Code     0  __dczerorl2.o(.text)
    __decompress1                            0x080002b5   Thumb Code    86  __dczerorl2.o(.text)
    BusFault_Handler                         0x0800030b   Thumb Code     4  gd32e10x_it.o(i.BusFault_Handler)
    CAN0_RX0_IRQHandler                      0x08000311   Thumb Code    30  main.o(i.CAN0_RX0_IRQHandler)
    CalChecksum                              0x08000339   Thumb Code    26  main.o(i.CalChecksum)
    CircBuf_GetUsedSize                      0x08000353   Thumb Code    10  circular_buffer.o(i.CircBuf_GetUsedSize)
    CircBuf_Init                             0x0800035d   Thumb Code    60  circular_buffer.o(i.CircBuf_Init)
    CircBuf_IsEmpty                          0x08000399   Thumb Code    22  circular_buffer.o(i.CircBuf_IsEmpty)
    CircBuf_Pop                              0x080003af   Thumb Code   108  circular_buffer.o(i.CircBuf_Pop)
    CircBuf_Push                             0x0800041b   Thumb Code   116  circular_buffer.o(i.CircBuf_Push)
    DMA0_Channel0_IRQHandler                 0x08000491   Thumb Code    32  adc.o(i.DMA0_Channel0_IRQHandler)
    DMA0_Channel3_IRQHandler                 0x080004b5   Thumb Code    32  uart.o(i.DMA0_Channel3_IRQHandler)
    DMA0_Channel4_IRQHandler                 0x080004dd   Thumb Code    26  uart.o(i.DMA0_Channel4_IRQHandler)
    DMA0_Channel6_IRQHandler                 0x080004fd   Thumb Code    32  uart.o(i.DMA0_Channel6_IRQHandler)
    DebugMon_Handler                         0x08000525   Thumb Code     2  gd32e10x_it.o(i.DebugMon_Handler)
    GetAdcValue                              0x08000527   Thumb Code    24  adc.o(i.GetAdcValue)
    HardFault_Handler                        0x0800053f   Thumb Code     4  gd32e10x_it.o(i.HardFault_Handler)
    IsPowerOf2                               0x08000543   Thumb Code    48  circular_buffer.o(i.IsPowerOf2)
    MemManage_Handler                        0x08000573   Thumb Code     4  gd32e10x_it.o(i.MemManage_Handler)
    NMI_Handler                              0x08000577   Thumb Code     2  gd32e10x_it.o(i.NMI_Handler)
    PendSV_Handler                           0x080005a1   Thumb Code     2  gd32e10x_it.o(i.PendSV_Handler)
    RoundDown_PowerOf2                       0x080005a3   Thumb Code    56  circular_buffer.o(i.RoundDown_PowerOf2)
    SVC_Handler                              0x080005db   Thumb Code     2  gd32e10x_it.o(i.SVC_Handler)
    SysTick_Handler                          0x080005dd   Thumb Code     8  gd32e10x_it.o(i.SysTick_Handler)
    SystemInit                               0x080005e5   Thumb Code    76  system_gd32e10x.o(i.SystemInit)
    TIMER2_IRQHandler                        0x0800063d   Thumb Code     8  gd32e10x_it.o(i.TIMER2_IRQHandler)
    TIMER2_IRQHandler_lib                    0x08000645   Thumb Code     8  gd32e10x_it.o(i.TIMER2_IRQHandler_lib)
    TIMER3_IRQHandler                        0x0800064d   Thumb Code    24  main.o(i.TIMER3_IRQHandler)
    USART0_GetDataCount                      0x08000669   Thumb Code    10  uart.o(i.USART0_GetDataCount)
    USART0_IRQHandler                        0x08000679   Thumb Code    82  uart.o(i.USART0_IRQHandler)
    USART0_Recv                              0x080006e1   Thumb Code    26  uart.o(i.USART0_Recv)
    USART1_IRQHandler                        0x08000701   Thumb Code    82  uart.o(i.USART1_IRQHandler)
    USBFS_IRQHandler                         0x08000769   Thumb Code     8  gd32e10x_it.o(i.USBFS_IRQHandler)
    USBFS_IRQHandler_lib                     0x08000771   Thumb Code    12  gd32e10x_it.o(i.USBFS_IRQHandler_lib)
    USBFS_WKUP_IRQHandler                    0x08000781   Thumb Code     8  gd32e10x_it.o(i.USBFS_WKUP_IRQHandler)
    USBFS_WKUP_IRQHandler_lib                0x08000789   Thumb Code    48  gd32e10x_it.o(i.USBFS_WKUP_IRQHandler_lib)
    UsageFault_Handler                       0x080007c1   Thumb Code     4  gd32e10x_it.o(i.UsageFault_Handler)
    __scatterload_copy                       0x080007c5   Thumb Code    14  handlers.o(i.__scatterload_copy)
    __scatterload_null                       0x080007d3   Thumb Code     2  handlers.o(i.__scatterload_null)
    __scatterload_zeroinit                   0x080007d5   Thumb Code    14  handlers.o(i.__scatterload_zeroinit)
    adc_calibration_enable                   0x08000cd5   Thumb Code    42  gd32e10x_adc.o(i.adc_calibration_enable)
    adc_channel_length_config                0x08000cff   Thumb Code    70  gd32e10x_adc.o(i.adc_channel_length_config)
    adc_config                               0x08000d45   Thumb Code   204  adc.o(i.adc_config)
    adc_data_alignment_config                0x08000e15   Thumb Code    22  gd32e10x_adc.o(i.adc_data_alignment_config)
    adc_deinit                               0x08000e2d   Thumb Code    60  gd32e10x_adc.o(i.adc_deinit)
    adc_dma_mode_enable                      0x08000e6d   Thumb Code    10  gd32e10x_adc.o(i.adc_dma_mode_enable)
    adc_enable                               0x08000e77   Thumb Code    18  gd32e10x_adc.o(i.adc_enable)
    adc_external_trigger_config              0x08000e89   Thumb Code    62  gd32e10x_adc.o(i.adc_external_trigger_config)
    adc_external_trigger_source_config       0x08000ec7   Thumb Code    48  gd32e10x_adc.o(i.adc_external_trigger_source_config)
    adc_init                                 0x08000ef7   Thumb Code    24  adc.o(i.adc_init)
    adc_mode_config                          0x08000f11   Thumb Code    22  gd32e10x_adc.o(i.adc_mode_config)
    adc_regular_channel_config               0x08000f2d   Thumb Code   172  gd32e10x_adc.o(i.adc_regular_channel_config)
    adc_software_trigger_enable              0x08000fd9   Thumb Code    30  gd32e10x_adc.o(i.adc_software_trigger_enable)
    adc_special_function_config              0x08000ff7   Thumb Code    90  gd32e10x_adc.o(i.adc_special_function_config)
    adc_value_read                           0x08001051   Thumb Code    60  74hc4051bq.o(i.adc_value_read)
    buzzer_run                               0x0800108d   Thumb Code    48  led.o(i.buzzer_run)
    buzzer_run_long                          0x080010c1   Thumb Code    52  led.o(i.buzzer_run_long)
    calculateModbusCRC                       0x080010f9   Thumb Code    56  main.o(i.calculateModbusCRC)
    can_message_receive                      0x08001131   Thumb Code   448  gd32e10x_can.o(i.can_message_receive)
    delay_1ms                                0x080014e1   Thumb Code    16  systick.o(i.delay_1ms)
    delay_decrement                          0x080014f5   Thumb Code    36  systick.o(i.delay_decrement)
    dma0_ch3_usart0_tx_init                  0x08001521   Thumb Code   114  uart.o(i.dma0_ch3_usart0_tx_init)
    dma0_ch4_usart0_rx_init                  0x080015a1   Thumb Code   112  uart.o(i.dma0_ch4_usart0_rx_init)
    dma_channel_disable                      0x0800161d   Thumb Code    50  gd32e10x_dma.o(i.dma_channel_disable)
    dma_channel_enable                       0x0800164f   Thumb Code    50  gd32e10x_dma.o(i.dma_channel_enable)
    dma_circulation_disable                  0x08001681   Thumb Code    50  gd32e10x_dma.o(i.dma_circulation_disable)
    dma_circulation_enable                   0x080016b3   Thumb Code    50  gd32e10x_dma.o(i.dma_circulation_enable)
    dma_config                               0x080016e5   Thumb Code    86  adc.o(i.dma_config)
    dma_deinit                               0x08001749   Thumb Code   112  gd32e10x_dma.o(i.dma_deinit)
    dma_init                                 0x080017b9   Thumb Code   302  gd32e10x_dma.o(i.dma_init)
    dma_interrupt_enable                     0x080018e7   Thumb Code    50  gd32e10x_dma.o(i.dma_interrupt_enable)
    dma_interrupt_flag_clear                 0x08001919   Thumb Code    16  gd32e10x_dma.o(i.dma_interrupt_flag_clear)
    dma_interrupt_flag_get                   0x08001929   Thumb Code   130  gd32e10x_dma.o(i.dma_interrupt_flag_get)
    dma_memory_address_config                0x080019ab   Thumb Code    36  gd32e10x_dma.o(i.dma_memory_address_config)
    dma_memory_to_memory_disable             0x080019cf   Thumb Code    50  gd32e10x_dma.o(i.dma_memory_to_memory_disable)
    dma_struct_para_init                     0x08001a19   Thumb Code    28  gd32e10x_dma.o(i.dma_struct_para_init)
    dma_transfer_number_config               0x08001a35   Thumb Code    38  gd32e10x_dma.o(i.dma_transfer_number_config)
    dma_transfer_number_get                  0x08001a5b   Thumb Code    34  gd32e10x_dma.o(i.dma_transfer_number_get)
    exti_init                                0x08001a7d   Thumb Code   178  gd32e10x_exti.o(i.exti_init)
    exti_interrupt_enable                    0x08001b35   Thumb Code    12  gd32e10x_exti.o(i.exti_interrupt_enable)
    exti_interrupt_flag_clear                0x08001b45   Thumb Code     6  gd32e10x_exti.o(i.exti_interrupt_flag_clear)
    gd_eval_com_init                         0x08001b51   Thumb Code   132  uart.o(i.gd_eval_com_init)
    gpio_bit_reset                           0x08001bf1   Thumb Code     4  gd32e10x_gpio.o(i.gpio_bit_reset)
    gpio_bit_set                             0x08001bf5   Thumb Code     4  gd32e10x_gpio.o(i.gpio_bit_set)
    gpio_config                              0x08001bf9   Thumb Code   100  adc.o(i.gpio_config)
    gpio_init                                0x08001c61   Thumb Code   188  gd32e10x_gpio.o(i.gpio_init)
    gpio_pin_remap_config                    0x08001d1d   Thumb Code   138  gd32e10x_gpio.o(i.gpio_pin_remap_config)
    int_to_unicode                           0x08001e49   Thumb Code    60  usbd_enum.o(i.int_to_unicode)
    led_init                                 0x08001e85   Thumb Code    86  led.o(i.led_init)
    main                                     0x08001ee9   Thumb Code   484  main.o(i.main)
    malloc                                   0x080020ed   Thumb Code    92  malloc.o(i.malloc)
    manipulator_get_init_states              0x08002159   Thumb Code   122  manipulator.o(i.manipulator_get_init_states)
    manipulator_init                         0x080021d9   Thumb Code    56  manipulator.o(i.manipulator_init)
    manipulator_moment_ctrl                  0x08002215   Thumb Code    58  manipulator.o(i.manipulator_moment_ctrl)
    manipulator_pos_ctrl                     0x08002255   Thumb Code    94  manipulator.o(i.manipulator_pos_ctrl)
    manipulator_pos_spd_ctrl                 0x080022b9   Thumb Code    58  manipulator.o(i.manipulator_pos_spd_ctrl)
    manipulator_spd_ctrl                     0x080022f9   Thumb Code   132  manipulator.o(i.manipulator_spd_ctrl)
    nvic_config                              0x08002385   Thumb Code    80  uart.o(i.nvic_config)
    nvic_irq_enable                          0x080023dd   Thumb Code   162  gd32e10x_misc.o(i.nvic_irq_enable)
    nvic_priority_group_set                  0x08002489   Thumb Code    10  gd32e10x_misc.o(i.nvic_priority_group_set)
    nvic_vector_table_set                    0x0800249d   Thumb Code    12  gd32e10x_misc.o(i.nvic_vector_table_set)
    pid_init                                 0x080025f9   Thumb Code    14  pid.o(i.pid_init)
    pmu_to_deepsleepmode                     0x08002681   Thumb Code   170  gd32e10x_pmu.o(i.pmu_to_deepsleepmode)
    rcu_adc_clock_config                     0x08002745   Thumb Code    98  gd32e10x_rcu.o(i.rcu_adc_clock_config)
    rcu_clock_freq_get                       0x080027b1   Thumb Code   352  gd32e10x_rcu.o(i.rcu_clock_freq_get)
    rcu_config                               0x08002935   Thumb Code    42  adc.o(i.rcu_config)
    rcu_periph_clock_enable                  0x08002961   Thumb Code    28  gd32e10x_rcu.o(i.rcu_periph_clock_enable)
    rcu_periph_reset_disable                 0x08002981   Thumb Code    28  gd32e10x_rcu.o(i.rcu_periph_reset_disable)
    rcu_periph_reset_enable                  0x080029a1   Thumb Code    28  gd32e10x_rcu.o(i.rcu_periph_reset_enable)
    rcu_usb_clock_config                     0x080029c1   Thumb Code    18  gd32e10x_rcu.o(i.rcu_usb_clock_config)
    read_adc_value                           0x080029d9   Thumb Code    38  adc.o(i.read_adc_value)
    serial_string_get                        0x08002a05   Thumb Code    66  usbd_enum.o(i.serial_string_get)
    swapEndian16                             0x08002a51   Thumb Code    12  main.o(i.swapEndian16)
    systick_config                           0x08002b61   Thumb Code    74  systick.o(i.systick_config)
    systick_get_tick                         0x08002bb1   Thumb Code     6  systick.o(i.systick_get_tick)
    timer_auto_reload_shadow_enable          0x08002bbd   Thumb Code    10  gd32e10x_timer.o(i.timer_auto_reload_shadow_enable)
    timer_disable                            0x08002bc7   Thumb Code    10  gd32e10x_timer.o(i.timer_disable)
    timer_enable                             0x08002bd1   Thumb Code    10  gd32e10x_timer.o(i.timer_enable)
    timer_init                               0x08002bdd   Thumb Code   134  gd32e10x_timer.o(i.timer_init)
    timer_interrupt_disable                  0x08002c81   Thumb Code     8  gd32e10x_timer.o(i.timer_interrupt_disable)
    timer_interrupt_enable                   0x08002c89   Thumb Code     8  gd32e10x_timer.o(i.timer_interrupt_enable)
    timer_interrupt_flag_clear               0x08002c91   Thumb Code     6  gd32e10x_timer.o(i.timer_interrupt_flag_clear)
    timer_interrupt_flag_get                 0x08002c97   Thumb Code    24  gd32e10x_timer.o(i.timer_interrupt_flag_get)
    usart0_dma_send_data                     0x08002cb1   Thumb Code    68  uart.o(i.usart0_dma_send_data)
    usart0_init                              0x08002d01   Thumb Code    36  uart.o(i.usart0_init)
    usart0_rx_probe                          0x08002d31   Thumb Code    10  uart.o(i.usart0_rx_probe)
    usart_baudrate_set                       0x08002d41   Thumb Code   136  gd32e10x_usart.o(i.usart_baudrate_set)
    usart_deinit                             0x08002dd1   Thumb Code   136  gd32e10x_usart.o(i.usart_deinit)
    usart_dma_receive_config                 0x08002e61   Thumb Code    16  gd32e10x_usart.o(i.usart_dma_receive_config)
    usart_dma_transmit_config                0x08002e71   Thumb Code    16  gd32e10x_usart.o(i.usart_dma_transmit_config)
    usart_enable                             0x08002e81   Thumb Code    10  gd32e10x_usart.o(i.usart_enable)
    usart_interrupt_enable                   0x08002e8b   Thumb Code    26  gd32e10x_usart.o(i.usart_interrupt_enable)
    usart_interrupt_flag_get                 0x08002ea5   Thumb Code    56  gd32e10x_usart.o(i.usart_interrupt_flag_get)
    usart_receive_config                     0x08002edd   Thumb Code    16  gd32e10x_usart.o(i.usart_receive_config)
    usart_transmit_config                    0x08002eed   Thumb Code    16  gd32e10x_usart.o(i.usart_transmit_config)
    usb_basic_init                           0x08002efd   Thumb Code   218  drv_usb_core.o(i.usb_basic_init)
    usb_clock_active                         0x08002fd7   Thumb Code    32  drv_usb_dev.o(i.usb_clock_active)
    usb_core_init                            0x08002ff9   Thumb Code   146  drv_usb_core.o(i.usb_core_init)
    usb_ctlep_startout                       0x080030b9   Thumb Code     8  drv_usb_dev.o(i.usb_ctlep_startout)
    usb_curmode_set                          0x080030c5   Thumb Code    46  drv_usb_core.o(i.usb_curmode_set)
    usb_devcore_init                         0x080030f5   Thumb Code   330  drv_usb_dev.o(i.usb_devcore_init)
    usb_devint_enable                        0x08003245   Thumb Code    56  drv_usb_dev.o(i.usb_devint_enable)
    usb_iepintr_read                         0x08003285   Thumb Code    42  drv_usb_dev.o(i.usb_iepintr_read)
    usb_init                                 0x080032b1   Thumb Code    50  app.o(i.usb_init)
    usb_intr_config                          0x080032f1   Thumb Code    68  gd32e10x_hw.o(i.usb_intr_config)
    usb_mdelay                               0x08003335   Thumb Code    14  gd32e10x_hw.o(i.usb_mdelay)
    usb_rcu_config                           0x08003345   Thumb Code   112  gd32e10x_hw.o(i.usb_rcu_config)
    usb_rxfifo_flush                         0x080033cd   Thumb Code    34  drv_usb_core.o(i.usb_rxfifo_flush)
    usb_rxfifo_read                          0x080033ef   Thumb Code    30  drv_usb_core.o(i.usb_rxfifo_read)
    usb_send_buffer                          0x0800340d   Thumb Code    22  app.o(i.usb_send_buffer)
    usb_set_txfifo                           0x08003423   Thumb Code    72  drv_usb_core.o(i.usb_set_txfifo)
    usb_timer_init                           0x0800346b   Thumb Code    30  gd32e10x_hw.o(i.usb_timer_init)
    usb_timer_irq                            0x08003489   Thumb Code    46  gd32e10x_hw.o(i.usb_timer_irq)
    usb_transc_active                        0x080034c1   Thumb Code   142  drv_usb_dev.o(i.usb_transc_active)
    usb_transc_clrstall                      0x08003559   Thumb Code    68  drv_usb_dev.o(i.usb_transc_clrstall)
    usb_transc_deactivate                    0x0800359d   Thumb Code   100  drv_usb_dev.o(i.usb_transc_deactivate)
    usb_transc_inxfer                        0x08003601   Thumb Code   262  drv_usb_dev.o(i.usb_transc_inxfer)
    usb_transc_outxfer                       0x08003707   Thumb Code   126  drv_usb_dev.o(i.usb_transc_outxfer)
    usb_transc_stall                         0x08003785   Thumb Code    66  drv_usb_dev.o(i.usb_transc_stall)
    usb_txfifo_flush                         0x080037c7   Thumb Code    40  drv_usb_core.o(i.usb_txfifo_flush)
    usb_txfifo_write                         0x080037ef   Thumb Code    34  drv_usb_core.o(i.usb_txfifo_write)
    usb_udelay                               0x08003811   Thumb Code    14  gd32e10x_hw.o(i.usb_udelay)
    usbd_class_request                       0x0800381f   Thumb Code    38  usbd_enum.o(i.usbd_class_request)
    usbd_connect                             0x08003845   Thumb Code    28  usbd_core.o(i.usbd_connect)
    usbd_ctl_recev                           0x08003861   Thumb Code    46  usbd_transc.o(i.usbd_ctl_recev)
    usbd_ctl_send                            0x0800388f   Thumb Code    46  usbd_transc.o(i.usbd_ctl_send)
    usbd_ctl_status_recev                    0x080038bd   Thumb Code    32  usbd_transc.o(i.usbd_ctl_status_recev)
    usbd_ctl_status_send                     0x080038dd   Thumb Code    32  usbd_transc.o(i.usbd_ctl_status_send)
    usbd_disconnect                          0x080038fd   Thumb Code    28  usbd_core.o(i.usbd_disconnect)
    usbd_enum_error                          0x080039a5   Thumb Code    30  usbd_enum.o(i.usbd_enum_error)
    usbd_ep_clear                            0x080039c3   Thumb Code    52  usbd_core.o(i.usbd_ep_clear)
    usbd_ep_recev                            0x080039f7   Thumb Code    52  usbd_core.o(i.usbd_ep_recev)
    usbd_ep_send                             0x08003a2b   Thumb Code    52  usbd_core.o(i.usbd_ep_send)
    usbd_ep_setup                            0x08003a61   Thumb Code   106  usbd_core.o(i.usbd_ep_setup)
    usbd_ep_stall                            0x08003ad1   Thumb Code    58  usbd_core.o(i.usbd_ep_stall)
    usbd_ep_stall_clear                      0x08003b0b   Thumb Code    58  usbd_core.o(i.usbd_ep_stall_clear)
    usbd_in_transc                           0x08003b45   Thumb Code   146  usbd_transc.o(i.usbd_in_transc)
    usbd_init                                0x08003bd7   Thumb Code   124  usbd_core.o(i.usbd_init)
    usbd_isr                                 0x08003fa1   Thumb Code   222  drv_usbd_int.o(i.usbd_isr)
    usbd_out_transc                          0x0800407f   Thumb Code   118  usbd_transc.o(i.usbd_out_transc)
    usbd_setup_transc                        0x080040f5   Thumb Code   132  usbd_transc.o(i.usbd_setup_transc)
    usbd_standard_request                    0x08004179   Thumb Code    22  usbd_enum.o(i.usbd_standard_request)
    usbd_vendor_request                      0x08004195   Thumb Code     6  usbd_enum.o(i.usbd_vendor_request)
    g_can_fdlength_table                     0x0800419c   Data           7  gd32e10x_can.o(.constdata)
    ep_type                                  0x08004294   Data          16  usbd_core.o(.constdata)
    cdc_dev_desc                             0x080042a4   Data          18  cdc_acm_core.o(.constdata)
    cdc_config_desc                          0x080042b6   Data          67  cdc_acm_core.o(.constdata)
    usbd_cdc_strings                         0x08004404   Data          16  cdc_acm_core.o(.constdata)
    Region$$Table$$Base                      0x0800441c   Number         0  anon$$obj.o(Region$$Table)
    Region$$Table$$Limit                     0x0800443c   Number         0  anon$$obj.o(Region$$Table)
    timer3_interrupt                         0x20000000   Data           1  main.o(.data)
    total_time_1                             0x20000008   Data           8  main.o(.data)
    SystemCoreClock                          0x20000018   Data           4  system_gd32e10x.o(.data)
    dma_idle                                 0x2000001c   Data           1  uart.o(.data)
    dma_ch6_idle                             0x2000001d   Data           1  uart.o(.data)
    manipulator_pos                          0x20000040   Data           4  manipulator.o(.data)
    cdc_acm                                  0x2000006c   Data           4  app.o(.data)
    delay_time                               0x20000070   Data           4  gd32e10x_hw.o(.data)
    timer_prescaler                          0x20000074   Data           2  gd32e10x_hw.o(.data)
    usbfs_prescaler                          0x20000078   Data           4  gd32e10x_hw.o(.data)
    cdc_desc                                 0x20000108   Data          16  cdc_acm_core.o(.data)
    cdc_class                                0x20000118   Data          48  cdc_acm_core.o(.data)
    __microlib_freelist                      0x2000018c   Data           4  mvars.o(.data)
    __microlib_freelist_initialised          0x20000190   Data           4  mvars.o(.data)
    serial_frame                             0x20000194   Data          16  main.o(.bss)
    process_handle                           0x200001a4   Data         386  main.o(.bss)
    motor_pid                                0x20000328   Data         100  main.o(.bss)
    adc_value                                0x2000039c   Data         160  adc.o(.bss)
    adc_v                                    0x2000043c   Data          32  adc.o(.bss)
    USART0_RxBuff                            0x2000045c   Data         512  uart.o(.bss)
    USART0_TxBuff                            0x2000065c   Data         512  uart.o(.bss)
    USART1_RxBuff                            0x2000085c   Data         512  uart.o(.bss)
    USART1_TxBuff                            0x20000a5c   Data         512  uart.o(.bss)
    USART0_RX_CACHE_BUFFER                   0x20000c5c   Data         128  uart.o(.bss)
    USART1_RX_CACHE_BUFFER                   0x20000cdc   Data         128  uart.o(.bss)
    USART0_RxCBuf                            0x20000d5c   Data          16  uart.o(.bss)
    USART1_RxCBuf                            0x20000d6c   Data          16  uart.o(.bss)
    __heap_base                              0x20000dd8   Data           0  startup_gd32e10x.o(HEAP)
    __heap_limit                             0x200011d8   Data           0  startup_gd32e10x.o(HEAP)
    __initial_sp                             0x200015d8   Data           0  startup_gd32e10x.o(STACK)



==============================================================================

Memory Map of the image

  Image Entry point : 0x08000151

  Load Region LR_IROM1 (Base: 0x08000000, Size: 0x000045d0, Max: 0x00010000, ABSOLUTE, COMPRESSED[0x000044c4])

    Execution Region ER_IROM1 (Exec base: 0x08000000, Load base: 0x08000000, Size: 0x0000443c, Max: 0x00010000, ABSOLUTE)

    Exec Addr    Load Addr    Size         Type   Attr      Idx    E Section Name        Object

    0x08000000   0x08000000   0x00000150   Data   RO         4101    RESET               startup_gd32e10x.o
    0x08000150   0x08000150   0x00000000   Code   RO         5688  * .ARM.Collect$$$$00000000  mc_w.l(entry.o)
    0x08000150   0x08000150   0x00000004   Code   RO         5729    .ARM.Collect$$$$00000001  mc_w.l(entry2.o)
    0x08000154   0x08000154   0x00000004   Code   RO         5732    .ARM.Collect$$$$00000004  mc_w.l(entry5.o)
    0x08000158   0x08000158   0x00000000   Code   RO         5734    .ARM.Collect$$$$00000008  mc_w.l(entry7b.o)
    0x08000158   0x08000158   0x00000000   Code   RO         5736    .ARM.Collect$$$$0000000A  mc_w.l(entry8b.o)
    0x08000158   0x08000158   0x00000008   Code   RO         5737    .ARM.Collect$$$$0000000B  mc_w.l(entry9a.o)
    0x08000160   0x08000160   0x00000004   Code   RO         5744    .ARM.Collect$$$$0000000E  mc_w.l(entry12b.o)
    0x08000164   0x08000164   0x00000000   Code   RO         5739    .ARM.Collect$$$$0000000F  mc_w.l(entry10a.o)
    0x08000164   0x08000164   0x00000000   Code   RO         5741    .ARM.Collect$$$$00000011  mc_w.l(entry11a.o)
    0x08000164   0x08000164   0x00000004   Code   RO         5730    .ARM.Collect$$$$00002712  mc_w.l(entry2.o)
    0x08000168   0x08000168   0x00000024   Code   RO         4102    .text               startup_gd32e10x.o
    0x0800018c   0x0800018c   0x00000062   Code   RO         5691    .text               mc_w.l(uldiv.o)
    0x080001ee   0x080001ee   0x00000024   Code   RO         5693    .text               mc_w.l(memcpya.o)
    0x08000212   0x08000212   0x00000024   Code   RO         5695    .text               mc_w.l(memseta.o)
    0x08000236   0x08000236   0x0000001c   Code   RO         5727    .text               mc_w.l(calloc.o)
    0x08000252   0x08000252   0x0000001e   Code   RO         5745    .text               mc_w.l(llshl.o)
    0x08000270   0x08000270   0x00000020   Code   RO         5747    .text               mc_w.l(llushr.o)
    0x08000290   0x08000290   0x00000024   Code   RO         5751    .text               mc_w.l(init.o)
    0x080002b4   0x080002b4   0x00000056   Code   RO         5761    .text               mc_w.l(__dczerorl2.o)
    0x0800030a   0x0800030a   0x00000004   Code   RO          276    i.BusFault_Handler  gd32e10x_it.o
    0x0800030e   0x0800030e   0x00000002   PAD
    0x08000310   0x08000310   0x00000028   Code   RO            3    i.CAN0_RX0_IRQHandler  main.o
    0x08000338   0x08000338   0x0000001a   Code   RO            4    i.CalChecksum       main.o
    0x08000352   0x08000352   0x0000000a   Code   RO         4503    i.CircBuf_GetUsedSize  circular_buffer.o
    0x0800035c   0x0800035c   0x0000003c   Code   RO         4504    i.CircBuf_Init      circular_buffer.o
    0x08000398   0x08000398   0x00000016   Code   RO         4505    i.CircBuf_IsEmpty   circular_buffer.o
    0x080003ae   0x080003ae   0x0000006c   Code   RO         4507    i.CircBuf_Pop       circular_buffer.o
    0x0800041a   0x0800041a   0x00000074   Code   RO         4509    i.CircBuf_Push      circular_buffer.o
    0x0800048e   0x0800048e   0x00000002   PAD
    0x08000490   0x08000490   0x00000024   Code   RO         4171    i.DMA0_Channel0_IRQHandler  adc.o
    0x080004b4   0x080004b4   0x00000028   Code   RO         4314    i.DMA0_Channel3_IRQHandler  uart.o
    0x080004dc   0x080004dc   0x00000020   Code   RO         4315    i.DMA0_Channel4_IRQHandler  uart.o
    0x080004fc   0x080004fc   0x00000028   Code   RO         4316    i.DMA0_Channel6_IRQHandler  uart.o
    0x08000524   0x08000524   0x00000002   Code   RO          277    i.DebugMon_Handler  gd32e10x_it.o
    0x08000526   0x08000526   0x00000018   Code   RO         4172    i.GetAdcValue       adc.o
    0x0800053e   0x0800053e   0x00000004   Code   RO          278    i.HardFault_Handler  gd32e10x_it.o
    0x08000542   0x08000542   0x00000030   Code   RO         4511    i.IsPowerOf2        circular_buffer.o
    0x08000572   0x08000572   0x00000004   Code   RO          279    i.MemManage_Handler  gd32e10x_it.o
    0x08000576   0x08000576   0x00000002   Code   RO          280    i.NMI_Handler       gd32e10x_it.o
    0x08000578   0x08000578   0x00000028   Code   RO          226    i.NVIC_SetPriority  systick.o
    0x080005a0   0x080005a0   0x00000002   Code   RO          281    i.PendSV_Handler    gd32e10x_it.o
    0x080005a2   0x080005a2   0x00000038   Code   RO         4512    i.RoundDown_PowerOf2  circular_buffer.o
    0x080005da   0x080005da   0x00000002   Code   RO          282    i.SVC_Handler       gd32e10x_it.o
    0x080005dc   0x080005dc   0x00000008   Code   RO          283    i.SysTick_Handler   gd32e10x_it.o
    0x080005e4   0x080005e4   0x00000058   Code   RO          385    i.SystemInit        system_gd32e10x.o
    0x0800063c   0x0800063c   0x00000008   Code   RO          284    i.TIMER2_IRQHandler  gd32e10x_it.o
    0x08000644   0x08000644   0x00000008   Code   RO         4985    i.TIMER2_IRQHandler_lib  cdc_acm.lib(gd32e10x_it.o)
    0x0800064c   0x0800064c   0x0000001c   Code   RO            5    i.TIMER3_IRQHandler  main.o
    0x08000668   0x08000668   0x00000010   Code   RO         4319    i.USART0_GetDataCount  uart.o
    0x08000678   0x08000678   0x00000068   Code   RO         4320    i.USART0_IRQHandler  uart.o
    0x080006e0   0x080006e0   0x00000020   Code   RO         4322    i.USART0_Recv       uart.o
    0x08000700   0x08000700   0x00000068   Code   RO         4324    i.USART1_IRQHandler  uart.o
    0x08000768   0x08000768   0x00000008   Code   RO          285    i.USBFS_IRQHandler  gd32e10x_it.o
    0x08000770   0x08000770   0x00000010   Code   RO         4986    i.USBFS_IRQHandler_lib  cdc_acm.lib(gd32e10x_it.o)
    0x08000780   0x08000780   0x00000008   Code   RO          286    i.USBFS_WKUP_IRQHandler  gd32e10x_it.o
    0x08000788   0x08000788   0x00000038   Code   RO         4987    i.USBFS_WKUP_IRQHandler_lib  cdc_acm.lib(gd32e10x_it.o)
    0x080007c0   0x080007c0   0x00000004   Code   RO          287    i.UsageFault_Handler  gd32e10x_it.o
    0x080007c4   0x080007c4   0x0000000e   Code   RO         5755    i.__scatterload_copy  mc_w.l(handlers.o)
    0x080007d2   0x080007d2   0x00000002   Code   RO         5756    i.__scatterload_null  mc_w.l(handlers.o)
    0x080007d4   0x080007d4   0x0000000e   Code   RO         5757    i.__scatterload_zeroinit  mc_w.l(handlers.o)
    0x080007e2   0x080007e2   0x00000014   Code   RO         5496    i._usb_bos_desc_get  cdc_acm.lib(usbd_enum.o)
    0x080007f6   0x080007f6   0x00000022   Code   RO         5497    i._usb_config_desc_get  cdc_acm.lib(usbd_enum.o)
    0x08000818   0x08000818   0x00000014   Code   RO         5498    i._usb_dev_desc_get  cdc_acm.lib(usbd_enum.o)
    0x0800082c   0x0800082c   0x00000074   Code   RO         5499    i._usb_std_clearfeature  cdc_acm.lib(usbd_enum.o)
    0x080008a0   0x080008a0   0x00000040   Code   RO         5500    i._usb_std_getconfiguration  cdc_acm.lib(usbd_enum.o)
    0x080008e0   0x080008e0   0x00000110   Code   RO         5501    i._usb_std_getdescriptor  cdc_acm.lib(usbd_enum.o)
    0x080009f0   0x080009f0   0x0000003c   Code   RO         5502    i._usb_std_getinterface  cdc_acm.lib(usbd_enum.o)
    0x08000a2c   0x08000a2c   0x000000c4   Code   RO         5503    i._usb_std_getstatus  cdc_acm.lib(usbd_enum.o)
    0x08000af0   0x08000af0   0x00000006   Code   RO         5504    i._usb_std_reserved  cdc_acm.lib(usbd_enum.o)
    0x08000af6   0x08000af6   0x0000005c   Code   RO         5505    i._usb_std_setaddress  cdc_acm.lib(usbd_enum.o)
    0x08000b52   0x08000b52   0x00000002   PAD
    0x08000b54   0x08000b54   0x000000b4   Code   RO         5506    i._usb_std_setconfiguration  cdc_acm.lib(usbd_enum.o)
    0x08000c08   0x08000c08   0x00000006   Code   RO         5507    i._usb_std_setdescriptor  cdc_acm.lib(usbd_enum.o)
    0x08000c0e   0x08000c0e   0x00000068   Code   RO         5508    i._usb_std_setfeature  cdc_acm.lib(usbd_enum.o)
    0x08000c76   0x08000c76   0x00000044   Code   RO         5509    i._usb_std_setinterface  cdc_acm.lib(usbd_enum.o)
    0x08000cba   0x08000cba   0x00000006   Code   RO         5510    i._usb_std_synchframe  cdc_acm.lib(usbd_enum.o)
    0x08000cc0   0x08000cc0   0x00000014   Code   RO         5511    i._usb_str_desc_get  cdc_acm.lib(usbd_enum.o)
    0x08000cd4   0x08000cd4   0x0000002a   Code   RO          426    i.adc_calibration_enable  gd32e10x_adc.o
    0x08000cfe   0x08000cfe   0x00000046   Code   RO          427    i.adc_channel_length_config  gd32e10x_adc.o
    0x08000d44   0x08000d44   0x000000d0   Code   RO         4173    i.adc_config        adc.o
    0x08000e14   0x08000e14   0x00000016   Code   RO          428    i.adc_data_alignment_config  gd32e10x_adc.o
    0x08000e2a   0x08000e2a   0x00000002   PAD
    0x08000e2c   0x08000e2c   0x00000040   Code   RO          429    i.adc_deinit        gd32e10x_adc.o
    0x08000e6c   0x08000e6c   0x0000000a   Code   RO          433    i.adc_dma_mode_enable  gd32e10x_adc.o
    0x08000e76   0x08000e76   0x00000012   Code   RO          434    i.adc_enable        gd32e10x_adc.o
    0x08000e88   0x08000e88   0x0000003e   Code   RO          435    i.adc_external_trigger_config  gd32e10x_adc.o
    0x08000ec6   0x08000ec6   0x00000030   Code   RO          436    i.adc_external_trigger_source_config  gd32e10x_adc.o
    0x08000ef6   0x08000ef6   0x00000018   Code   RO         4174    i.adc_init          adc.o
    0x08000f0e   0x08000f0e   0x00000002   PAD
    0x08000f10   0x08000f10   0x0000001c   Code   RO          447    i.adc_mode_config   gd32e10x_adc.o
    0x08000f2c   0x08000f2c   0x000000ac   Code   RO          451    i.adc_regular_channel_config  gd32e10x_adc.o
    0x08000fd8   0x08000fd8   0x0000001e   Code   RO          455    i.adc_software_trigger_enable  gd32e10x_adc.o
    0x08000ff6   0x08000ff6   0x0000005a   Code   RO          456    i.adc_special_function_config  gd32e10x_adc.o
    0x08001050   0x08001050   0x0000003c   Code   RO         4110    i.adc_value_read    74hc4051bq.o
    0x0800108c   0x0800108c   0x00000034   Code   RO         4690    i.buzzer_run        led.o
    0x080010c0   0x080010c0   0x00000038   Code   RO         4691    i.buzzer_run_long   led.o
    0x080010f8   0x080010f8   0x00000038   Code   RO            6    i.calculateModbusCRC  main.o
    0x08001130   0x08001130   0x000001c4   Code   RO          891    i.can_message_receive  gd32e10x_can.o
    0x080012f4   0x080012f4   0x00000022   Code   RO         5355    i.cdc_acm_deinit    cdc_acm.lib(cdc_acm_core.o)
    0x08001316   0x08001316   0x00000046   Code   RO         5356    i.cdc_acm_in        cdc_acm.lib(cdc_acm_core.o)
    0x0800135c   0x0800135c   0x00000060   Code   RO         5357    i.cdc_acm_init      cdc_acm.lib(cdc_acm_core.o)
    0x080013bc   0x080013bc   0x00000020   Code   RO         5358    i.cdc_acm_out       cdc_acm.lib(cdc_acm_core.o)
    0x080013dc   0x080013dc   0x000000b0   Code   RO         5359    i.cdc_acm_req       cdc_acm.lib(cdc_acm_core.o)
    0x0800148c   0x0800148c   0x00000052   Code   RO         5360    i.cdc_ctlx_out      cdc_acm.lib(cdc_acm_core.o)
    0x080014de   0x080014de   0x00000002   PAD
    0x080014e0   0x080014e0   0x00000014   Code   RO          227    i.delay_1ms         systick.o
    0x080014f4   0x080014f4   0x0000002c   Code   RO          228    i.delay_decrement   systick.o
    0x08001520   0x08001520   0x00000080   Code   RO         4326    i.dma0_ch3_usart0_tx_init  uart.o
    0x080015a0   0x080015a0   0x0000007c   Code   RO         4327    i.dma0_ch4_usart0_rx_init  uart.o
    0x0800161c   0x0800161c   0x00000032   Code   RO         1519    i.dma_channel_disable  gd32e10x_dma.o
    0x0800164e   0x0800164e   0x00000032   Code   RO         1520    i.dma_channel_enable  gd32e10x_dma.o
    0x08001680   0x08001680   0x00000032   Code   RO         1521    i.dma_circulation_disable  gd32e10x_dma.o
    0x080016b2   0x080016b2   0x00000032   Code   RO         1522    i.dma_circulation_enable  gd32e10x_dma.o
    0x080016e4   0x080016e4   0x00000064   Code   RO         4175    i.dma_config        adc.o
    0x08001748   0x08001748   0x00000070   Code   RO         1523    i.dma_deinit        gd32e10x_dma.o
    0x080017b8   0x080017b8   0x0000012e   Code   RO         1526    i.dma_init          gd32e10x_dma.o
    0x080018e6   0x080018e6   0x00000032   Code   RO         1528    i.dma_interrupt_enable  gd32e10x_dma.o
    0x08001918   0x08001918   0x00000010   Code   RO         1529    i.dma_interrupt_flag_clear  gd32e10x_dma.o
    0x08001928   0x08001928   0x00000082   Code   RO         1530    i.dma_interrupt_flag_get  gd32e10x_dma.o
    0x080019aa   0x080019aa   0x00000024   Code   RO         1531    i.dma_memory_address_config  gd32e10x_dma.o
    0x080019ce   0x080019ce   0x00000032   Code   RO         1534    i.dma_memory_to_memory_disable  gd32e10x_dma.o
    0x08001a00   0x08001a00   0x00000018   Code   RO         1538    i.dma_periph_and_channel_check  gd32e10x_dma.o
    0x08001a18   0x08001a18   0x0000001c   Code   RO         1543    i.dma_struct_para_init  gd32e10x_dma.o
    0x08001a34   0x08001a34   0x00000026   Code   RO         1545    i.dma_transfer_number_config  gd32e10x_dma.o
    0x08001a5a   0x08001a5a   0x00000022   Code   RO         1546    i.dma_transfer_number_get  gd32e10x_dma.o
    0x08001a7c   0x08001a7c   0x000000b8   Code   RO         1765    i.exti_init         gd32e10x_exti.o
    0x08001b34   0x08001b34   0x00000010   Code   RO         1767    i.exti_interrupt_enable  gd32e10x_exti.o
    0x08001b44   0x08001b44   0x0000000c   Code   RO         1768    i.exti_interrupt_flag_clear  gd32e10x_exti.o
    0x08001b50   0x08001b50   0x000000a0   Code   RO         4331    i.gd_eval_com_init  uart.o
    0x08001bf0   0x08001bf0   0x00000004   Code   RO         2131    i.gpio_bit_reset    gd32e10x_gpio.o
    0x08001bf4   0x08001bf4   0x00000004   Code   RO         2132    i.gpio_bit_set      gd32e10x_gpio.o
    0x08001bf8   0x08001bf8   0x00000068   Code   RO         4176    i.gpio_config       adc.o
    0x08001c60   0x08001c60   0x000000bc   Code   RO         2141    i.gpio_init         gd32e10x_gpio.o
    0x08001d1c   0x08001d1c   0x00000090   Code   RO         2147    i.gpio_pin_remap_config  gd32e10x_gpio.o
    0x08001dac   0x08001dac   0x0000002c   Code   RO         5024    i.hw_delay          cdc_acm.lib(gd32e10x_hw.o)
    0x08001dd8   0x08001dd8   0x00000070   Code   RO         5025    i.hw_time_set       cdc_acm.lib(gd32e10x_hw.o)
    0x08001e48   0x08001e48   0x0000003c   Code   RO         5512    i.int_to_unicode    cdc_acm.lib(usbd_enum.o)
    0x08001e84   0x08001e84   0x00000064   Code   RO         4692    i.led_init          led.o
    0x08001ee8   0x08001ee8   0x00000204   Code   RO            9    i.main              main.o
    0x080020ec   0x080020ec   0x0000006c   Code   RO         5700    i.malloc            mc_w.l(malloc.o)
    0x08002158   0x08002158   0x00000080   Code   RO         4763    i.manipulator_get_init_states  manipulator.o
    0x080021d8   0x080021d8   0x0000003c   Code   RO         4764    i.manipulator_init  manipulator.o
    0x08002214   0x08002214   0x00000040   Code   RO         4765    i.manipulator_moment_ctrl  manipulator.o
    0x08002254   0x08002254   0x00000064   Code   RO         4766    i.manipulator_pos_ctrl  manipulator.o
    0x080022b8   0x080022b8   0x00000040   Code   RO         4767    i.manipulator_pos_spd_ctrl  manipulator.o
    0x080022f8   0x080022f8   0x0000008c   Code   RO         4768    i.manipulator_spd_ctrl  manipulator.o
    0x08002384   0x08002384   0x00000058   Code   RO         4332    i.nvic_config       uart.o
    0x080023dc   0x080023dc   0x000000ac   Code   RO         2489    i.nvic_irq_enable   gd32e10x_misc.o
    0x08002488   0x08002488   0x00000014   Code   RO         2490    i.nvic_priority_group_set  gd32e10x_misc.o
    0x0800249c   0x0800249c   0x00000014   Code   RO         2491    i.nvic_vector_table_set  gd32e10x_misc.o
    0x080024b0   0x080024b0   0x00000146   Code   RO         4722    i.pid_calculate     pid.o
    0x080025f6   0x080025f6   0x00000002   PAD
    0x080025f8   0x080025f8   0x0000001c   Code   RO         4723    i.pid_init          pid.o
    0x08002614   0x08002614   0x0000005c   Code   RO         4724    i.pid_param_init    pid.o
    0x08002670   0x08002670   0x0000000e   Code   RO         4725    i.pid_reset         pid.o
    0x0800267e   0x0800267e   0x00000002   PAD
    0x08002680   0x08002680   0x000000c4   Code   RO         2552    i.pmu_to_deepsleepmode  gd32e10x_pmu.o
    0x08002744   0x08002744   0x0000006c   Code   RO         2637    i.rcu_adc_clock_config  gd32e10x_rcu.o
    0x080027b0   0x080027b0   0x00000184   Code   RO         2646    i.rcu_clock_freq_get  gd32e10x_rcu.o
    0x08002934   0x08002934   0x0000002a   Code   RO         4177    i.rcu_config        adc.o
    0x0800295e   0x0800295e   0x00000002   PAD
    0x08002960   0x08002960   0x00000020   Code   RO         2666    i.rcu_periph_clock_enable  gd32e10x_rcu.o
    0x08002980   0x08002980   0x00000020   Code   RO         2669    i.rcu_periph_reset_disable  gd32e10x_rcu.o
    0x080029a0   0x080029a0   0x00000020   Code   RO         2670    i.rcu_periph_reset_enable  gd32e10x_rcu.o
    0x080029c0   0x080029c0   0x00000018   Code   RO         2680    i.rcu_usb_clock_config  gd32e10x_rcu.o
    0x080029d8   0x080029d8   0x0000002c   Code   RO         4178    i.read_adc_value    adc.o
    0x08002a04   0x08002a04   0x0000004c   Code   RO         5513    i.serial_string_get  cdc_acm.lib(usbd_enum.o)
    0x08002a50   0x08002a50   0x0000000c   Code   RO           11    i.swapEndian16      main.o
    0x08002a5c   0x08002a5c   0x000000fc   Code   RO          386    i.system_clock_120m_hxtal  system_gd32e10x.o
    0x08002b58   0x08002b58   0x00000008   Code   RO          387    i.system_clock_config  system_gd32e10x.o
    0x08002b60   0x08002b60   0x00000050   Code   RO          229    i.systick_config    systick.o
    0x08002bb0   0x08002bb0   0x0000000c   Code   RO          230    i.systick_get_tick  systick.o
    0x08002bbc   0x08002bbc   0x0000000a   Code   RO         3280    i.timer_auto_reload_shadow_enable  gd32e10x_timer.o
    0x08002bc6   0x08002bc6   0x0000000a   Code   RO         3311    i.timer_disable     gd32e10x_timer.o
    0x08002bd0   0x08002bd0   0x0000000a   Code   RO         3315    i.timer_enable      gd32e10x_timer.o
    0x08002bda   0x08002bda   0x00000002   PAD
    0x08002bdc   0x08002bdc   0x000000a4   Code   RO         3325    i.timer_init        gd32e10x_timer.o
    0x08002c80   0x08002c80   0x00000008   Code   RO         3331    i.timer_interrupt_disable  gd32e10x_timer.o
    0x08002c88   0x08002c88   0x00000008   Code   RO         3332    i.timer_interrupt_enable  gd32e10x_timer.o
    0x08002c90   0x08002c90   0x00000006   Code   RO         3333    i.timer_interrupt_flag_clear  gd32e10x_timer.o
    0x08002c96   0x08002c96   0x00000018   Code   RO         3334    i.timer_interrupt_flag_get  gd32e10x_timer.o
    0x08002cae   0x08002cae   0x00000002   PAD
    0x08002cb0   0x08002cb0   0x00000050   Code   RO         4333    i.usart0_dma_send_data  uart.o
    0x08002d00   0x08002d00   0x00000030   Code   RO         4334    i.usart0_init       uart.o
    0x08002d30   0x08002d30   0x00000010   Code   RO         4335    i.usart0_rx_probe   uart.o
    0x08002d40   0x08002d40   0x00000090   Code   RO         3723    i.usart_baudrate_set  gd32e10x_usart.o
    0x08002dd0   0x08002dd0   0x00000090   Code   RO         3728    i.usart_deinit      gd32e10x_usart.o
    0x08002e60   0x08002e60   0x00000010   Code   RO         3730    i.usart_dma_receive_config  gd32e10x_usart.o
    0x08002e70   0x08002e70   0x00000010   Code   RO         3731    i.usart_dma_transmit_config  gd32e10x_usart.o
    0x08002e80   0x08002e80   0x0000000a   Code   RO         3732    i.usart_enable      gd32e10x_usart.o
    0x08002e8a   0x08002e8a   0x0000001a   Code   RO         3742    i.usart_interrupt_enable  gd32e10x_usart.o
    0x08002ea4   0x08002ea4   0x00000038   Code   RO         3744    i.usart_interrupt_flag_get  gd32e10x_usart.o
    0x08002edc   0x08002edc   0x00000010   Code   RO         3757    i.usart_receive_config  gd32e10x_usart.o
    0x08002eec   0x08002eec   0x00000010   Code   RO         3771    i.usart_transmit_config  gd32e10x_usart.o
    0x08002efc   0x08002efc   0x000000da   Code   RO         5422    i.usb_basic_init    cdc_acm.lib(drv_usb_core.o)
    0x08002fd6   0x08002fd6   0x00000020   Code   RO         5087    i.usb_clock_active  cdc_acm.lib(drv_usb_dev.o)
    0x08002ff6   0x08002ff6   0x00000002   PAD
    0x08002ff8   0x08002ff8   0x00000098   Code   RO         5423    i.usb_core_init     cdc_acm.lib(drv_usb_core.o)
    0x08003090   0x08003090   0x00000026   Code   RO         5424    i.usb_core_reset    cdc_acm.lib(drv_usb_core.o)
    0x080030b6   0x080030b6   0x00000002   PAD
    0x080030b8   0x080030b8   0x0000000c   Code   RO         5088    i.usb_ctlep_startout  cdc_acm.lib(drv_usb_dev.o)
    0x080030c4   0x080030c4   0x0000002e   Code   RO         5425    i.usb_curmode_set   cdc_acm.lib(drv_usb_core.o)
    0x080030f2   0x080030f2   0x00000002   PAD
    0x080030f4   0x080030f4   0x00000150   Code   RO         5091    i.usb_devcore_init  cdc_acm.lib(drv_usb_dev.o)
    0x08003244   0x08003244   0x00000040   Code   RO         5092    i.usb_devint_enable  cdc_acm.lib(drv_usb_dev.o)
    0x08003284   0x08003284   0x0000002a   Code   RO         5093    i.usb_iepintr_read  cdc_acm.lib(drv_usb_dev.o)
    0x080032ae   0x080032ae   0x00000002   PAD
    0x080032b0   0x080032b0   0x00000040   Code   RO         4818    i.usb_init          cdc_acm.lib(app.o)
    0x080032f0   0x080032f0   0x00000044   Code   RO         5026    i.usb_intr_config   cdc_acm.lib(gd32e10x_hw.o)
    0x08003334   0x08003334   0x0000000e   Code   RO         5027    i.usb_mdelay        cdc_acm.lib(gd32e10x_hw.o)
    0x08003342   0x08003342   0x00000002   PAD
    0x08003344   0x08003344   0x00000088   Code   RO         5028    i.usb_rcu_config    cdc_acm.lib(gd32e10x_hw.o)
    0x080033cc   0x080033cc   0x00000022   Code   RO         5426    i.usb_rxfifo_flush  cdc_acm.lib(drv_usb_core.o)
    0x080033ee   0x080033ee   0x0000001e   Code   RO         5427    i.usb_rxfifo_read   cdc_acm.lib(drv_usb_core.o)
    0x0800340c   0x0800340c   0x00000016   Code   RO         4819    i.usb_send_buffer   cdc_acm.lib(app.o)
    0x08003422   0x08003422   0x00000048   Code   RO         5428    i.usb_set_txfifo    cdc_acm.lib(drv_usb_core.o)
    0x0800346a   0x0800346a   0x0000001e   Code   RO         5029    i.usb_timer_init    cdc_acm.lib(gd32e10x_hw.o)
    0x08003488   0x08003488   0x00000038   Code   RO         5030    i.usb_timer_irq     cdc_acm.lib(gd32e10x_hw.o)
    0x080034c0   0x080034c0   0x00000098   Code   RO         5096    i.usb_transc_active  cdc_acm.lib(drv_usb_dev.o)
    0x08003558   0x08003558   0x00000044   Code   RO         5097    i.usb_transc_clrstall  cdc_acm.lib(drv_usb_dev.o)
    0x0800359c   0x0800359c   0x00000064   Code   RO         5098    i.usb_transc_deactivate  cdc_acm.lib(drv_usb_dev.o)
    0x08003600   0x08003600   0x00000106   Code   RO         5099    i.usb_transc_inxfer  cdc_acm.lib(drv_usb_dev.o)
    0x08003706   0x08003706   0x0000007e   Code   RO         5100    i.usb_transc_outxfer  cdc_acm.lib(drv_usb_dev.o)
    0x08003784   0x08003784   0x00000042   Code   RO         5101    i.usb_transc_stall  cdc_acm.lib(drv_usb_dev.o)
    0x080037c6   0x080037c6   0x00000028   Code   RO         5429    i.usb_txfifo_flush  cdc_acm.lib(drv_usb_core.o)
    0x080037ee   0x080037ee   0x00000022   Code   RO         5430    i.usb_txfifo_write  cdc_acm.lib(drv_usb_core.o)
    0x08003810   0x08003810   0x0000000e   Code   RO         5031    i.usb_udelay        cdc_acm.lib(gd32e10x_hw.o)
    0x0800381e   0x0800381e   0x00000026   Code   RO         5514    i.usbd_class_request  cdc_acm.lib(usbd_enum.o)
    0x08003844   0x08003844   0x0000001c   Code   RO         5266    i.usbd_connect      cdc_acm.lib(usbd_core.o)
    0x08003860   0x08003860   0x0000002e   Code   RO         5634    i.usbd_ctl_recev    cdc_acm.lib(usbd_transc.o)
    0x0800388e   0x0800388e   0x0000002e   Code   RO         5635    i.usbd_ctl_send     cdc_acm.lib(usbd_transc.o)
    0x080038bc   0x080038bc   0x00000020   Code   RO         5636    i.usbd_ctl_status_recev  cdc_acm.lib(usbd_transc.o)
    0x080038dc   0x080038dc   0x00000020   Code   RO         5637    i.usbd_ctl_status_send  cdc_acm.lib(usbd_transc.o)
    0x080038fc   0x080038fc   0x0000001c   Code   RO         5267    i.usbd_disconnect   cdc_acm.lib(usbd_core.o)
    0x08003918   0x08003918   0x0000008c   Code   RO         5200    i.usbd_emptytxfifo_write  cdc_acm.lib(drv_usbd_int.o)
    0x080039a4   0x080039a4   0x0000001e   Code   RO         5515    i.usbd_enum_error   cdc_acm.lib(usbd_enum.o)
    0x080039c2   0x080039c2   0x00000034   Code   RO         5268    i.usbd_ep_clear     cdc_acm.lib(usbd_core.o)
    0x080039f6   0x080039f6   0x00000034   Code   RO         5269    i.usbd_ep_recev     cdc_acm.lib(usbd_core.o)
    0x08003a2a   0x08003a2a   0x00000034   Code   RO         5270    i.usbd_ep_send      cdc_acm.lib(usbd_core.o)
    0x08003a5e   0x08003a5e   0x00000002   PAD
    0x08003a60   0x08003a60   0x00000070   Code   RO         5271    i.usbd_ep_setup     cdc_acm.lib(usbd_core.o)
    0x08003ad0   0x08003ad0   0x0000003a   Code   RO         5272    i.usbd_ep_stall     cdc_acm.lib(usbd_core.o)
    0x08003b0a   0x08003b0a   0x0000003a   Code   RO         5273    i.usbd_ep_stall_clear  cdc_acm.lib(usbd_core.o)
    0x08003b44   0x08003b44   0x00000092   Code   RO         5638    i.usbd_in_transc    cdc_acm.lib(usbd_transc.o)
    0x08003bd6   0x08003bd6   0x0000007c   Code   RO         5275    i.usbd_init         cdc_acm.lib(usbd_core.o)
    0x08003c52   0x08003c52   0x00000002   PAD
    0x08003c54   0x08003c54   0x00000068   Code   RO         5201    i.usbd_int_enumfinish  cdc_acm.lib(drv_usbd_int.o)
    0x08003cbc   0x08003cbc   0x00000074   Code   RO         5202    i.usbd_int_epin     cdc_acm.lib(drv_usbd_int.o)
    0x08003d30   0x08003d30   0x0000007e   Code   RO         5203    i.usbd_int_epout    cdc_acm.lib(drv_usbd_int.o)
    0x08003dae   0x08003dae   0x00000002   PAD
    0x08003db0   0x08003db0   0x000000d8   Code   RO         5204    i.usbd_int_reset    cdc_acm.lib(drv_usbd_int.o)
    0x08003e88   0x08003e88   0x000000b2   Code   RO         5205    i.usbd_int_rxfifo   cdc_acm.lib(drv_usbd_int.o)
    0x08003f3a   0x08003f3a   0x00000066   Code   RO         5206    i.usbd_int_suspend  cdc_acm.lib(drv_usbd_int.o)
    0x08003fa0   0x08003fa0   0x000000de   Code   RO         5207    i.usbd_isr          cdc_acm.lib(drv_usbd_int.o)
    0x0800407e   0x0800407e   0x00000076   Code   RO         5639    i.usbd_out_transc   cdc_acm.lib(usbd_transc.o)
    0x080040f4   0x080040f4   0x00000084   Code   RO         5640    i.usbd_setup_transc  cdc_acm.lib(usbd_transc.o)
    0x08004178   0x08004178   0x0000001c   Code   RO         5516    i.usbd_standard_request  cdc_acm.lib(usbd_enum.o)
    0x08004194   0x08004194   0x00000006   Code   RO         5517    i.usbd_vendor_request  cdc_acm.lib(usbd_enum.o)
    0x0800419a   0x0800419a   0x00000002   PAD
    0x0800419c   0x0800419c   0x000000c0   Data   RO          905    .constdata          gd32e10x_can.o
    0x0800425c   0x0800425c   0x00000004   Data   RO         5102    .constdata          cdc_acm.lib(drv_usb_dev.o)
    0x08004260   0x08004260   0x00000034   Data   RO         5208    .constdata          cdc_acm.lib(drv_usbd_int.o)
    0x08004294   0x08004294   0x00000010   Data   RO         5276    .constdata          cdc_acm.lib(usbd_core.o)
    0x080042a4   0x080042a4   0x00000177   Data   RO         5362    .constdata          cdc_acm.lib(cdc_acm_core.o)
    0x0800441b   0x0800441b   0x00000001   PAD
    0x0800441c   0x0800441c   0x00000020   Data   RO         5753    Region$$Table       anon$$obj.o


    Execution Region RW_IRAM1 (Exec base: 0x20000000, Load base: 0x0800443c, Size: 0x000015d8, Max: 0x00008000, ABSOLUTE, COMPRESSED[0x00000088])

    Exec Addr    Load Addr    Size         Type   Attr      Idx    E Section Name        Object

    0x20000000   COMPRESSED   0x00000011   Data   RW           14    .data               main.o
    0x20000011   COMPRESSED   0x00000003   PAD
    0x20000014   COMPRESSED   0x00000004   Data   RW          231    .data               systick.o
    0x20000018   COMPRESSED   0x00000004   Data   RW          388    .data               system_gd32e10x.o
    0x2000001c   COMPRESSED   0x00000024   Data   RW         4342    .data               uart.o
    0x20000040   COMPRESSED   0x0000002c   Data   RW         4770    .data               manipulator.o
    0x2000006c   COMPRESSED   0x00000004   Data   RW         4820    .data               cdc_acm.lib(app.o)
    0x20000070   COMPRESSED   0x0000000c   Data   RW         5032    .data               cdc_acm.lib(gd32e10x_hw.o)
    0x2000007c   COMPRESSED   0x00000008   Data   RW         5103    .data               cdc_acm.lib(drv_usb_dev.o)
    0x20000084   COMPRESSED   0x000000c4   Data   RW         5363    .data               cdc_acm.lib(cdc_acm_core.o)
    0x20000148   COMPRESSED   0x00000043   Data   RW         5518    .data               cdc_acm.lib(usbd_enum.o)
    0x2000018b   COMPRESSED   0x00000001   PAD
    0x2000018c   COMPRESSED   0x00000004   Data   RW         5749    .data               mc_w.l(mvars.o)
    0x20000190   COMPRESSED   0x00000004   Data   RW         5750    .data               mc_w.l(mvars.o)
    0x20000194        -       0x000001f8   Zero   RW           12    .bss                main.o
    0x2000038c        -       0x00000010   Zero   RW         2557    .bss                gd32e10x_pmu.o
    0x2000039c        -       0x000000c0   Zero   RW         4179    .bss                adc.o
    0x2000045c        -       0x00000920   Zero   RW         4341    .bss                uart.o
    0x20000d7c        -       0x00000058   Zero   RW         5361    .bss                cdc_acm.lib(cdc_acm_core.o)
    0x20000dd4   COMPRESSED   0x00000004   PAD
    0x20000dd8        -       0x00000400   Zero   RW         4100    HEAP                startup_gd32e10x.o
    0x200011d8        -       0x00000400   Zero   RW         4099    STACK               startup_gd32e10x.o


==============================================================================

Image component sizes


      Code (inc. data)   RO Data    RW Data    ZI Data      Debug   Object Name

        60          0          0          0          0       2041   74hc4051bq.o
       582         32          0          0        192       5396   adc.o
       420          0          0          0          0       6110   circular_buffer.o
       656         10          0          0          0       9079   gd32e10x_adc.o
       452          4        192          0          0      20125   gd32e10x_can.o
      1020          6          0          0          0      17170   gd32e10x_dma.o
       212         16          0          0          0       6288   gd32e10x_exti.o
       340          6          0          0          0       3352   gd32e10x_gpio.o
        56          0          0          0          0       6233   gd32e10x_it.o
       212         28          0          0          0       2328   gd32e10x_misc.o
       196         26          0          0         16        803   gd32e10x_pmu.o
       616         76          0          0          0      21370   gd32e10x_rcu.o
       240         30          0          0          0      21633   gd32e10x_timer.o
       444         16          0          0          0      13645   gd32e10x_usart.o
       208         22          0          0          0       1834   led.o
       678         46          0         17        504      55179   main.o
       556         36          0         44          0       5382   manipulator.o
       460         18          0          0          0       4263   pid.o
        36          8        336          0       2048        952   startup_gd32e10x.o
       348         38          0          4          0       2263   system_gd32e10x.o
       196         32          0          4          0      28212   systick.o
      1012        170          0         36       2336      10915   uart.o

    ----------------------------------------------------------------------
      9018        620        560        108       5096     244573   Object Totals
         0          0         32          0          0          0   (incl. Generated)
        18          0          0          3          0          0   (incl. Padding)

    ----------------------------------------------------------------------

      Code (inc. data)   RO Data    RW Data    ZI Data      Debug   Library Member Name

        86         14          0          4          0      44727   app.o
       490         12        375        196         88       6611   cdc_acm_core.o
       664          6          0          0          0      21139   drv_usb_core.o
      1260         28          4          8          0      13972   drv_usb_dev.o
      1204         22         52          0          0      10491   drv_usbd_int.o
       474         54          0         12          0       5327   gd32e10x_hw.o
        80         12          0          0          0       1623   gd32e10x_it.o
       564          6         16          0          0      12624   usbd_core.o
      1502         46          0         67          0      22018   usbd_enum.o
       552          0          0          0          0       6083   usbd_transc.o
        86          0          0          0          0          0   __dczerorl2.o
        28          0          0          0          0         76   calloc.o
         0          0          0          0          0          0   entry.o
         0          0          0          0          0          0   entry10a.o
         0          0          0          0          0          0   entry11a.o
         4          0          0          0          0          0   entry12b.o
         8          4          0          0          0          0   entry2.o
         4          0          0          0          0          0   entry5.o
         0          0          0          0          0          0   entry7b.o
         0          0          0          0          0          0   entry8b.o
         8          4          0          0          0          0   entry9a.o
        30          0          0          0          0          0   handlers.o
        36          8          0          0          0         68   init.o
        30          0          0          0          0         68   llshl.o
        32          0          0          0          0         68   llushr.o
       108         16          0          0          0         84   malloc.o
        36          0          0          0          0         68   memcpya.o
        36          0          0          0          0        108   memseta.o
         0          0          0          8          0          0   mvars.o
        98          0          0          0          0         92   uldiv.o

    ----------------------------------------------------------------------
      7442        232        448        296         92     145247   Library Totals
        22          0          1          1          4          0   (incl. Padding)

    ----------------------------------------------------------------------

      Code (inc. data)   RO Data    RW Data    ZI Data      Debug   Library Name

      6876        200        447        287         88     144615   cdc_acm.lib
       544         32          0          8          0        632   mc_w.l

    ----------------------------------------------------------------------
      7442        232        448        296         92     145247   Library Totals

    ----------------------------------------------------------------------

==============================================================================


      Code (inc. data)   RO Data    RW Data    ZI Data      Debug   

     16460        852       1008        404       5188     368744   Grand Totals
     16460        852       1008        136       5188     368744   ELF Image Totals (compressed)
     16460        852       1008        136          0          0   ROM Totals

==============================================================================

    Total RO  Size (Code + RO Data)                17468 (  17.06kB)
    Total RW  Size (RW Data + ZI Data)              5592 (   5.46kB)
    Total ROM Size (Code + RO Data + RW Data)      17604 (  17.19kB)

==============================================================================

