Component: ARM Compiler 5.06 update 7 (build 960) Tool: armlink [4d3601]

==============================================================================

Section Cross References

    main.o(i.CAN0_RX0_IRQHandler) refers to gd32e10x_can.o(i.can_message_receive) for can_message_receive
    main.o(i.CAN0_RX0_IRQHandler) refers to main.o(.data) for led_flag_red
    main.o(i.TIMER3_IRQHandler) refers to gd32e10x_timer.o(i.timer_interrupt_flag_get) for timer_interrupt_flag_get
    main.o(i.TIMER3_IRQHandler) refers to gd32e10x_timer.o(i.timer_interrupt_flag_clear) for timer_interrupt_flag_clear
    main.o(i.do_crc_table) refers to main.o(.constdata) for crc_table
    main.o(i.main) refers to systick.o(i.systick_config) for systick_config
    main.o(i.main) refers to adc.o(i.adc_init) for adc_init
    main.o(i.main) refers to led.o(i.led_init) for led_init
    main.o(i.main) refers to 74hc4051bq.o(i.rs2251IoInit) for rs2251IoInit
    main.o(i.main) refers to uart.o(i.usart0_init) for usart0_init
    main.o(i.main) refers to app.o(i.usb_init) for usb_init
    main.o(i.main) refers to systick.o(i.delay_1ms) for delay_1ms
    main.o(i.main) refers to priv_i2c.o(i.i2c_init) for i2c_init
    main.o(i.main) refers to i2c_xl9555.o(i.xl9555_init) for xl9555_init
    main.o(i.main) refers to uldiv.o(.text) for __aeabi_uldivmod
    main.o(i.main) refers to gd32e10x_gpio.o(i.gpio_bit_set) for gpio_bit_set
    main.o(i.main) refers to gd32e10x_gpio.o(i.gpio_bit_reset) for gpio_bit_reset
    main.o(i.main) refers to i2c_xl9555.o(i.xl9555_io_set) for xl9555_io_set
    main.o(i.main) refers to memcpya.o(.text) for __aeabi_memcpy
    main.o(i.main) refers to main.o(i.CalChecksum) for CalChecksum
    main.o(i.main) refers to app.o(i.usb_send_buffer) for usb_send_buffer
    main.o(i.main) refers to main.o(.bss) for process_handle
    systick.o(i.delay_1ms) refers to systick.o(.data) for delay
    systick.o(i.delay_decrement) refers to systick.o(.data) for delay
    systick.o(i.delay_decrement) refers to main.o(.data) for total_time_1
    systick.o(i.systick_config) refers to systick.o(i.NVIC_SetPriority) for NVIC_SetPriority
    systick.o(i.systick_config) refers to system_gd32e10x.o(.data) for SystemCoreClock
    systick.o(i.systick_get_tick) refers to main.o(.data) for total_time_1
    gd32e10x_it.o(i.SysTick_Handler) refers to systick.o(i.delay_decrement) for delay_decrement
    gd32e10x_it.o(i.TIMER2_IRQHandler) refers to gd32e10x_it.o(i.TIMER2_IRQHandler_lib) for TIMER2_IRQHandler_lib
    gd32e10x_it.o(i.USBFS_IRQHandler) refers to gd32e10x_it.o(i.USBFS_IRQHandler_lib) for USBFS_IRQHandler_lib
    gd32e10x_it.o(i.USBFS_WKUP_IRQHandler) refers to gd32e10x_it.o(i.USBFS_WKUP_IRQHandler_lib) for USBFS_WKUP_IRQHandler_lib
    system_gd32e10x.o(i.SystemCoreClockUpdate) refers to system_gd32e10x.o(.data) for SystemCoreClock
    system_gd32e10x.o(i.SystemInit) refers to system_gd32e10x.o(i.system_clock_config) for system_clock_config
    system_gd32e10x.o(i.SystemInit) refers to gd32e10x_misc.o(i.nvic_vector_table_set) for nvic_vector_table_set
    system_gd32e10x.o(i.system_clock_config) refers to system_gd32e10x.o(i.system_clock_120m_hxtal) for system_clock_120m_hxtal
    gd32e10x_adc.o(i.adc_deinit) refers to gd32e10x_rcu.o(i.rcu_periph_reset_enable) for rcu_periph_reset_enable
    gd32e10x_adc.o(i.adc_deinit) refers to gd32e10x_rcu.o(i.rcu_periph_reset_disable) for rcu_periph_reset_disable
    gd32e10x_bkp.o(i.bkp_deinit) refers to gd32e10x_rcu.o(i.rcu_bkp_reset_enable) for rcu_bkp_reset_enable
    gd32e10x_bkp.o(i.bkp_deinit) refers to gd32e10x_rcu.o(i.rcu_bkp_reset_disable) for rcu_bkp_reset_disable
    gd32e10x_can.o(i.can_debug_freeze_disable) refers to gd32e10x_dbg.o(i.dbg_periph_disable) for dbg_periph_disable
    gd32e10x_can.o(i.can_debug_freeze_enable) refers to gd32e10x_dbg.o(i.dbg_periph_enable) for dbg_periph_enable
    gd32e10x_can.o(i.can_deinit) refers to gd32e10x_rcu.o(i.rcu_periph_reset_enable) for rcu_periph_reset_enable
    gd32e10x_can.o(i.can_deinit) refers to gd32e10x_rcu.o(i.rcu_periph_reset_disable) for rcu_periph_reset_disable
    gd32e10x_can.o(i.can_fd_frequency_set) refers to gd32e10x_can.o(i.can_working_mode_set) for can_working_mode_set
    gd32e10x_can.o(i.can_fd_frequency_set) refers to gd32e10x_can.o(i.dev_can_baudrate_set) for dev_can_baudrate_set
    gd32e10x_can.o(i.can_filter_mask_mode_init) refers to gd32e10x_can.o(i.can_struct_para_init) for can_struct_para_init
    gd32e10x_can.o(i.can_filter_mask_mode_init) refers to gd32e10x_can.o(i.can_filter_init) for can_filter_init
    gd32e10x_can.o(i.can_frequency_set) refers to gd32e10x_can.o(i.can_working_mode_set) for can_working_mode_set
    gd32e10x_can.o(i.can_frequency_set) refers to gd32e10x_can.o(i.dev_can_baudrate_set) for dev_can_baudrate_set
    gd32e10x_can.o(i.can_message_receive) refers to gd32e10x_can.o(.constdata) for g_can_fdlength_table
[...]
    _usb_std_getstatus                       0x08000959   Thumb Code   192  usbd_enum.o(i._usb_std_getstatus)
    i._usb_std_reserved                      0x08000a1c   Section        0  usbd_enum.o(i._usb_std_reserved)
    _usb_std_reserved                        0x08000a1d   Thumb Code     6  usbd_enum.o(i._usb_std_reserved)
    i._usb_std_setaddress                    0x08000a22   Section        0  usbd_enum.o(i._usb_std_setaddress)
    _usb_std_setaddress                      0x08000a23   Thumb Code    92  usbd_enum.o(i._usb_std_setaddress)
    i._usb_std_setconfiguration              0x08000a80   Section        0  usbd_enum.o(i._usb_std_setconfiguration)
    _usb_std_setconfiguration                0x08000a81   Thumb Code   176  usbd_enum.o(i._usb_std_setconfiguration)
    i._usb_std_setdescriptor                 0x08000b34   Section        0  usbd_enum.o(i._usb_std_setdescriptor)
    _usb_std_setdescriptor                   0x08000b35   Thumb Code     6  usbd_enum.o(i._usb_std_setdescriptor)
    i._usb_std_setfeature                    0x08000b3a   Section        0  usbd_enum.o(i._usb_std_setfeature)
    _usb_std_setfeature                      0x08000b3b   Thumb Code   104  usbd_enum.o(i._usb_std_setfeature)
    i._usb_std_setinterface                  0x08000ba2   Section        0  usbd_enum.o(i._usb_std_setinterface)
    _usb_std_setinterface                    0x08000ba3   Thumb Code    68  usbd_enum.o(i._usb_std_setinterface)
    i._usb_std_synchframe                    0x08000be6   Section        0  usbd_enum.o(i._usb_std_synchframe)
    _usb_std_synchframe                      0x08000be7   Thumb Code     6  usbd_enum.o(i._usb_std_synchframe)
    i._usb_str_desc_get                      0x08000bec   Section        0  usbd_enum.o(i._usb_str_desc_get)
    _usb_str_desc_get                        0x08000bed   Thumb Code    20  usbd_enum.o(i._usb_str_desc_get)
    i.adc_calibration_enable                 0x08000c00   Section        0  gd32e10x_adc.o(i.adc_calibration_enable)
    i.adc_channel_length_config              0x08000c2a   Section        0  gd32e10x_adc.o(i.adc_channel_length_config)
    i.adc_config                             0x08000c70   Section        0  adc.o(i.adc_config)
    i.adc_data_alignment_config              0x08000da0   Section        0  gd32e10x_adc.o(i.adc_data_alignment_config)
    i.adc_deinit                             0x08000db8   Section        0  gd32e10x_adc.o(i.adc_deinit)
    i.adc_dma_mode_enable                    0x08000df8   Section        0  gd32e10x_adc.o(i.adc_dma_mode_enable)
    i.adc_enable                             0x08000e02   Section        0  gd32e10x_adc.o(i.adc_enable)
    i.adc_external_trigger_config            0x08000e14   Section        0  gd32e10x_adc.o(i.adc_external_trigger_config)
    i.adc_external_trigger_source_config     0x08000e52   Section        0  gd32e10x_adc.o(i.adc_external_trigger_source_config)
    i.adc_init                               0x08000e82   Section        0  adc.o(i.adc_init)
    i.adc_mode_config                        0x08000e9c   Section        0  gd32e10x_adc.o(i.adc_mode_config)
    i.adc_regular_channel_config             0x08000eb8   Section        0  gd32e10x_adc.o(i.adc_regular_channel_config)
    i.adc_software_trigger_enable            0x08000f64   Section        0  gd32e10x_adc.o(i.adc_software_trigger_enable)
    i.adc_special_function_config            0x08000f82   Section        0  gd32e10x_adc.o(i.adc_special_function_config)
    i.can_message_receive                    0x08000fdc   Section        0  gd32e10x_can.o(i.can_message_receive)
    i.cdc_acm_deinit                         0x080011a0   Section        0  cdc_acm_core.o(i.cdc_acm_deinit)
    cdc_acm_deinit                           0x080011a1   Thumb Code    34  cdc_acm_core.o(i.cdc_acm_deinit)
    i.cdc_acm_in                             0x080011c2   Section        0  cdc_acm_core.o(i.cdc_acm_in)
    cdc_acm_in                               0x080011c3   Thumb Code    70  cdc_acm_core.o(i.cdc_acm_in)
    i.cdc_acm_init                           0x08001208   Section        0  cdc_acm_core.o(i.cdc_acm_init)
    cdc_acm_init                             0x08001209   Thumb Code    84  cdc_acm_core.o(i.cdc_acm_init)
    i.cdc_acm_out                            0x08001268   Section        0  cdc_acm_core.o(i.cdc_acm_out)
    cdc_acm_out                              0x08001269   Thumb Code    32  cdc_acm_core.o(i.cdc_acm_out)
    i.cdc_acm_req                            0x08001288   Section        0  cdc_acm_core.o(i.cdc_acm_req)
    cdc_acm_req                              0x08001289   Thumb Code   176  cdc_acm_core.o(i.cdc_acm_req)
    i.cdc_ctlx_out                           0x08001338   Section        0  cdc_acm_core.o(i.cdc_ctlx_out)
    cdc_ctlx_out                             0x08001339   Thumb Code    82  cdc_acm_core.o(i.cdc_ctlx_out)
    i.delay_1ms                              0x0800138c   Section        0  systick.o(i.delay_1ms)
    i.delay_decrement                        0x080013a0   Section        0  systick.o(i.delay_decrement)
    i.dma0_ch3_usart0_tx_init                0x080013cc   Section        0  uart.o(i.dma0_ch3_usart0_tx_init)
    i.dma0_ch4_usart0_rx_init                0x0800144c   Section        0  uart.o(i.dma0_ch4_usart0_rx_init)
    i.dma_channel_disable                    0x080014c8   Section        0  gd32e10x_dma.o(i.dma_channel_disable)
    i.dma_channel_enable                     0x080014fa   Section        0  gd32e10x_dma.o(i.dma_channel_enable)
    i.dma_circulation_disable                0x0800152c   Section        0  gd32e10x_dma.o(i.dma_circulation_disable)
    i.dma_circulation_enable                 0x0800155e   Section        0  gd32e10x_dma.o(i.dma_circulation_enable)
    i.dma_config                             0x08001590   Section        0  adc.o(i.dma_config)
    i.dma_deinit                             0x080015f0   Section        0  gd32e10x_dma.o(i.dma_deinit)
    i.dma_init                               0x08001660   Section        0  gd32e10x_dma.o(i.dma_init)
    i.dma_interrupt_enable                   0x0800178e   Section        0  gd32e10x_dma.o(i.dma_interrupt_enable)
    i.dma_interrupt_flag_clear               0x080017c0   Section        0  gd32e10x_dma.o(i.dma_interrupt_flag_clear)
    i.dma_interrupt_flag_get                 0x080017d0   Section        0  gd32e10x_dma.o(i.dma_interrupt_flag_get)
    i.dma_memory_to_memory_disable           0x08001852   Section        0  gd32e10x_dma.o(i.dma_memory_to_memory_disable)
    i.dma_periph_and_channel_check           0x08001884   Section        0  gd32e10x_dma.o(i.dma_periph_and_channel_check)
    dma_periph_and_channel_check             0x08001885   Thumb Code    18  gd32e10x_dma.o(i.dma_periph_and_channel_check)
    i.dma_struct_para_init                   0x0800189c   Section        0  gd32e10x_dma.o(i.dma_struct_para_init)
    i.dma_transfer_number_config             0x080018b8   Section        0  gd32e10x_dma.o(i.dma_transfer_number_config)
    i.dma_transfer_number_get                0x080018de   Section        0  gd32e10x_dma.o(i.dma_transfer_number_get)
    i.exti_init                              0x08001900   Section        0  gd32e10x_exti.o(i.exti_init)
    i.exti_interrupt_enable                  0x080019b8   Section        0  gd32e10x_exti.o(i.exti_interrupt_enable)
    i.exti_interrupt_flag_clear              0x080019c8   Section        0  gd32e10x_exti.o(i.exti_interrupt_flag_clear)
    i.gd_eval_com_init                       0x080019d4   Section        0  uart.o(i.gd_eval_com_init)
    i.gpio_bit_reset                         0x08001a74   Section        0  gd32e10x_gpio.o(i.gpio_bit_reset)
    i.gpio_bit_set                           0x08001a78   Section        0  gd32e10x_gpio.o(i.gpio_bit_set)
    i.gpio_config                            0x08001a7c   Section        0  adc.o(i.gpio_config)
    i.gpio_init                              0x08001b4c   Section        0  gd32e10x_gpio.o(i.gpio_init)
    i.gpio_pin_remap_config                  0x08001c08   Section        0  gd32e10x_gpio.o(i.gpio_pin_remap_config)
    i.hw_delay                               0x08001c98   Section        0  gd32e10x_hw.o(i.hw_delay)
    hw_delay                                 0x08001c99   Thumb Code    34  gd32e10x_hw.o(i.hw_delay)
    i.hw_time_set                            0x08001cc4   Section        0  gd32e10x_hw.o(i.hw_time_set)
    hw_time_set                              0x08001cc5   Thumb Code   102  gd32e10x_hw.o(i.hw_time_set)
    i.i2c_ack_config                         0x08001d34   Section        0  gd32e10x_i2c.o(i.i2c_ack_config)
    i.i2c_clock_config                       0x08001d4c   Section        0  gd32e10x_i2c.o(i.i2c_clock_config)
    i.i2c_data_transmit                      0x08001e8c   Section        0  gd32e10x_i2c.o(i.i2c_data_transmit)
    i.i2c_enable                             0x08001e92   Section        0  gd32e10x_i2c.o(i.i2c_enable)
    i.i2c_flag_clear                         0x08001e9c   Section        0  gd32e10x_i2c.o(i.i2c_flag_clear)
    i.i2c_flag_get                           0x08001ec4   Section        0  gd32e10x_i2c.o(i.i2c_flag_get)
    i.i2c_init                               0x08001ee4   Section        0  priv_i2c.o(i.i2c_init)
    i.i2c_master_addressing                  0x08001f34   Section        0  gd32e10x_i2c.o(i.i2c_master_addressing)
    i.i2c_mode_addr_config                   0x08001f48   Section        0  gd32e10x_i2c.o(i.i2c_mode_addr_config)
    i.i2c_start_on_bus                       0x08001f64   Section        0  gd32e10x_i2c.o(i.i2c_start_on_bus)
    i.i2c_stop_on_bus                        0x08001f6e   Section        0  gd32e10x_i2c.o(i.i2c_stop_on_bus)
    i.i2c_write_data                         0x08001f78   Section        0  priv_i2c.o(i.i2c_write_data)
    i.int_to_unicode                         0x0800202c   Section        0  usbd_enum.o(i.int_to_unicode)
    i.led_init                               0x08002068   Section        0  led.o(i.led_init)
    i.main                                   0x0800209c   Section        0  main.o(i.main)
    i.malloc                                 0x080021c8   Section        0  malloc.o(i.malloc)
    i.nvic_config                            0x08002234   Section        0  uart.o(i.nvic_config)
    i.nvic_irq_enable                        0x0800228c   Section        0  gd32e10x_misc.o(i.nvic_irq_enable)
    i.nvic_priority_group_set                0x08002338   Section        0  gd32e10x_misc.o(i.nvic_priority_group_set)
    i.nvic_vector_table_set                  0x0800234c   Section        0  gd32e10x_misc.o(i.nvic_vector_table_set)
    i.pmu_to_deepsleepmode                   0x08002360   Section        0  gd32e10x_pmu.o(i.pmu_to_deepsleepmode)
    i.rcu_adc_clock_config                   0x08002424   Section        0  gd32e10x_rcu.o(i.rcu_adc_clock_config)
    i.rcu_clock_freq_get                     0x08002490   Section        0  gd32e10x_rcu.o(i.rcu_clock_freq_get)
    i.rcu_config                             0x08002614   Section        0  adc.o(i.rcu_config)
    i.rcu_periph_clock_enable                0x08002648   Section        0  gd32e10x_rcu.o(i.rcu_periph_clock_enable)
    i.rcu_periph_reset_disable               0x08002668   Section        0  gd32e10x_rcu.o(i.rcu_periph_reset_disable)
    i.rcu_periph_reset_enable                0x08002688   Section        0  gd32e10x_rcu.o(i.rcu_periph_reset_enable)
    i.rcu_usb_clock_config                   0x080026a8   Section        0  gd32e10x_rcu.o(i.rcu_usb_clock_config)
    i.read_adc_value                         0x080026c0   Section        0  adc.o(i.read_adc_value)
    i.rs2251IoInit                           0x08002738   Section        0  74hc4051bq.o(i.rs2251IoInit)
    i.serial_string_get                      0x08002760   Section        0  usbd_enum.o(i.serial_string_get)
    i.single_xl9555_io_set                   0x080027ac   Section        0  i2c_xl9555.o(i.single_xl9555_io_set)
    i.system_clock_120m_hxtal                0x0800281c   Section        0  system_gd32e10x.o(i.system_clock_120m_hxtal)
    system_clock_120m_hxtal                  0x0800281d   Thumb Code   226  system_gd32e10x.o(i.system_clock_120m_hxtal)
    i.system_clock_config                    0x08002918   Section        0  system_gd32e10x.o(i.system_clock_config)
    system_clock_config                      0x08002919   Thumb Code     8  system_gd32e10x.o(i.system_clock_config)
    i.systick_config                         0x08002920   Section        0  systick.o(i.systick_config)
    i.timer_auto_reload_shadow_enable        0x08002970   Section        0  gd32e10x_timer.o(i.timer_auto_reload_shadow_enable)
    i.timer_disable                          0x0800297a   Section        0  gd32e10x_timer.o(i.timer_disable)
    i.timer_enable                           0x08002984   Section        0  gd32e10x_timer.o(i.timer_enable)
    i.timer_init                             0x08002990   Section        0  gd32e10x_timer.o(i.timer_init)
    i.timer_interrupt_disable                0x08002a34   Section        0  gd32e10x_timer.o(i.timer_interrupt_disable)
    i.timer_interrupt_enable                 0x08002a3c   Section        0  gd32e10x_timer.o(i.timer_interrupt_enable)
    i.timer_interrupt_flag_clear             0x08002a44   Section        0  gd32e10x_timer.o(i.timer_interrupt_flag_clear)
    i.timer_interrupt_flag_get               0x08002a4a   Section        0  gd32e10x_timer.o(i.timer_interrupt_flag_get)
    i.usart0_init                            0x08002a64   Section        0  uart.o(i.usart0_init)
    i.usart_baudrate_set                     0x08002a94   Section        0  gd32e10x_usart.o(i.usart_baudrate_set)
    i.usart_deinit                           0x08002b24   Section        0  gd32e10x_usart.o(i.usart_deinit)
    i.usart_dma_receive_config               0x08002bb4   Section        0  gd32e10x_usart.o(i.usart_dma_receive_config)
    i.usart_enable                           0x08002bc4   Section        0  gd32e10x_usart.o(i.usart_enable)
    i.usart_interrupt_enable                 0x08002bce   Section        0  gd32e10x_usart.o(i.usart_interrupt_enable)
    i.usart_interrupt_flag_get               0x08002be8   Section        0  gd32e10x_usart.o(i.usart_interrupt_flag_get)
    i.usart_receive_config                   0x08002c20   Section        0  gd32e10x_usart.o(i.usart_receive_config)
    i.usart_transmit_config                  0x08002c30   Section        0  gd32e10x_usart.o(i.usart_transmit_config)
    i.usb_basic_init                         0x08002c40   Section        0  drv_usb_core.o(i.usb_basic_init)
    i.usb_clock_active                       0x08002d1a   Section        0  drv_usb_dev.o(i.usb_clock_active)
    i.usb_core_init                          0x08002d3c   Section        0  drv_usb_core.o(i.usb_core_init)
    i.usb_core_reset                         0x08002dd4   Section        0  drv_usb_core.o(i.usb_core_reset)
    usb_core_reset                           0x08002dd5   Thumb Code    38  drv_usb_core.o(i.usb_core_reset)
    i.usb_ctlep_startout                     0x08002dfc   Section        0  drv_usb_dev.o(i.usb_ctlep_startout)
    i.usb_curmode_set                        0x08002e08   Section        0  drv_usb_core.o(i.usb_curmode_set)
    i.usb_devcore_init                       0x08002e38   Section        0  drv_usb_dev.o(i.usb_devcore_init)
    i.usb_devint_enable                      0x08002f88   Section        0  drv_usb_dev.o(i.usb_devint_enable)
    i.usb_iepintr_read                       0x08002fc8   Section        0  drv_usb_dev.o(i.usb_iepintr_read)
    i.usb_init                               0x08002ff4   Section        0  app.o(i.usb_init)
    i.usb_intr_config                        0x08003034   Section        0  gd32e10x_hw.o(i.usb_intr_config)
    i.usb_mdelay                             0x08003078   Section        0  gd32e10x_hw.o(i.usb_mdelay)
    i.usb_rcu_config                         0x08003088   Section        0  gd32e10x_hw.o(i.usb_rcu_config)
    i.usb_rxfifo_flush                       0x08003110   Section        0  drv_usb_core.o(i.usb_rxfifo_flush)
    i.usb_rxfifo_read                        0x08003132   Section        0  drv_usb_core.o(i.usb_rxfifo_read)
    i.usb_send_buffer                        0x08003150   Section        0  app.o(i.usb_send_buffer)
    i.usb_set_txfifo                         0x08003166   Section        0  drv_usb_core.o(i.usb_set_txfifo)
    i.usb_timer_init                         0x080031ae   Section        0  gd32e10x_hw.o(i.usb_timer_init)
    i.usb_timer_irq                          0x080031cc   Section        0  gd32e10x_hw.o(i.usb_timer_irq)
    i.usb_transc_active                      0x08003204   Section        0  drv_usb_dev.o(i.usb_transc_active)
    i.usb_transc_clrstall                    0x0800329c   Section        0  drv_usb_dev.o(i.usb_transc_clrstall)
    i.usb_transc_deactivate                  0x080032e0   Section        0  drv_usb_dev.o(i.usb_transc_deactivate)
    i.usb_transc_inxfer                      0x08003344   Section        0  drv_usb_dev.o(i.usb_transc_inxfer)
    i.usb_transc_outxfer                     0x0800344a   Section        0  drv_usb_dev.o(i.usb_transc_outxfer)
    i.usb_transc_stall                       0x080034c8   Section        0  drv_usb_dev.o(i.usb_transc_stall)
    i.usb_txfifo_flush                       0x0800350a   Section        0  drv_usb_core.o(i.usb_txfifo_flush)
    i.usb_txfifo_write                       0x08003532   Section        0  drv_usb_core.o(i.usb_txfifo_write)
    i.usb_udelay                             0x08003554   Section        0  gd32e10x_hw.o(i.usb_udelay)
    i.usbd_class_request                     0x08003562   Section        0  usbd_enum.o(i.usbd_class_request)
    i.usbd_connect                           0x08003588   Section        0  usbd_core.o(i.usbd_connect)
    i.usbd_ctl_recev                         0x080035a4   Section        0  usbd_transc.o(i.usbd_ctl_recev)
    i.usbd_ctl_send                          0x080035d2   Section        0  usbd_transc.o(i.usbd_ctl_send)
    i.usbd_ctl_status_recev                  0x08003600   Section        0  usbd_transc.o(i.usbd_ctl_status_recev)
    i.usbd_ctl_status_send                   0x08003620   Section        0  usbd_transc.o(i.usbd_ctl_status_send)
    i.usbd_disconnect                        0x08003640   Section        0  usbd_core.o(i.usbd_disconnect)
    i.usbd_emptytxfifo_write                 0x0800365c   Section        0  drv_usbd_int.o(i.usbd_emptytxfifo_write)
    usbd_emptytxfifo_write                   0x0800365d   Thumb Code   140  drv_usbd_int.o(i.usbd_emptytxfifo_write)
    i.usbd_enum_error                        0x080036e8   Section        0  usbd_enum.o(i.usbd_enum_error)
    i.usbd_ep_clear                          0x08003706   Section        0  usbd_core.o(i.usbd_ep_clear)
    i.usbd_ep_recev                          0x0800373a   Section        0  usbd_core.o(i.usbd_ep_recev)
    i.usbd_ep_send                           0x0800376e   Section        0  usbd_core.o(i.usbd_ep_send)
    i.usbd_ep_setup                          0x080037a4   Section        0  usbd_core.o(i.usbd_ep_setup)
    i.usbd_ep_stall                          0x08003814   Section        0  usbd_core.o(i.usbd_ep_stall)
    i.usbd_ep_stall_clear                    0x0800384e   Section        0  usbd_core.o(i.usbd_ep_stall_clear)
    i.usbd_in_transc                         0x08003888   Section        0  usbd_transc.o(i.usbd_in_transc)
    i.usbd_init                              0x0800391a   Section        0  usbd_core.o(i.usbd_init)
    i.usbd_int_enumfinish                    0x08003998   Section        0  drv_usbd_int.o(i.usbd_int_enumfinish)
    usbd_int_enumfinish                      0x08003999   Thumb Code    98  drv_usbd_int.o(i.usbd_int_enumfinish)
    i.usbd_int_epin                          0x08003a00   Section        0  drv_usbd_int.o(i.usbd_int_epin)
    usbd_int_epin                            0x08003a01   Thumb Code   116  drv_usbd_int.o(i.usbd_int_epin)
    i.usbd_int_epout                         0x08003a74   Section        0  drv_usbd_int.o(i.usbd_int_epout)
    usbd_int_epout                           0x08003a75   Thumb Code   126  drv_usbd_int.o(i.usbd_int_epout)
    i.usbd_int_reset                         0x08003af4   Section        0  drv_usbd_int.o(i.usbd_int_reset)
    usbd_int_reset                           0x08003af5   Thumb Code   208  drv_usbd_int.o(i.usbd_int_reset)
    i.usbd_int_rxfifo                        0x08003bcc   Section        0  drv_usbd_int.o(i.usbd_int_rxfifo)
    usbd_int_rxfifo                          0x08003bcd   Thumb Code   178  drv_usbd_int.o(i.usbd_int_rxfifo)
    i.usbd_int_suspend                       0x08003c7e   Section        0  drv_usbd_int.o(i.usbd_int_suspend)
    usbd_int_suspend                         0x08003c7f   Thumb Code   102  drv_usbd_int.o(i.usbd_int_suspend)
    i.usbd_isr                               0x08003ce4   Section        0  drv_usbd_int.o(i.usbd_isr)
    i.usbd_out_transc                        0x08003dc2   Section        0  usbd_transc.o(i.usbd_out_transc)
    i.usbd_setup_transc                      0x08003e38   Section        0  usbd_transc.o(i.usbd_setup_transc)
    i.usbd_standard_request                  0x08003ebc   Section        0  usbd_enum.o(i.usbd_standard_request)
    i.usbd_vendor_request                    0x08003ed8   Section        0  usbd_enum.o(i.usbd_vendor_request)
    i.xl9555_init                            0x08003ee0   Section        0  i2c_xl9555.o(i.xl9555_init)
    i.xl9555_io_set                          0x08003f30   Section        0  i2c_xl9555.o(i.xl9555_io_set)
    .constdata                               0x08003fb8   Section      192  gd32e10x_can.o(.constdata)
    timing_pts                               0x08003fc0   Data         184  gd32e10x_can.o(.constdata)
    .constdata                               0x08004078   Section        4  drv_usb_dev.o(.constdata)
    EP0_MAXLEN                               0x08004078   Data           4  drv_usb_dev.o(.constdata)
    .constdata                               0x0800407c   Section       52  drv_usbd_int.o(.constdata)
    USB_SPEED                                0x0800407c   Data           4  drv_usbd_int.o(.constdata)
    <Data1>                                  0x08004080   Data          24  drv_usbd_int.o(.constdata)
    <Data2>                                  0x08004098   Data          24  drv_usbd_int.o(.constdata)
    .constdata                               0x080040b0   Section       16  usbd_core.o(.constdata)
    .constdata                               0x080040c0   Section      375  cdc_acm_core.o(.constdata)
    usbd_language_id_desc                    0x08004115   Data           4  cdc_acm_core.o(.constdata)
    manufacturer_string                      0x08004119   Data         130  cdc_acm_core.o(.constdata)
    product_string                           0x0800419b   Data         130  cdc_acm_core.o(.constdata)
    .data                                    0x20000000   Section       17  main.o(.data)
    led_flag_red                             0x20000010   Data           1  main.o(.data)
    .data                                    0x20000014   Section        4  systick.o(.data)
    delay                                    0x20000014   Data           4  systick.o(.data)
    .data                                    0x20000018   Section        4  system_gd32e10x.o(.data)
    .data                                    0x2000001c   Section       36  uart.o(.data)
    COM_CLK                                  0x2000001e   Data           4  uart.o(.data)
    COM_TX_PIN                               0x20000024   Data           8  uart.o(.data)
    COM_RX_PIN                               0x2000002c   Data           8  uart.o(.data)
    COM_GPIO_PORT                            0x20000034   Data           8  uart.o(.data)
    COM_GPIO_CLK                             0x2000003c   Data           4  uart.o(.data)
    .data                                    0x20000040   Section        9  i2c_xl9555.o(.data)
    gate_num                                 0x20000048   Data           1  i2c_xl9555.o(.data)
    .data                                    0x2000004c   Section        4  app.o(.data)
    .data                                    0x20000050   Section       12  gd32e10x_hw.o(.data)
    .data                                    0x2000005c   Section        8  drv_usb_dev.o(.data)
    USBFS_TX_FIFO_SIZE                       0x2000005c   Data           8  drv_usb_dev.o(.data)
    .data                                    0x20000064   Section      196  cdc_acm_core.o(.data)
    serial_string                            0x20000064   Data         130  cdc_acm_core.o(.data)
    .data                                    0x20000128   Section       67  usbd_enum.o(.data)
    _std_dev_req                             0x20000128   Data          52  usbd_enum.o(.data)
    std_desc_get                             0x2000015c   Data          12  usbd_enum.o(.data)
    status                                   0x20000168   Data           2  usbd_enum.o(.data)
    config                                   0x2000016a   Data           1  usbd_enum.o(.data)
    .data                                    0x2000016c   Section        4  mvars.o(.data)
    .data                                    0x20000170   Section        4  mvars.o(.data)
    .bss                                     0x20000174   Section    16522  main.o(.bss)
    .bss                                     0x20004200   Section       64  adc.o(.bss)
    .bss                                     0x20004240   Section     2336  uart.o(.bss)
    .bss                                     0x20004b60   Section       88  cdc_acm_core.o(.bss)
    cdc_handler                              0x20004b60   Data          88  cdc_acm_core.o(.bss)
    .bss                                     0x20004bb8   Section       16  gd32e10x_pmu.o(.bss)
    reg_snap                                 0x20004bb8   Data          16  gd32e10x_pmu.o(.bss)
    HEAP                                     0x20004bc8   Section     1024  startup_gd32e10x.o(HEAP)
    STACK                                    0x20004fc8   Section     1024  startup_gd32e10x.o(STACK)

    Global Symbols

    Symbol Name                              Value     Ov Type        Size  Object(Section)

    BuildAttributes$$THM_ISAv4$E$P$D$K$B$S$7EM$VFPi3$EXTD16$VFPS$VFMA$PE$A:L22UL41UL21$X:L11$S22US41US21$IEEE1$IW$USESV6$~STKCKD$USESV7$~SHL$OSPACE$EBA8$MICROLIB$REQ8$PRES8$EABIv2 0x00000000   Number         0  anon$$obj.o ABSOLUTE
    __ARM_use_no_argv                        0x00000000   Number         0  main.o ABSOLUTE
    __arm_fini_                               - Undefined Weak Reference
    __cpp_initialize__aeabi_                  - Undefined Weak Reference
    __cxa_finalize                            - Undefined Weak Reference
    _clock_init                               - Undefined Weak Reference
    _microlib_exit                            - Undefined Weak Reference
    __Vectors_Size                           0x00000150   Number         0  startup_gd32e10x.o ABSOLUTE
    __Vectors                                0x08000000   Data           4  startup_gd32e10x.o(RESET)
    __Vectors_End                            0x08000150   Data           0  startup_gd32e10x.o(RESET)
    __main                                   0x08000151   Thumb Code     0  entry.o(.ARM.Collect$$$$00000000)
    _main_stk                                0x08000151   Thumb Code     0  entry2.o(.ARM.Collect$$$$00000001)
    _main_scatterload                        0x08000155   Thumb Code     0  entry5.o(.ARM.Collect$$$$00000004)
    __main_after_scatterload                 0x08000159   Thumb Code     0  entry5.o(.ARM.Collect$$$$00000004)
    _main_clock                              0x08000159   Thumb Code     0  entry7b.o(.ARM.Collect$$$$00000008)
    _main_cpp_init                           0x08000159   Thumb Code     0  entry8b.o(.ARM.Collect$$$$0000000A)
    _main_init                               0x08000159   Thumb Code     0  entry9a.o(.ARM.Collect$$$$0000000B)
    __rt_lib_shutdown_fini                   0x08000161   Thumb Code     0  entry12b.o(.ARM.Collect$$$$0000000E)
    __rt_final_cpp                           0x08000165   Thumb Code     0  entry10a.o(.ARM.Collect$$$$0000000F)
    __rt_final_exit                          0x08000165   Thumb Code     0  entry11a.o(.ARM.Collect$$$$00000011)
    Reset_Handler                            0x08000169   Thumb Code     8  startup_gd32e10x.o(.text)
    ADC0_1_IRQHandler                        0x08000183   Thumb Code     0  startup_gd32e10x.o(.text)
    CAN0_EWMC_IRQHandler                     0x08000183   Thumb Code     0  startup_gd32e10x.o(.text)
    CAN0_RX1_IRQHandler                      0x08000183   Thumb Code     0  startup_gd32e10x.o(.text)
    CAN0_TX_IRQHandler                       0x08000183   Thumb Code     0  startup_gd32e10x.o(.text)
    CAN1_EWMC_IRQHandler                     0x08000183   Thumb Code     0  startup_gd32e10x.o(.text)
    CAN1_RX0_IRQHandler                      0x08000183   Thumb Code     0  startup_gd32e10x.o(.text)
    CAN1_RX1_IRQHandler                      0x08000183   Thumb Code     0  startup_gd32e10x.o(.text)
    CAN1_TX_IRQHandler                       0x08000183   Thumb Code     0  startup_gd32e10x.o(.text)
    DMA0_Channel1_IRQHandler                 0x08000183   Thumb Code     0  startup_gd32e10x.o(.text)
    DMA0_Channel2_IRQHandler                 0x08000183   Thumb Code     0  startup_gd32e10x.o(.text)
    DMA0_Channel5_IRQHandler                 0x08000183   Thumb Code     0  startup_gd32e10x.o(.text)
    DMA1_Channel0_IRQHandler                 0x08000183   Thumb Code     0  startup_gd32e10x.o(.text)
    DMA1_Channel1_IRQHandler                 0x08000183   Thumb Code     0  startup_gd32e10x.o(.text)
    DMA1_Channel2_IRQHandler                 0x08000183   Thumb Code     0  startup_gd32e10x.o(.text)
    DMA1_Channel3_IRQHandler                 0x08000183   Thumb Code     0  startup_gd32e10x.o(.text)
    DMA1_Channel4_IRQHandler                 0x08000183   Thumb Code     0  startup_gd32e10x.o(.text)
    EXMC_IRQHandler                          0x08000183   Thumb Code     0  startup_gd32e10x.o(.text)
    EXTI0_IRQHandler                         0x08000183   Thumb Code     0  startup_gd32e10x.o(.text)
    EXTI10_15_IRQHandler                     0x08000183   Thumb Code     0  startup_gd32e10x.o(.text)
    EXTI1_IRQHandler                         0x08000183   Thumb Code     0  startup_gd32e10x.o(.text)
    EXTI2_IRQHandler                         0x08000183   Thumb Code     0  startup_gd32e10x.o(.text)
    EXTI3_IRQHandler                         0x08000183   Thumb Code     0  startup_gd32e10x.o(.text)
    EXTI4_IRQHandler                         0x08000183   Thumb Code     0  startup_gd32e10x.o(.text)
    EXTI5_9_IRQHandler                       0x08000183   Thumb Code     0  startup_gd32e10x.o(.text)
    FMC_IRQHandler                           0x08000183   Thumb Code     0  startup_gd32e10x.o(.text)
    I2C0_ER_IRQHandler                       0x08000183   Thumb Code     0  startup_gd32e10x.o(.text)
    I2C0_EV_IRQHandler                       0x08000183   Thumb Code     0  startup_gd32e10x.o(.text)
    I2C1_ER_IRQHandler                       0x08000183   Thumb Code     0  startup_gd32e10x.o(.text)
    I2C1_EV_IRQHandler                       0x08000183   Thumb Code     0  startup_gd32e10x.o(.text)
    LVD_IRQHandler                           0x08000183   Thumb Code     0  startup_gd32e10x.o(.text)
    RCU_CTC_IRQHandler                       0x08000183   Thumb Code     0  startup_gd32e10x.o(.text)
    RTC_Alarm_IRQHandler                     0x08000183   Thumb Code     0  startup_gd32e10x.o(.text)
    RTC_IRQHandler                           0x08000183   Thumb Code     0  startup_gd32e10x.o(.text)
    SPI0_IRQHandler                          0x08000183   Thumb Code     0  startup_gd32e10x.o(.text)
    SPI1_IRQHandler                          0x08000183   Thumb Code     0  startup_gd32e10x.o(.text)
    SPI2_IRQHandler                          0x08000183   Thumb Code     0  startup_gd32e10x.o(.text)
    TAMPER_IRQHandler                        0x08000183   Thumb Code     0  startup_gd32e10x.o(.text)
    TIMER0_BRK_TIMER8_IRQHandler             0x08000183   Thumb Code     0  startup_gd32e10x.o(.text)
    TIMER0_Channel_IRQHandler                0x08000183   Thumb Code     0  startup_gd32e10x.o(.text)
    TIMER0_TRG_CMT_TIMER10_IRQHandler        0x08000183   Thumb Code     0  startup_gd32e10x.o(.text)
    TIMER0_UP_TIMER9_IRQHandler              0x08000183   Thumb Code     0  startup_gd32e10x.o(.text)
    TIMER1_IRQHandler                        0x08000183   Thumb Code     0  startup_gd32e10x.o(.text)
    TIMER4_IRQHandler                        0x08000183   Thumb Code     0  startup_gd32e10x.o(.text)
    TIMER5_IRQHandler                        0x08000183   Thumb Code     0  startup_gd32e10x.o(.text)
    TIMER6_IRQHandler                        0x08000183   Thumb Code     0  startup_gd32e10x.o(.text)
    TIMER7_BRK_TIMER11_IRQHandler            0x08000183   Thumb Code     0  startup_gd32e10x.o(.text)
    TIMER7_Channel_IRQHandler                0x08000183   Thumb Code     0  startup_gd32e10x.o(.text)
    TIMER7_TRG_CMT_TIMER13_IRQHandler        0x08000183   Thumb Code     0  startup_gd32e10x.o(.text)
    TIMER7_UP_TIMER12_IRQHandler             0x08000183   Thumb Code     0  startup_gd32e10x.o(.text)
    UART3_IRQHandler                         0x08000183   Thumb Code     0  startup_gd32e10x.o(.text)
    UART4_IRQHandler                         0x08000183   Thumb Code     0  startup_gd32e10x.o(.text)
    USART2_IRQHandler                        0x08000183   Thumb Code     0  startup_gd32e10x.o(.text)
    WWDGT_IRQHandler                         0x08000183   Thumb Code     0  startup_gd32e10x.o(.text)
    __aeabi_uldivmod                         0x0800018d   Thumb Code    98  uldiv.o(.text)
    __aeabi_memcpy                           0x080001ef   Thumb Code    36  memcpya.o(.text)
    __aeabi_memcpy4                          0x080001ef   Thumb Code     0  memcpya.o(.text)
    __aeabi_memcpy8                          0x080001ef   Thumb Code     0  memcpya.o(.text)
    __aeabi_memset                           0x08000213   Thumb Code    14  memseta.o(.text)
    __aeabi_memset4                          0x08000213   Thumb Code     0  memseta.o(.text)
    __aeabi_memset8                          0x08000213   Thumb Code     0  memseta.o(.text)
    __aeabi_memclr                           0x08000221   Thumb Code     4  memseta.o(.text)
    __aeabi_memclr4                          0x08000221   Thumb Code     0  memseta.o(.text)
    __aeabi_memclr8                          0x08000221   Thumb Code     0  memseta.o(.text)
    _memset$wrapper                          0x08000225   Thumb Code    18  memseta.o(.text)
    calloc                                   0x08000237   Thumb Code    28  calloc.o(.text)
    __aeabi_llsl                             0x08000253   Thumb Code    30  llshl.o(.text)
    _ll_shift_l                              0x08000253   Thumb Code     0  llshl.o(.text)
    __aeabi_llsr                             0x08000271   Thumb Code    32  llushr.o(.text)
    _ll_ushift_r                             0x08000271   Thumb Code     0  llushr.o(.text)
    __scatterload                            0x08000291   Thumb Code    28  init.o(.text)
    __scatterload_rt2                        0x08000291   Thumb Code     0  init.o(.text)
    __decompress                             0x080002b5   Thumb Code     0  __dczerorl2.o(.text)
    __decompress1                            0x080002b5   Thumb Code    86  __dczerorl2.o(.text)
    BusFault_Handler                         0x0800030b   Thumb Code     4  gd32e10x_it.o(i.BusFault_Handler)
    CAN0_RX0_IRQHandler                      0x08000311   Thumb Code    30  main.o(i.CAN0_RX0_IRQHandler)
    CalChecksum                              0x08000339   Thumb Code    26  main.o(i.CalChecksum)
    CircBuf_Init                             0x08000353   Thumb Code    60  circular_buffer.o(i.CircBuf_Init)
    CircBuf_Push                             0x0800038f   Thumb Code   116  circular_buffer.o(i.CircBuf_Push)
    DMA0_Channel0_IRQHandler                 0x08000405   Thumb Code    30  adc.o(i.DMA0_Channel0_IRQHandler)
    DMA0_Channel3_IRQHandler                 0x08000429   Thumb Code    32  uart.o(i.DMA0_Channel3_IRQHandler)
    DMA0_Channel4_IRQHandler                 0x08000451   Thumb Code    26  uart.o(i.DMA0_Channel4_IRQHandler)
    DMA0_Channel6_IRQHandler                 0x08000471   Thumb Code    32  uart.o(i.DMA0_Channel6_IRQHandler)
    DebugMon_Handler                         0x08000499   Thumb Code     2  gd32e10x_it.o(i.DebugMon_Handler)
    HardFault_Handler                        0x0800049b   Thumb Code     4  gd32e10x_it.o(i.HardFault_Handler)
    IsPowerOf2                               0x0800049f   Thumb Code    48  circular_buffer.o(i.IsPowerOf2)
    MemManage_Handler                        0x080004cf   Thumb Code     4  gd32e10x_it.o(i.MemManage_Handler)
    NMI_Handler                              0x080004d3   Thumb Code     2  gd32e10x_it.o(i.NMI_Handler)
    PendSV_Handler                           0x080004fd   Thumb Code     2  gd32e10x_it.o(i.PendSV_Handler)
    RoundDown_PowerOf2                       0x080004ff   Thumb Code    56  circular_buffer.o(i.RoundDown_PowerOf2)
    SVC_Handler                              0x08000537   Thumb Code     2  gd32e10x_it.o(i.SVC_Handler)
    SysTick_Handler                          0x08000539   Thumb Code     8  gd32e10x_it.o(i.SysTick_Handler)
    SystemInit                               0x08000541   Thumb Code    76  system_gd32e10x.o(i.SystemInit)
    TIMER2_IRQHandler                        0x08000599   Thumb Code     8  gd32e10x_it.o(i.TIMER2_IRQHandler)
    TIMER2_IRQHandler_lib                    0x080005a1   Thumb Code     8  gd32e10x_it.o(i.TIMER2_IRQHandler_lib)
    TIMER3_IRQHandler                        0x080005a9   Thumb Code    24  main.o(i.TIMER3_IRQHandler)
    USART0_IRQHandler                        0x080005c5   Thumb Code    82  uart.o(i.USART0_IRQHandler)
    USART1_IRQHandler                        0x0800062d   Thumb Code    82  uart.o(i.USART1_IRQHandler)
    USBFS_IRQHandler                         0x08000695   Thumb Code     8  gd32e10x_it.o(i.USBFS_IRQHandler)
    USBFS_IRQHandler_lib                     0x0800069d   Thumb Code    12  gd32e10x_it.o(i.USBFS_IRQHandler_lib)
    USBFS_WKUP_IRQHandler                    0x080006ad   Thumb Code     8  gd32e10x_it.o(i.USBFS_WKUP_IRQHandler)
    USBFS_WKUP_IRQHandler_lib                0x080006b5   Thumb Code    48  gd32e10x_it.o(i.USBFS_WKUP_IRQHandler_lib)
    UsageFault_Handler                       0x080006ed   Thumb Code     4  gd32e10x_it.o(i.UsageFault_Handler)
    __scatterload_copy                       0x080006f1   Thumb Code    14  handlers.o(i.__scatterload_copy)
    __scatterload_null                       0x080006ff   Thumb Code     2  handlers.o(i.__scatterload_null)
    __scatterload_zeroinit                   0x08000701   Thumb Code    14  handlers.o(i.__scatterload_zeroinit)
    adc_calibration_enable                   0x08000c01   Thumb Code    42  gd32e10x_adc.o(i.adc_calibration_enable)
    adc_channel_length_config                0x08000c2b   Thumb Code    70  gd32e10x_adc.o(i.adc_channel_length_config)
    adc_config                               0x08000c71   Thumb Code   300  adc.o(i.adc_config)
    adc_data_alignment_config                0x08000da1   Thumb Code    22  gd32e10x_adc.o(i.adc_data_alignment_config)
    adc_deinit                               0x08000db9   Thumb Code    60  gd32e10x_adc.o(i.adc_deinit)
    adc_dma_mode_enable                      0x08000df9   Thumb Code    10  gd32e10x_adc.o(i.adc_dma_mode_enable)
    adc_enable                               0x08000e03   Thumb Code    18  gd32e10x_adc.o(i.adc_enable)
    adc_external_trigger_config              0x08000e15   Thumb Code    62  gd32e10x_adc.o(i.adc_external_trigger_config)
    adc_external_trigger_source_config       0x08000e53   Thumb Code    48  gd32e10x_adc.o(i.adc_external_trigger_source_config)
    adc_init                                 0x08000e83   Thumb Code    24  adc.o(i.adc_init)
    adc_mode_config                          0x08000e9d   Thumb Code    22  gd32e10x_adc.o(i.adc_mode_config)
    adc_regular_channel_config               0x08000eb9   Thumb Code   172  gd32e10x_adc.o(i.adc_regular_channel_config)
    adc_software_trigger_enable              0x08000f65   Thumb Code    30  gd32e10x_adc.o(i.adc_software_trigger_enable)
    adc_special_function_config              0x08000f83   Thumb Code    90  gd32e10x_adc.o(i.adc_special_function_config)
    can_message_receive                      0x08000fdd   Thumb Code   448  gd32e10x_can.o(i.can_message_receive)
    delay_1ms                                0x0800138d   Thumb Code    16  systick.o(i.delay_1ms)
    delay_decrement                          0x080013a1   Thumb Code    36  systick.o(i.delay_decrement)
    dma0_ch3_usart0_tx_init                  0x080013cd   Thumb Code   114  uart.o(i.dma0_ch3_usart0_tx_init)
    dma0_ch4_usart0_rx_init                  0x0800144d   Thumb Code   112  uart.o(i.dma0_ch4_usart0_rx_init)
    dma_channel_disable                      0x080014c9   Thumb Code    50  gd32e10x_dma.o(i.dma_channel_disable)
    dma_channel_enable                       0x080014fb   Thumb Code    50  gd32e10x_dma.o(i.dma_channel_enable)
    dma_circulation_disable                  0x0800152d   Thumb Code    50  gd32e10x_dma.o(i.dma_circulation_disable)
    dma_circulation_enable                   0x0800155f   Thumb Code    50  gd32e10x_dma.o(i.dma_circulation_enable)
    dma_config                               0x08001591   Thumb Code    84  adc.o(i.dma_config)
    dma_deinit                               0x080015f1   Thumb Code   112  gd32e10x_dma.o(i.dma_deinit)
    dma_init                                 0x08001661   Thumb Code   302  gd32e10x_dma.o(i.dma_init)
    dma_interrupt_enable                     0x0800178f   Thumb Code    50  gd32e10x_dma.o(i.dma_interrupt_enable)
    dma_interrupt_flag_clear                 0x080017c1   Thumb Code    16  gd32e10x_dma.o(i.dma_interrupt_flag_clear)
    dma_interrupt_flag_get                   0x080017d1   Thumb Code   130  gd32e10x_dma.o(i.dma_interrupt_flag_get)
    dma_memory_to_memory_disable             0x08001853   Thumb Code    50  gd32e10x_dma.o(i.dma_memory_to_memory_disable)
    dma_struct_para_init                     0x0800189d   Thumb Code    28  gd32e10x_dma.o(i.dma_struct_para_init)
    dma_transfer_number_config               0x080018b9   Thumb Code    38  gd32e10x_dma.o(i.dma_transfer_number_config)
    dma_transfer_number_get                  0x080018df   Thumb Code    34  gd32e10x_dma.o(i.dma_transfer_number_get)
    exti_init                                0x08001901   Thumb Code   178  gd32e10x_exti.o(i.exti_init)
    exti_interrupt_enable                    0x080019b9   Thumb Code    12  gd32e10x_exti.o(i.exti_interrupt_enable)
    exti_interrupt_flag_clear                0x080019c9   Thumb Code     6  gd32e10x_exti.o(i.exti_interrupt_flag_clear)
    gd_eval_com_init                         0x080019d5   Thumb Code   132  uart.o(i.gd_eval_com_init)
    gpio_bit_reset                           0x08001a75   Thumb Code     4  gd32e10x_gpio.o(i.gpio_bit_reset)
    gpio_bit_set                             0x08001a79   Thumb Code     4  gd32e10x_gpio.o(i.gpio_bit_set)
    gpio_config                              0x08001a7d   Thumb Code   196  adc.o(i.gpio_config)
    gpio_init                                0x08001b4d   Thumb Code   188  gd32e10x_gpio.o(i.gpio_init)
    gpio_pin_remap_config                    0x08001c09   Thumb Code   138  gd32e10x_gpio.o(i.gpio_pin_remap_config)
    i2c_ack_config                           0x08001d35   Thumb Code    24  gd32e10x_i2c.o(i.i2c_ack_config)
    i2c_clock_config                         0x08001d4d   Thumb Code   306  gd32e10x_i2c.o(i.i2c_clock_config)
    i2c_data_transmit                        0x08001e8d   Thumb Code     6  gd32e10x_i2c.o(i.i2c_data_transmit)
    i2c_enable                               0x08001e93   Thumb Code    10  gd32e10x_i2c.o(i.i2c_enable)
    i2c_flag_clear                           0x08001e9d   Thumb Code    40  gd32e10x_i2c.o(i.i2c_flag_clear)
    i2c_flag_get                             0x08001ec5   Thumb Code    30  gd32e10x_i2c.o(i.i2c_flag_get)
    i2c_init                                 0x08001ee5   Thumb Code    72  priv_i2c.o(i.i2c_init)
    i2c_master_addressing                    0x08001f35   Thumb Code    20  gd32e10x_i2c.o(i.i2c_master_addressing)
    i2c_mode_addr_config                     0x08001f49   Thumb Code    28  gd32e10x_i2c.o(i.i2c_mode_addr_config)
    i2c_start_on_bus                         0x08001f65   Thumb Code    10  gd32e10x_i2c.o(i.i2c_start_on_bus)
    i2c_stop_on_bus                          0x08001f6f   Thumb Code    10  gd32e10x_i2c.o(i.i2c_stop_on_bus)
    i2c_write_data                           0x08001f79   Thumb Code   176  priv_i2c.o(i.i2c_write_data)
    int_to_unicode                           0x0800202d   Thumb Code    60  usbd_enum.o(i.int_to_unicode)
    led_init                                 0x08002069   Thumb Code    42  led.o(i.led_init)
    main                                     0x0800209d   Thumb Code   276  main.o(i.main)
    malloc                                   0x080021c9   Thumb Code    92  malloc.o(i.malloc)
    nvic_config                              0x08002235   Thumb Code    80  uart.o(i.nvic_config)
    nvic_irq_enable                          0x0800228d   Thumb Code   162  gd32e10x_misc.o(i.nvic_irq_enable)
    nvic_priority_group_set                  0x08002339   Thumb Code    10  gd32e10x_misc.o(i.nvic_priority_group_set)
    nvic_vector_table_set                    0x0800234d   Thumb Code    12  gd32e10x_misc.o(i.nvic_vector_table_set)
    pmu_to_deepsleepmode                     0x08002361   Thumb Code   170  gd32e10x_pmu.o(i.pmu_to_deepsleepmode)
    rcu_adc_clock_config                     0x08002425   Thumb Code    98  gd32e10x_rcu.o(i.rcu_adc_clock_config)
    rcu_clock_freq_get                       0x08002491   Thumb Code   352  gd32e10x_rcu.o(i.rcu_clock_freq_get)
    rcu_config                               0x08002615   Thumb Code    50  adc.o(i.rcu_config)
    rcu_periph_clock_enable                  0x08002649   Thumb Code    28  gd32e10x_rcu.o(i.rcu_periph_clock_enable)
    rcu_periph_reset_disable                 0x08002669   Thumb Code    28  gd32e10x_rcu.o(i.rcu_periph_reset_disable)
    rcu_periph_reset_enable                  0x08002689   Thumb Code    28  gd32e10x_rcu.o(i.rcu_periph_reset_enable)
    rcu_usb_clock_config                     0x080026a9   Thumb Code    18  gd32e10x_rcu.o(i.rcu_usb_clock_config)
    read_adc_value                           0x080026c1   Thumb Code    98  adc.o(i.read_adc_value)
    rs2251IoInit                             0x08002739   Thumb Code    34  74hc4051bq.o(i.rs2251IoInit)
    serial_string_get                        0x08002761   Thumb Code    66  usbd_enum.o(i.serial_string_get)
    single_xl9555_io_set                     0x080027ad   Thumb Code   108  i2c_xl9555.o(i.single_xl9555_io_set)
    systick_config                           0x08002921   Thumb Code    74  systick.o(i.systick_config)
    timer_auto_reload_shadow_enable          0x08002971   Thumb Code    10  gd32e10x_timer.o(i.timer_auto_reload_shadow_enable)
    timer_disable                            0x0800297b   Thumb Code    10  gd32e10x_timer.o(i.timer_disable)
    timer_enable                             0x08002985   Thumb Code    10  gd32e10x_timer.o(i.timer_enable)
    timer_init                               0x08002991   Thumb Code   134  gd32e10x_timer.o(i.timer_init)
    timer_interrupt_disable                  0x08002a35   Thumb Code     8  gd32e10x_timer.o(i.timer_interrupt_disable)
    timer_interrupt_enable                   0x08002a3d   Thumb Code     8  gd32e10x_timer.o(i.timer_interrupt_enable)
    timer_interrupt_flag_clear               0x08002a45   Thumb Code     6  gd32e10x_timer.o(i.timer_interrupt_flag_clear)
    timer_interrupt_flag_get                 0x08002a4b   Thumb Code    24  gd32e10x_timer.o(i.timer_interrupt_flag_get)
    usart0_init                              0x08002a65   Thumb Code    36  uart.o(i.usart0_init)
    usart_baudrate_set                       0x08002a95   Thumb Code   136  gd32e10x_usart.o(i.usart_baudrate_set)
    usart_deinit                             0x08002b25   Thumb Code   136  gd32e10x_usart.o(i.usart_deinit)
    usart_dma_receive_config                 0x08002bb5   Thumb Code    16  gd32e10x_usart.o(i.usart_dma_receive_config)
    usart_enable                             0x08002bc5   Thumb Code    10  gd32e10x_usart.o(i.usart_enable)
    usart_interrupt_enable                   0x08002bcf   Thumb Code    26  gd32e10x_usart.o(i.usart_interrupt_enable)
    usart_interrupt_flag_get                 0x08002be9   Thumb Code    56  gd32e10x_usart.o(i.usart_interrupt_flag_get)
    usart_receive_config                     0x08002c21   Thumb Code    16  gd32e10x_usart.o(i.usart_receive_config)
    usart_transmit_config                    0x08002c31   Thumb Code    16  gd32e10x_usart.o(i.usart_transmit_config)
    usb_basic_init                           0x08002c41   Thumb Code   218  drv_usb_core.o(i.usb_basic_init)
    usb_clock_active                         0x08002d1b   Thumb Code    32  drv_usb_dev.o(i.usb_clock_active)
    usb_core_init                            0x08002d3d   Thumb Code   146  drv_usb_core.o(i.usb_core_init)
    usb_ctlep_startout                       0x08002dfd   Thumb Code     8  drv_usb_dev.o(i.usb_ctlep_startout)
    usb_curmode_set                          0x08002e09   Thumb Code    46  drv_usb_core.o(i.usb_curmode_set)
    usb_devcore_init                         0x08002e39   Thumb Code   330  drv_usb_dev.o(i.usb_devcore_init)
    usb_devint_enable                        0x08002f89   Thumb Code    56  drv_usb_dev.o(i.usb_devint_enable)
    usb_iepintr_read                         0x08002fc9   Thumb Code    42  drv_usb_dev.o(i.usb_iepintr_read)
    usb_init                                 0x08002ff5   Thumb Code    50  app.o(i.usb_init)
    usb_intr_config                          0x08003035   Thumb Code    68  gd32e10x_hw.o(i.usb_intr_config)
    usb_mdelay                               0x08003079   Thumb Code    14  gd32e10x_hw.o(i.usb_mdelay)
    usb_rcu_config                           0x08003089   Thumb Code   112  gd32e10x_hw.o(i.usb_rcu_config)
    usb_rxfifo_flush                         0x08003111   Thumb Code    34  drv_usb_core.o(i.usb_rxfifo_flush)
    usb_rxfifo_read                          0x08003133   Thumb Code    30  drv_usb_core.o(i.usb_rxfifo_read)
    usb_send_buffer                          0x08003151   Thumb Code    22  app.o(i.usb_send_buffer)
    usb_set_txfifo                           0x08003167   Thumb Code    72  drv_usb_core.o(i.usb_set_txfifo)
    usb_timer_init                           0x080031af   Thumb Code    30  gd32e10x_hw.o(i.usb_timer_init)
    usb_timer_irq                            0x080031cd   Thumb Code    46  gd32e10x_hw.o(i.usb_timer_irq)
    usb_transc_active                        0x08003205   Thumb Code   142  drv_usb_dev.o(i.usb_transc_active)
    usb_transc_clrstall                      0x0800329d   Thumb Code    68  drv_usb_dev.o(i.usb_transc_clrstall)
    usb_transc_deactivate                    0x080032e1   Thumb Code   100  drv_usb_dev.o(i.usb_transc_deactivate)
    usb_transc_inxfer                        0x08003345   Thumb Code   262  drv_usb_dev.o(i.usb_transc_inxfer)
    usb_transc_outxfer                       0x0800344b   Thumb Code   126  drv_usb_dev.o(i.usb_transc_outxfer)
    usb_transc_stall                         0x080034c9   Thumb Code    66  drv_usb_dev.o(i.usb_transc_stall)
    usb_txfifo_flush                         0x0800350b   Thumb Code    40  drv_usb_core.o(i.usb_txfifo_flush)
    usb_txfifo_write                         0x08003533   Thumb Code    34  drv_usb_core.o(i.usb_txfifo_write)
    usb_udelay                               0x08003555   Thumb Code    14  gd32e10x_hw.o(i.usb_udelay)
    usbd_class_request                       0x08003563   Thumb Code    38  usbd_enum.o(i.usbd_class_request)
    usbd_connect                             0x08003589   Thumb Code    28  usbd_core.o(i.usbd_connect)
    usbd_ctl_recev                           0x080035a5   Thumb Code    46  usbd_transc.o(i.usbd_ctl_recev)
    usbd_ctl_send                            0x080035d3   Thumb Code    46  usbd_transc.o(i.usbd_ctl_send)
    usbd_ctl_status_recev                    0x08003601   Thumb Code    32  usbd_transc.o(i.usbd_ctl_status_recev)
    usbd_ctl_status_send                     0x08003621   Thumb Code    32  usbd_transc.o(i.usbd_ctl_status_send)
    usbd_disconnect                          0x08003641   Thumb Code    28  usbd_core.o(i.usbd_disconnect)
    usbd_enum_error                          0x080036e9   Thumb Code    30  usbd_enum.o(i.usbd_enum_error)
    usbd_ep_clear                            0x08003707   Thumb Code    52  usbd_core.o(i.usbd_ep_clear)
    usbd_ep_recev                            0x0800373b   Thumb Code    52  usbd_core.o(i.usbd_ep_recev)
    usbd_ep_send                             0x0800376f   Thumb Code    52  usbd_core.o(i.usbd_ep_send)
    usbd_ep_setup                            0x080037a5   Thumb Code   106  usbd_core.o(i.usbd_ep_setup)
    usbd_ep_stall                            0x08003815   Thumb Code    58  usbd_core.o(i.usbd_ep_stall)
    usbd_ep_stall_clear                      0x0800384f   Thumb Code    58  usbd_core.o(i.usbd_ep_stall_clear)
    usbd_in_transc                           0x08003889   Thumb Code   146  usbd_transc.o(i.usbd_in_transc)
    usbd_init                                0x0800391b   Thumb Code   124  usbd_core.o(i.usbd_init)
    usbd_isr                                 0x08003ce5   Thumb Code   222  drv_usbd_int.o(i.usbd_isr)
    usbd_out_transc                          0x08003dc3   Thumb Code   118  usbd_transc.o(i.usbd_out_transc)
    usbd_setup_transc                        0x08003e39   Thumb Code   132  usbd_transc.o(i.usbd_setup_transc)
    usbd_standard_request                    0x08003ebd   Thumb Code    22  usbd_enum.o(i.usbd_standard_request)
    usbd_vendor_request                      0x08003ed9   Thumb Code     6  usbd_enum.o(i.usbd_vendor_request)
    xl9555_init                              0x08003ee1   Thumb Code    76  i2c_xl9555.o(i.xl9555_init)
    xl9555_io_set                            0x08003f31   Thumb Code   128  i2c_xl9555.o(i.xl9555_io_set)
    g_can_fdlength_table                     0x08003fb8   Data           7  gd32e10x_can.o(.constdata)
    ep_type                                  0x080040b0   Data          16  usbd_core.o(.constdata)
    cdc_dev_desc                             0x080040c0   Data          18  cdc_acm_core.o(.constdata)
    cdc_config_desc                          0x080040d2   Data          67  cdc_acm_core.o(.constdata)
    usbd_cdc_strings                         0x08004220   Data          16  cdc_acm_core.o(.constdata)
    Region$$Table$$Base                      0x08004238   Number         0  anon$$obj.o(Region$$Table)
    Region$$Table$$Limit                     0x08004258   Number         0  anon$$obj.o(Region$$Table)
    timer3_interrupt                         0x20000000   Data           1  main.o(.data)
    total_time_1                             0x20000008   Data           8  main.o(.data)
    SystemCoreClock                          0x20000018   Data           4  system_gd32e10x.o(.data)
    dma_idle                                 0x2000001c   Data           1  uart.o(.data)
    dma_ch6_idle                             0x2000001d   Data           1  uart.o(.data)
    xl9555_rank                              0x20000040   Data           8  i2c_xl9555.o(.data)
    cdc_acm                                  0x2000004c   Data           4  app.o(.data)
    delay_time                               0x20000050   Data           4  gd32e10x_hw.o(.data)
    timer_prescaler                          0x20000054   Data           2  gd32e10x_hw.o(.data)
    usbfs_prescaler                          0x20000058   Data           4  gd32e10x_hw.o(.data)
    cdc_desc                                 0x200000e8   Data          16  cdc_acm_core.o(.data)
    cdc_class                                0x200000f8   Data          48  cdc_acm_core.o(.data)
    __microlib_freelist                      0x2000016c   Data           4  mvars.o(.data)
    __microlib_freelist_initialised          0x20000170   Data           4  mvars.o(.data)
    serial_frame                             0x20000174   Data        8200  main.o(.bss)
    process_handle                           0x2000217c   Data        8322  main.o(.bss)
    adc_value                                0x20004200   Data          32  adc.o(.bss)
    adc_v                                    0x20004220   Data          32  adc.o(.bss)
    USART0_RxBuff                            0x20004240   Data         512  uart.o(.bss)
    USART0_TxBuff                            0x20004440   Data         512  uart.o(.bss)
    USART1_RxBuff                            0x20004640   Data         512  uart.o(.bss)
    USART1_TxBuff                            0x20004840   Data         512  uart.o(.bss)
    USART0_RX_CACHE_BUFFER                   0x20004a40   Data         128  uart.o(.bss)
    USART1_RX_CACHE_BUFFER                   0x20004ac0   Data         128  uart.o(.bss)
    USART0_RxCBuf                            0x20004b40   Data          16  uart.o(.bss)
    USART1_RxCBuf                            0x20004b50   Data          16  uart.o(.bss)
    __heap_base                              0x20004bc8   Data           0  startup_gd32e10x.o(HEAP)
    __heap_limit                             0x20004fc8   Data           0  startup_gd32e10x.o(HEAP)
    __initial_sp                             0x200053c8   Data           0  startup_gd32e10x.o(STACK)



==============================================================================

Memory Map of the image

  Image Entry point : 0x08000151

  Load Region LR_IROM1 (Base: 0x08000000, Size: 0x000043cc, Max: 0x00020000, ABSOLUTE, COMPRESSED[0x000042e4])

    Execution Region ER_IROM1 (Exec base: 0x08000000, Load base: 0x08000000, Size: 0x00004258, Max: 0x00020000, ABSOLUTE)

    Exec Addr    Load Addr    Size         Type   Attr      Idx    E Section Name        Object

    0x08000000   0x08000000   0x00000150   Data   RO         3557    RESET               startup_gd32e10x.o
    0x08000150   0x08000150   0x00000000   Code   RO         5189  * .ARM.Collect$$$$00000000  mc_w.l(entry.o)
    0x08000150   0x08000150   0x00000004   Code   RO         5230    .ARM.Collect$$$$00000001  mc_w.l(entry2.o)
    0x08000154   0x08000154   0x00000004   Code   RO         5233    .ARM.Collect$$$$00000004  mc_w.l(entry5.o)
    0x08000158   0x08000158   0x00000000   Code   RO         5235    .ARM.Collect$$$$00000008  mc_w.l(entry7b.o)
    0x08000158   0x08000158   0x00000000   Code   RO         5237    .ARM.Collect$$$$0000000A  mc_w.l(entry8b.o)
    0x08000158   0x08000158   0x00000008   Code   RO         5238    .ARM.Collect$$$$0000000B  mc_w.l(entry9a.o)
    0x08000160   0x08000160   0x00000004   Code   RO         5245    .ARM.Collect$$$$0000000E  mc_w.l(entry12b.o)
    0x08000164   0x08000164   0x00000000   Code   RO         5240    .ARM.Collect$$$$0000000F  mc_w.l(entry10a.o)
    0x08000164   0x08000164   0x00000000   Code   RO         5242    .ARM.Collect$$$$00000011  mc_w.l(entry11a.o)
    0x08000164   0x08000164   0x00000004   Code   RO         5231    .ARM.Collect$$$$00002712  mc_w.l(entry2.o)
    0x08000168   0x08000168   0x00000024   Code   RO         3558    .text               startup_gd32e10x.o
    0x0800018c   0x0800018c   0x00000062   Code   RO         5192    .text               mc_w.l(uldiv.o)
    0x080001ee   0x080001ee   0x00000024   Code   RO         5194    .text               mc_w.l(memcpya.o)
    0x08000212   0x08000212   0x00000024   Code   RO         5196    .text               mc_w.l(memseta.o)
    0x08000236   0x08000236   0x0000001c   Code   RO         5228    .text               mc_w.l(calloc.o)
    0x08000252   0x08000252   0x0000001e   Code   RO         5246    .text               mc_w.l(llshl.o)
    0x08000270   0x08000270   0x00000020   Code   RO         5248    .text               mc_w.l(llushr.o)
    0x08000290   0x08000290   0x00000024   Code   RO         5252    .text               mc_w.l(init.o)
    0x080002b4   0x080002b4   0x00000056   Code   RO         5262    .text               mc_w.l(__dczerorl2.o)
    0x0800030a   0x0800030a   0x00000004   Code   RO          246    i.BusFault_Handler  gd32e10x_it.o
    0x0800030e   0x0800030e   0x00000002   PAD
    0x08000310   0x08000310   0x00000028   Code   RO            3    i.CAN0_RX0_IRQHandler  main.o
    0x08000338   0x08000338   0x0000001a   Code   RO            4    i.CalChecksum       main.o
    0x08000352   0x08000352   0x0000003c   Code   RO         3960    i.CircBuf_Init      circular_buffer.o
    0x0800038e   0x0800038e   0x00000074   Code   RO         3965    i.CircBuf_Push      circular_buffer.o
    0x08000402   0x08000402   0x00000002   PAD
    0x08000404   0x08000404   0x00000024   Code   RO         3627    i.DMA0_Channel0_IRQHandler  adc.o
    0x08000428   0x08000428   0x00000028   Code   RO         3770    i.DMA0_Channel3_IRQHandler  uart.o
    0x08000450   0x08000450   0x00000020   Code   RO         3771    i.DMA0_Channel4_IRQHandler  uart.o
    0x08000470   0x08000470   0x00000028   Code   RO         3772    i.DMA0_Channel6_IRQHandler  uart.o
    0x08000498   0x08000498   0x00000002   Code   RO          247    i.DebugMon_Handler  gd32e10x_it.o
    0x0800049a   0x0800049a   0x00000004   Code   RO          248    i.HardFault_Handler  gd32e10x_it.o
    0x0800049e   0x0800049e   0x00000030   Code   RO         3967    i.IsPowerOf2        circular_buffer.o
    0x080004ce   0x080004ce   0x00000004   Code   RO          249    i.MemManage_Handler  gd32e10x_it.o
    0x080004d2   0x080004d2   0x00000002   Code   RO          250    i.NMI_Handler       gd32e10x_it.o
    0x080004d4   0x080004d4   0x00000028   Code   RO          196    i.NVIC_SetPriority  systick.o
    0x080004fc   0x080004fc   0x00000002   Code   RO          251    i.PendSV_Handler    gd32e10x_it.o
    0x080004fe   0x080004fe   0x00000038   Code   RO         3968    i.RoundDown_PowerOf2  circular_buffer.o
    0x08000536   0x08000536   0x00000002   Code   RO          252    i.SVC_Handler       gd32e10x_it.o
    0x08000538   0x08000538   0x00000008   Code   RO          253    i.SysTick_Handler   gd32e10x_it.o
    0x08000540   0x08000540   0x00000058   Code   RO          355    i.SystemInit        system_gd32e10x.o
    0x08000598   0x08000598   0x00000008   Code   RO          254    i.TIMER2_IRQHandler  gd32e10x_it.o
    0x080005a0   0x080005a0   0x00000008   Code   RO         4393    i.TIMER2_IRQHandler_lib  cdc_acm.lib(gd32e10x_it.o)
    0x080005a8   0x080005a8   0x0000001c   Code   RO            5    i.TIMER3_IRQHandler  main.o
    0x080005c4   0x080005c4   0x00000068   Code   RO         3776    i.USART0_IRQHandler  uart.o
    0x0800062c   0x0800062c   0x00000068   Code   RO         3780    i.USART1_IRQHandler  uart.o
    0x08000694   0x08000694   0x00000008   Code   RO          255    i.USBFS_IRQHandler  gd32e10x_it.o
    0x0800069c   0x0800069c   0x00000010   Code   RO         4394    i.USBFS_IRQHandler_lib  cdc_acm.lib(gd32e10x_it.o)
    0x080006ac   0x080006ac   0x00000008   Code   RO          256    i.USBFS_WKUP_IRQHandler  gd32e10x_it.o
    0x080006b4   0x080006b4   0x00000038   Code   RO         4395    i.USBFS_WKUP_IRQHandler_lib  cdc_acm.lib(gd32e10x_it.o)
    0x080006ec   0x080006ec   0x00000004   Code   RO          257    i.UsageFault_Handler  gd32e10x_it.o
    0x080006f0   0x080006f0   0x0000000e   Code   RO         5256    i.__scatterload_copy  mc_w.l(handlers.o)
    0x080006fe   0x080006fe   0x00000002   Code   RO         5257    i.__scatterload_null  mc_w.l(handlers.o)
    0x08000700   0x08000700   0x0000000e   Code   RO         5258    i.__scatterload_zeroinit  mc_w.l(handlers.o)
    0x0800070e   0x0800070e   0x00000014   Code   RO         4997    i._usb_bos_desc_get  cdc_acm.lib(usbd_enum.o)
    0x08000722   0x08000722   0x00000022   Code   RO         4998    i._usb_config_desc_get  cdc_acm.lib(usbd_enum.o)
    0x08000744   0x08000744   0x00000014   Code   RO         4999    i._usb_dev_desc_get  cdc_acm.lib(usbd_enum.o)
    0x08000758   0x08000758   0x00000074   Code   RO         5000    i._usb_std_clearfeature  cdc_acm.lib(usbd_enum.o)
    0x080007cc   0x080007cc   0x00000040   Code   RO         5001    i._usb_std_getconfiguration  cdc_acm.lib(usbd_enum.o)
    0x0800080c   0x0800080c   0x00000110   Code   RO         5002    i._usb_std_getdescriptor  cdc_acm.lib(usbd_enum.o)
    0x0800091c   0x0800091c   0x0000003c   Code   RO         5003    i._usb_std_getinterface  cdc_acm.lib(usbd_enum.o)
    0x08000958   0x08000958   0x000000c4   Code   RO         5004    i._usb_std_getstatus  cdc_acm.lib(usbd_enum.o)
    0x08000a1c   0x08000a1c   0x00000006   Code   RO         5005    i._usb_std_reserved  cdc_acm.lib(usbd_enum.o)
    0x08000a22   0x08000a22   0x0000005c   Code   RO         5006    i._usb_std_setaddress  cdc_acm.lib(usbd_enum.o)
    0x08000a7e   0x08000a7e   0x00000002   PAD
    0x08000a80   0x08000a80   0x000000b4   Code   RO         5007    i._usb_std_setconfiguration  cdc_acm.lib(usbd_enum.o)
    0x08000b34   0x08000b34   0x00000006   Code   RO         5008    i._usb_std_setdescriptor  cdc_acm.lib(usbd_enum.o)
    0x08000b3a   0x08000b3a   0x00000068   Code   RO         5009    i._usb_std_setfeature  cdc_acm.lib(usbd_enum.o)
    0x08000ba2   0x08000ba2   0x00000044   Code   RO         5010    i._usb_std_setinterface  cdc_acm.lib(usbd_enum.o)
    0x08000be6   0x08000be6   0x00000006   Code   RO         5011    i._usb_std_synchframe  cdc_acm.lib(usbd_enum.o)
    0x08000bec   0x08000bec   0x00000014   Code   RO         5012    i._usb_str_desc_get  cdc_acm.lib(usbd_enum.o)
    0x08000c00   0x08000c00   0x0000002a   Code   RO          396    i.adc_calibration_enable  gd32e10x_adc.o
    0x08000c2a   0x08000c2a   0x00000046   Code   RO          397    i.adc_channel_length_config  gd32e10x_adc.o
    0x08000c70   0x08000c70   0x00000130   Code   RO         3629    i.adc_config        adc.o
    0x08000da0   0x08000da0   0x00000016   Code   RO          398    i.adc_data_alignment_config  gd32e10x_adc.o
    0x08000db6   0x08000db6   0x00000002   PAD
    0x08000db8   0x08000db8   0x00000040   Code   RO          399    i.adc_deinit        gd32e10x_adc.o
    0x08000df8   0x08000df8   0x0000000a   Code   RO          403    i.adc_dma_mode_enable  gd32e10x_adc.o
    0x08000e02   0x08000e02   0x00000012   Code   RO          404    i.adc_enable        gd32e10x_adc.o
    0x08000e14   0x08000e14   0x0000003e   Code   RO          405    i.adc_external_trigger_config  gd32e10x_adc.o
    0x08000e52   0x08000e52   0x00000030   Code   RO          406    i.adc_external_trigger_source_config  gd32e10x_adc.o
    0x08000e82   0x08000e82   0x00000018   Code   RO         3630    i.adc_init          adc.o
    0x08000e9a   0x08000e9a   0x00000002   PAD
    0x08000e9c   0x08000e9c   0x0000001c   Code   RO          417    i.adc_mode_config   gd32e10x_adc.o
    0x08000eb8   0x08000eb8   0x000000ac   Code   RO          421    i.adc_regular_channel_config  gd32e10x_adc.o
    0x08000f64   0x08000f64   0x0000001e   Code   RO          425    i.adc_software_trigger_enable  gd32e10x_adc.o
    0x08000f82   0x08000f82   0x0000005a   Code   RO          426    i.adc_special_function_config  gd32e10x_adc.o
    0x08000fdc   0x08000fdc   0x000001c4   Code   RO          861    i.can_message_receive  gd32e10x_can.o
    0x080011a0   0x080011a0   0x00000022   Code   RO         4763    i.cdc_acm_deinit    cdc_acm.lib(cdc_acm_core.o)
    0x080011c2   0x080011c2   0x00000046   Code   RO         4764    i.cdc_acm_in        cdc_acm.lib(cdc_acm_core.o)
    0x08001208   0x08001208   0x00000060   Code   RO         4765    i.cdc_acm_init      cdc_acm.lib(cdc_acm_core.o)
    0x08001268   0x08001268   0x00000020   Code   RO         4766    i.cdc_acm_out       cdc_acm.lib(cdc_acm_core.o)
    0x08001288   0x08001288   0x000000b0   Code   RO         4767    i.cdc_acm_req       cdc_acm.lib(cdc_acm_core.o)
    0x08001338   0x08001338   0x00000052   Code   RO         4768    i.cdc_ctlx_out      cdc_acm.lib(cdc_acm_core.o)
    0x0800138a   0x0800138a   0x00000002   PAD
    0x0800138c   0x0800138c   0x00000014   Code   RO          197    i.delay_1ms         systick.o
    0x080013a0   0x080013a0   0x0000002c   Code   RO          198    i.delay_decrement   systick.o
    0x080013cc   0x080013cc   0x00000080   Code   RO         3782    i.dma0_ch3_usart0_tx_init  uart.o
    0x0800144c   0x0800144c   0x0000007c   Code   RO         3783    i.dma0_ch4_usart0_rx_init  uart.o
    0x080014c8   0x080014c8   0x00000032   Code   RO         1325    i.dma_channel_disable  gd32e10x_dma.o
    0x080014fa   0x080014fa   0x00000032   Code   RO         1326    i.dma_channel_enable  gd32e10x_dma.o
    0x0800152c   0x0800152c   0x00000032   Code   RO         1327    i.dma_circulation_disable  gd32e10x_dma.o
    0x0800155e   0x0800155e   0x00000032   Code   RO         1328    i.dma_circulation_enable  gd32e10x_dma.o
    0x08001590   0x08001590   0x00000060   Code   RO         3631    i.dma_config        adc.o
    0x080015f0   0x080015f0   0x00000070   Code   RO         1329    i.dma_deinit        gd32e10x_dma.o
    0x08001660   0x08001660   0x0000012e   Code   RO         1332    i.dma_init          gd32e10x_dma.o
    0x0800178e   0x0800178e   0x00000032   Code   RO         1334    i.dma_interrupt_enable  gd32e10x_dma.o
    0x080017c0   0x080017c0   0x00000010   Code   RO         1335    i.dma_interrupt_flag_clear  gd32e10x_dma.o
    0x080017d0   0x080017d0   0x00000082   Code   RO         1336    i.dma_interrupt_flag_get  gd32e10x_dma.o
    0x08001852   0x08001852   0x00000032   Code   RO         1340    i.dma_memory_to_memory_disable  gd32e10x_dma.o
    0x08001884   0x08001884   0x00000018   Code   RO         1344    i.dma_periph_and_channel_check  gd32e10x_dma.o
    0x0800189c   0x0800189c   0x0000001c   Code   RO         1349    i.dma_struct_para_init  gd32e10x_dma.o
    0x080018b8   0x080018b8   0x00000026   Code   RO         1351    i.dma_transfer_number_config  gd32e10x_dma.o
    0x080018de   0x080018de   0x00000022   Code   RO         1352    i.dma_transfer_number_get  gd32e10x_dma.o
    0x08001900   0x08001900   0x000000b8   Code   RO         1571    i.exti_init         gd32e10x_exti.o
    0x080019b8   0x080019b8   0x00000010   Code   RO         1573    i.exti_interrupt_enable  gd32e10x_exti.o
    0x080019c8   0x080019c8   0x0000000c   Code   RO         1574    i.exti_interrupt_flag_clear  gd32e10x_exti.o
    0x080019d4   0x080019d4   0x000000a0   Code   RO         3787    i.gd_eval_com_init  uart.o
    0x08001a74   0x08001a74   0x00000004   Code   RO         1937    i.gpio_bit_reset    gd32e10x_gpio.o
    0x08001a78   0x08001a78   0x00000004   Code   RO         1938    i.gpio_bit_set      gd32e10x_gpio.o
    0x08001a7c   0x08001a7c   0x000000d0   Code   RO         3632    i.gpio_config       adc.o
    0x08001b4c   0x08001b4c   0x000000bc   Code   RO         1947    i.gpio_init         gd32e10x_gpio.o
    0x08001c08   0x08001c08   0x00000090   Code   RO         1953    i.gpio_pin_remap_config  gd32e10x_gpio.o
    0x08001c98   0x08001c98   0x0000002c   Code   RO         4432    i.hw_delay          cdc_acm.lib(gd32e10x_hw.o)
    0x08001cc4   0x08001cc4   0x00000070   Code   RO         4433    i.hw_time_set       cdc_acm.lib(gd32e10x_hw.o)
    0x08001d34   0x08001d34   0x00000018   Code   RO         2067    i.i2c_ack_config    gd32e10x_i2c.o
    0x08001d4c   0x08001d4c   0x00000140   Code   RO         2069    i.i2c_clock_config  gd32e10x_i2c.o
    0x08001e8c   0x08001e8c   0x00000006   Code   RO         2071    i.i2c_data_transmit  gd32e10x_i2c.o
    0x08001e92   0x08001e92   0x0000000a   Code   RO         2078    i.i2c_enable        gd32e10x_i2c.o
    0x08001e9c   0x08001e9c   0x00000028   Code   RO         2079    i.i2c_flag_clear    gd32e10x_i2c.o
    0x08001ec4   0x08001ec4   0x0000001e   Code   RO         2080    i.i2c_flag_get      gd32e10x_i2c.o
    0x08001ee2   0x08001ee2   0x00000002   PAD
    0x08001ee4   0x08001ee4   0x00000050   Code   RO         4128    i.i2c_init          priv_i2c.o
    0x08001f34   0x08001f34   0x00000014   Code   RO         2085    i.i2c_master_addressing  gd32e10x_i2c.o
    0x08001f48   0x08001f48   0x0000001c   Code   RO         2086    i.i2c_mode_addr_config  gd32e10x_i2c.o
    0x08001f64   0x08001f64   0x0000000a   Code   RO         2099    i.i2c_start_on_bus  gd32e10x_i2c.o
    0x08001f6e   0x08001f6e   0x0000000a   Code   RO         2100    i.i2c_stop_on_bus   gd32e10x_i2c.o
    0x08001f78   0x08001f78   0x000000b4   Code   RO         4131    i.i2c_write_data    priv_i2c.o
    0x0800202c   0x0800202c   0x0000003c   Code   RO         5013    i.int_to_unicode    cdc_acm.lib(usbd_enum.o)
    0x08002068   0x08002068   0x00000034   Code   RO         4108    i.led_init          led.o
    0x0800209c   0x0800209c   0x0000012c   Code   RO            7    i.main              main.o
    0x080021c8   0x080021c8   0x0000006c   Code   RO         5201    i.malloc            mc_w.l(malloc.o)
    0x08002234   0x08002234   0x00000058   Code   RO         3788    i.nvic_config       uart.o
    0x0800228c   0x0800228c   0x000000ac   Code   RO         2295    i.nvic_irq_enable   gd32e10x_misc.o
    0x08002338   0x08002338   0x00000014   Code   RO         2296    i.nvic_priority_group_set  gd32e10x_misc.o
    0x0800234c   0x0800234c   0x00000014   Code   RO         2297    i.nvic_vector_table_set  gd32e10x_misc.o
    0x08002360   0x08002360   0x000000c4   Code   RO         4838    i.pmu_to_deepsleepmode  cdc_acm.lib(gd32e10x_pmu.o)
    0x08002424   0x08002424   0x0000006c   Code   RO         2350    i.rcu_adc_clock_config  gd32e10x_rcu.o
    0x08002490   0x08002490   0x00000184   Code   RO         2359    i.rcu_clock_freq_get  gd32e10x_rcu.o
    0x08002614   0x08002614   0x00000032   Code   RO         3633    i.rcu_config        adc.o
    0x08002646   0x08002646   0x00000002   PAD
    0x08002648   0x08002648   0x00000020   Code   RO         2379    i.rcu_periph_clock_enable  gd32e10x_rcu.o
    0x08002668   0x08002668   0x00000020   Code   RO         2382    i.rcu_periph_reset_disable  gd32e10x_rcu.o
    0x08002688   0x08002688   0x00000020   Code   RO         2383    i.rcu_periph_reset_enable  gd32e10x_rcu.o
    0x080026a8   0x080026a8   0x00000018   Code   RO         2393    i.rcu_usb_clock_config  gd32e10x_rcu.o
    0x080026c0   0x080026c0   0x00000078   Code   RO         3634    i.read_adc_value    adc.o
    0x08002738   0x08002738   0x00000028   Code   RO         3566    i.rs2251IoInit      74hc4051bq.o
    0x08002760   0x08002760   0x0000004c   Code   RO         5014    i.serial_string_get  cdc_acm.lib(usbd_enum.o)
    0x080027ac   0x080027ac   0x00000070   Code   RO         4187    i.single_xl9555_io_set  i2c_xl9555.o
    0x0800281c   0x0800281c   0x000000fc   Code   RO          356    i.system_clock_120m_hxtal  system_gd32e10x.o
    0x08002918   0x08002918   0x00000008   Code   RO          357    i.system_clock_config  system_gd32e10x.o
    0x08002920   0x08002920   0x00000050   Code   RO          199    i.systick_config    systick.o
    0x08002970   0x08002970   0x0000000a   Code   RO         2736    i.timer_auto_reload_shadow_enable  gd32e10x_timer.o
    0x0800297a   0x0800297a   0x0000000a   Code   RO         2767    i.timer_disable     gd32e10x_timer.o
    0x08002984   0x08002984   0x0000000a   Code   RO         2771    i.timer_enable      gd32e10x_timer.o
    0x0800298e   0x0800298e   0x00000002   PAD
    0x08002990   0x08002990   0x000000a4   Code   RO         2781    i.timer_init        gd32e10x_timer.o
    0x08002a34   0x08002a34   0x00000008   Code   RO         2787    i.timer_interrupt_disable  gd32e10x_timer.o
    0x08002a3c   0x08002a3c   0x00000008   Code   RO         2788    i.timer_interrupt_enable  gd32e10x_timer.o
    0x08002a44   0x08002a44   0x00000006   Code   RO         2789    i.timer_interrupt_flag_clear  gd32e10x_timer.o
    0x08002a4a   0x08002a4a   0x00000018   Code   RO         2790    i.timer_interrupt_flag_get  gd32e10x_timer.o
    0x08002a62   0x08002a62   0x00000002   PAD
    0x08002a64   0x08002a64   0x00000030   Code   RO         3790    i.usart0_init       uart.o
    0x08002a94   0x08002a94   0x00000090   Code   RO         3179    i.usart_baudrate_set  gd32e10x_usart.o
    0x08002b24   0x08002b24   0x00000090   Code   RO         3184    i.usart_deinit      gd32e10x_usart.o
    0x08002bb4   0x08002bb4   0x00000010   Code   RO         3186    i.usart_dma_receive_config  gd32e10x_usart.o
    0x08002bc4   0x08002bc4   0x0000000a   Code   RO         3188    i.usart_enable      gd32e10x_usart.o
    0x08002bce   0x08002bce   0x0000001a   Code   RO         3198    i.usart_interrupt_enable  gd32e10x_usart.o
    0x08002be8   0x08002be8   0x00000038   Code   RO         3200    i.usart_interrupt_flag_get  gd32e10x_usart.o
    0x08002c20   0x08002c20   0x00000010   Code   RO         3213    i.usart_receive_config  gd32e10x_usart.o
    0x08002c30   0x08002c30   0x00000010   Code   RO         3227    i.usart_transmit_config  gd32e10x_usart.o
    0x08002c40   0x08002c40   0x000000da   Code   RO         4923    i.usb_basic_init    cdc_acm.lib(drv_usb_core.o)
    0x08002d1a   0x08002d1a   0x00000020   Code   RO         4495    i.usb_clock_active  cdc_acm.lib(drv_usb_dev.o)
    0x08002d3a   0x08002d3a   0x00000002   PAD
    0x08002d3c   0x08002d3c   0x00000098   Code   RO         4924    i.usb_core_init     cdc_acm.lib(drv_usb_core.o)
    0x08002dd4   0x08002dd4   0x00000026   Code   RO         4925    i.usb_core_reset    cdc_acm.lib(drv_usb_core.o)
    0x08002dfa   0x08002dfa   0x00000002   PAD
    0x08002dfc   0x08002dfc   0x0000000c   Code   RO         4496    i.usb_ctlep_startout  cdc_acm.lib(drv_usb_dev.o)
    0x08002e08   0x08002e08   0x0000002e   Code   RO         4926    i.usb_curmode_set   cdc_acm.lib(drv_usb_core.o)
    0x08002e36   0x08002e36   0x00000002   PAD
    0x08002e38   0x08002e38   0x00000150   Code   RO         4499    i.usb_devcore_init  cdc_acm.lib(drv_usb_dev.o)
    0x08002f88   0x08002f88   0x00000040   Code   RO         4500    i.usb_devint_enable  cdc_acm.lib(drv_usb_dev.o)
    0x08002fc8   0x08002fc8   0x0000002a   Code   RO         4501    i.usb_iepintr_read  cdc_acm.lib(drv_usb_dev.o)
    0x08002ff2   0x08002ff2   0x00000002   PAD
    0x08002ff4   0x08002ff4   0x00000040   Code   RO         4226    i.usb_init          cdc_acm.lib(app.o)
    0x08003034   0x08003034   0x00000044   Code   RO         4434    i.usb_intr_config   cdc_acm.lib(gd32e10x_hw.o)
    0x08003078   0x08003078   0x0000000e   Code   RO         4435    i.usb_mdelay        cdc_acm.lib(gd32e10x_hw.o)
    0x08003086   0x08003086   0x00000002   PAD
    0x08003088   0x08003088   0x00000088   Code   RO         4436    i.usb_rcu_config    cdc_acm.lib(gd32e10x_hw.o)
    0x08003110   0x08003110   0x00000022   Code   RO         4927    i.usb_rxfifo_flush  cdc_acm.lib(drv_usb_core.o)
    0x08003132   0x08003132   0x0000001e   Code   RO         4928    i.usb_rxfifo_read   cdc_acm.lib(drv_usb_core.o)
    0x08003150   0x08003150   0x00000016   Code   RO         4227    i.usb_send_buffer   cdc_acm.lib(app.o)
    0x08003166   0x08003166   0x00000048   Code   RO         4929    i.usb_set_txfifo    cdc_acm.lib(drv_usb_core.o)
    0x080031ae   0x080031ae   0x0000001e   Code   RO         4437    i.usb_timer_init    cdc_acm.lib(gd32e10x_hw.o)
    0x080031cc   0x080031cc   0x00000038   Code   RO         4438    i.usb_timer_irq     cdc_acm.lib(gd32e10x_hw.o)
    0x08003204   0x08003204   0x00000098   Code   RO         4504    i.usb_transc_active  cdc_acm.lib(drv_usb_dev.o)
    0x0800329c   0x0800329c   0x00000044   Code   RO         4505    i.usb_transc_clrstall  cdc_acm.lib(drv_usb_dev.o)
    0x080032e0   0x080032e0   0x00000064   Code   RO         4506    i.usb_transc_deactivate  cdc_acm.lib(drv_usb_dev.o)
    0x08003344   0x08003344   0x00000106   Code   RO         4507    i.usb_transc_inxfer  cdc_acm.lib(drv_usb_dev.o)
    0x0800344a   0x0800344a   0x0000007e   Code   RO         4508    i.usb_transc_outxfer  cdc_acm.lib(drv_usb_dev.o)
    0x080034c8   0x080034c8   0x00000042   Code   RO         4509    i.usb_transc_stall  cdc_acm.lib(drv_usb_dev.o)
    0x0800350a   0x0800350a   0x00000028   Code   RO         4930    i.usb_txfifo_flush  cdc_acm.lib(drv_usb_core.o)
    0x08003532   0x08003532   0x00000022   Code   RO         4931    i.usb_txfifo_write  cdc_acm.lib(drv_usb_core.o)
    0x08003554   0x08003554   0x0000000e   Code   RO         4439    i.usb_udelay        cdc_acm.lib(gd32e10x_hw.o)
    0x08003562   0x08003562   0x00000026   Code   RO         5015    i.usbd_class_request  cdc_acm.lib(usbd_enum.o)
    0x08003588   0x08003588   0x0000001c   Code   RO         4674    i.usbd_connect      cdc_acm.lib(usbd_core.o)
    0x080035a4   0x080035a4   0x0000002e   Code   RO         5135    i.usbd_ctl_recev    cdc_acm.lib(usbd_transc.o)
    0x080035d2   0x080035d2   0x0000002e   Code   RO         5136    i.usbd_ctl_send     cdc_acm.lib(usbd_transc.o)
    0x08003600   0x08003600   0x00000020   Code   RO         5137    i.usbd_ctl_status_recev  cdc_acm.lib(usbd_transc.o)
    0x08003620   0x08003620   0x00000020   Code   RO         5138    i.usbd_ctl_status_send  cdc_acm.lib(usbd_transc.o)
    0x08003640   0x08003640   0x0000001c   Code   RO         4675    i.usbd_disconnect   cdc_acm.lib(usbd_core.o)
    0x0800365c   0x0800365c   0x0000008c   Code   RO         4608    i.usbd_emptytxfifo_write  cdc_acm.lib(drv_usbd_int.o)
    0x080036e8   0x080036e8   0x0000001e   Code   RO         5016    i.usbd_enum_error   cdc_acm.lib(usbd_enum.o)
    0x08003706   0x08003706   0x00000034   Code   RO         4676    i.usbd_ep_clear     cdc_acm.lib(usbd_core.o)
    0x0800373a   0x0800373a   0x00000034   Code   RO         4677    i.usbd_ep_recev     cdc_acm.lib(usbd_core.o)
    0x0800376e   0x0800376e   0x00000034   Code   RO         4678    i.usbd_ep_send      cdc_acm.lib(usbd_core.o)
    0x080037a2   0x080037a2   0x00000002   PAD
    0x080037a4   0x080037a4   0x00000070   Code   RO         4679    i.usbd_ep_setup     cdc_acm.lib(usbd_core.o)
    0x08003814   0x08003814   0x0000003a   Code   RO         4680    i.usbd_ep_stall     cdc_acm.lib(usbd_core.o)
    0x0800384e   0x0800384e   0x0000003a   Code   RO         4681    i.usbd_ep_stall_clear  cdc_acm.lib(usbd_core.o)
    0x08003888   0x08003888   0x00000092   Code   RO         5139    i.usbd_in_transc    cdc_acm.lib(usbd_transc.o)
    0x0800391a   0x0800391a   0x0000007c   Code   RO         4683    i.usbd_init         cdc_acm.lib(usbd_core.o)
    0x08003996   0x08003996   0x00000002   PAD
    0x08003998   0x08003998   0x00000068   Code   RO         4609    i.usbd_int_enumfinish  cdc_acm.lib(drv_usbd_int.o)
    0x08003a00   0x08003a00   0x00000074   Code   RO         4610    i.usbd_int_epin     cdc_acm.lib(drv_usbd_int.o)
    0x08003a74   0x08003a74   0x0000007e   Code   RO         4611    i.usbd_int_epout    cdc_acm.lib(drv_usbd_int.o)
    0x08003af2   0x08003af2   0x00000002   PAD
    0x08003af4   0x08003af4   0x000000d8   Code   RO         4612    i.usbd_int_reset    cdc_acm.lib(drv_usbd_int.o)
    0x08003bcc   0x08003bcc   0x000000b2   Code   RO         4613    i.usbd_int_rxfifo   cdc_acm.lib(drv_usbd_int.o)
    0x08003c7e   0x08003c7e   0x00000066   Code   RO         4614    i.usbd_int_suspend  cdc_acm.lib(drv_usbd_int.o)
    0x08003ce4   0x08003ce4   0x000000de   Code   RO         4615    i.usbd_isr          cdc_acm.lib(drv_usbd_int.o)
    0x08003dc2   0x08003dc2   0x00000076   Code   RO         5140    i.usbd_out_transc   cdc_acm.lib(usbd_transc.o)
    0x08003e38   0x08003e38   0x00000084   Code   RO         5141    i.usbd_setup_transc  cdc_acm.lib(usbd_transc.o)
    0x08003ebc   0x08003ebc   0x0000001c   Code   RO         5017    i.usbd_standard_request  cdc_acm.lib(usbd_enum.o)
    0x08003ed8   0x08003ed8   0x00000006   Code   RO         5018    i.usbd_vendor_request  cdc_acm.lib(usbd_enum.o)
    0x08003ede   0x08003ede   0x00000002   PAD
    0x08003ee0   0x08003ee0   0x00000050   Code   RO         4188    i.xl9555_init       i2c_xl9555.o
    0x08003f30   0x08003f30   0x00000088   Code   RO         4189    i.xl9555_io_set     i2c_xl9555.o
    0x08003fb8   0x08003fb8   0x000000c0   Data   RO          875    .constdata          gd32e10x_can.o
    0x08004078   0x08004078   0x00000004   Data   RO         4510    .constdata          cdc_acm.lib(drv_usb_dev.o)
    0x0800407c   0x0800407c   0x00000034   Data   RO         4616    .constdata          cdc_acm.lib(drv_usbd_int.o)
    0x080040b0   0x080040b0   0x00000010   Data   RO         4684    .constdata          cdc_acm.lib(usbd_core.o)
    0x080040c0   0x080040c0   0x00000177   Data   RO         4770    .constdata          cdc_acm.lib(cdc_acm_core.o)
    0x08004237   0x08004237   0x00000001   PAD
    0x08004238   0x08004238   0x00000020   Data   RO         5254    Region$$Table       anon$$obj.o


    Execution Region RW_IRAM1 (Exec base: 0x20000000, Load base: 0x08004258, Size: 0x000053c8, Max: 0x00008000, ABSOLUTE, COMPRESSED[0x0000008c])

    Exec Addr    Load Addr    Size         Type   Attr      Idx    E Section Name        Object

    0x20000000   COMPRESSED   0x00000011   Data   RW           10    .data               main.o
    0x20000011   COMPRESSED   0x00000003   PAD
    0x20000014   COMPRESSED   0x00000004   Data   RW          201    .data               systick.o
    0x20000018   COMPRESSED   0x00000004   Data   RW          358    .data               system_gd32e10x.o
    0x2000001c   COMPRESSED   0x00000024   Data   RW         3798    .data               uart.o
    0x20000040   COMPRESSED   0x00000009   Data   RW         4190    .data               i2c_xl9555.o
    0x20000049   COMPRESSED   0x00000003   PAD
    0x2000004c   COMPRESSED   0x00000004   Data   RW         4228    .data               cdc_acm.lib(app.o)
    0x20000050   COMPRESSED   0x0000000c   Data   RW         4440    .data               cdc_acm.lib(gd32e10x_hw.o)
    0x2000005c   COMPRESSED   0x00000008   Data   RW         4511    .data               cdc_acm.lib(drv_usb_dev.o)
    0x20000064   COMPRESSED   0x000000c4   Data   RW         4771    .data               cdc_acm.lib(cdc_acm_core.o)
    0x20000128   COMPRESSED   0x00000043   Data   RW         5019    .data               cdc_acm.lib(usbd_enum.o)
    0x2000016b   COMPRESSED   0x00000001   PAD
    0x2000016c   COMPRESSED   0x00000004   Data   RW         5250    .data               mc_w.l(mvars.o)
    0x20000170   COMPRESSED   0x00000004   Data   RW         5251    .data               mc_w.l(mvars.o)
    0x20000174        -       0x0000408a   Zero   RW            8    .bss                main.o
    0x200041fe   COMPRESSED   0x00000002   PAD
    0x20004200        -       0x00000040   Zero   RW         3635    .bss                adc.o
    0x20004240        -       0x00000920   Zero   RW         3797    .bss                uart.o
    0x20004b60        -       0x00000058   Zero   RW         4769    .bss                cdc_acm.lib(cdc_acm_core.o)
    0x20004bb8        -       0x00000010   Zero   RW         4843    .bss                cdc_acm.lib(gd32e10x_pmu.o)
    0x20004bc8        -       0x00000400   Zero   RW         3556    HEAP                startup_gd32e10x.o
    0x20004fc8        -       0x00000400   Zero   RW         3555    STACK               startup_gd32e10x.o


==============================================================================

Image component sizes


      Code (inc. data)   RO Data    RW Data    ZI Data      Debug   Object Name

        40          6          0          0          0        535   74hc4051bq.o
       838         56          0          0         64       4722   adc.o
       280          0          0          0          0       3940   circular_buffer.o
       656         10          0          0          0       8935   gd32e10x_adc.o
       452          4        192          0          0      20077   gd32e10x_can.o
       984          6          0          0          0      16158   gd32e10x_dma.o
       212         16          0          0          0       6240   gd32e10x_exti.o
       340          6          0          0          0       3304   gd32e10x_gpio.o
       498         14          0          0          0      13577   gd32e10x_i2c.o
        56          0          0          0          0       6089   gd32e10x_it.o
       212         28          0          0          0       2292   gd32e10x_misc.o
       616         76          0          0          0      21286   gd32e10x_rcu.o
       240         30          0          0          0      21513   gd32e10x_timer.o
       428         16          0          0          0      12789   gd32e10x_usart.o
       328         16          0          9          0       3095   i2c_xl9555.o
        52         10          0          0          0        519   led.o
       394         38          0         17      16522      52465   main.o
       260         12          0          0          0       1504   priv_i2c.o
        36          8        336          0       2048        940   startup_gd32e10x.o
       348         38          0          4          0       2215   system_gd32e10x.o
       184         26          0          4          0      27593   systick.o
       868        140          0         36       2336       8222   uart.o

    ----------------------------------------------------------------------
      8338        556        560         76      20972     238010   Object Totals
         0          0         32          0          0          0   (incl. Generated)
        16          0          0          6          2          0   (incl. Padding)

    ----------------------------------------------------------------------

      Code (inc. data)   RO Data    RW Data    ZI Data      Debug   Library Member Name

        86         14          0          4          0      44727   app.o
       490         12        375        196         88       6611   cdc_acm_core.o
       664          6          0          0          0      21139   drv_usb_core.o
      1260         28          4          8          0      13972   drv_usb_dev.o
      1204         22         52          0          0      10491   drv_usbd_int.o
       474         54          0         12          0       5327   gd32e10x_hw.o
        80         12          0          0          0       1623   gd32e10x_it.o
       196         26          0          0         16        799   gd32e10x_pmu.o
       564          6         16          0          0      12624   usbd_core.o
      1502         46          0         67          0      22018   usbd_enum.o
       552          0          0          0          0       6083   usbd_transc.o
        86          0          0          0          0          0   __dczerorl2.o
        28          0          0          0          0         76   calloc.o
         0          0          0          0          0          0   entry.o
         0          0          0          0          0          0   entry10a.o
         0          0          0          0          0          0   entry11a.o
         4          0          0          0          0          0   entry12b.o
         8          4          0          0          0          0   entry2.o
         4          0          0          0          0          0   entry5.o
         0          0          0          0          0          0   entry7b.o
         0          0          0          0          0          0   entry8b.o
         8          4          0          0          0          0   entry9a.o
        30          0          0          0          0          0   handlers.o
        36          8          0          0          0         68   init.o
        30          0          0          0          0         68   llshl.o
        32          0          0          0          0         68   llushr.o
       108         16          0          0          0         84   malloc.o
        36          0          0          0          0         68   memcpya.o
        36          0          0          0          0        108   memseta.o
         0          0          0          8          0          0   mvars.o
        98          0          0          0          0         92   uldiv.o

    ----------------------------------------------------------------------
      7638        258        448        296        104     146046   Library Totals
        22          0          1          1          0          0   (incl. Padding)

    ----------------------------------------------------------------------

      Code (inc. data)   RO Data    RW Data    ZI Data      Debug   Library Name

      7072        226        447        287        104     145414   cdc_acm.lib
       544         32          0          8          0        632   mc_w.l

    ----------------------------------------------------------------------
      7638        258        448        296        104     146046   Library Totals

    ----------------------------------------------------------------------

==============================================================================


      Code (inc. data)   RO Data    RW Data    ZI Data      Debug   

     15976        814       1008        372      21076     364080   Grand Totals
     15976        814       1008        140      21076     364080   ELF Image Totals (compressed)
     15976        814       1008        140          0          0   ROM Totals

==============================================================================

    Total RO  Size (Code + RO Data)                16984 (  16.59kB)
    Total RW  Size (RW Data + ZI Data)             21448 (  20.95kB)
    Total ROM Size (Code + RO Data + RW Data)      17124 (  16.72kB)

==============================================================================

