Component: ARM Compiler 5.06 update 7 (build 960) Tool: armlink [4d3601]

==============================================================================

Section Cross References

    main.o(i.CAN0_RX0_IRQHandler) refers to gd32e10x_can.o(i.can_message_receive) for can_message_receive
    main.o(i.CAN0_RX0_IRQHandler) refers to main.o(i.read_can0_data) for read_can0_data
    main.o(i.CAN0_RX0_IRQHandler) refers to main.o(.data) for led_flag_red
    main.o(i.TIMER3_IRQHandler) refers to gd32e10x_timer.o(i.timer_interrupt_flag_get) for timer_interrupt_flag_get
    main.o(i.TIMER3_IRQHandler) refers to gd32e10x_timer.o(i.timer_interrupt_flag_clear) for timer_interrupt_flag_clear
    main.o(i.main) refers to systick.o(i.systick_config) for systick_config
    main.o(i.main) refers to led.o(i.led_init) for led_init
    main.o(i.main) refers to adc.o(i.adc_init) for adc_init
    main.o(i.main) refers to 74hc4051bq.o(i.Hc4051IoInit) for Hc4051IoInit
    main.o(i.main) refers to systick.o(i.delay_1ms) for delay_1ms
    main.o(i.main) refers to uart.o(i.usart2_init) for usart2_init
    main.o(i.main) refers to uart.o(i.usart3_init) for usart3_init
    main.o(i.main) refers to gd32e10x_gpio.o(i.gpio_bit_set) for gpio_bit_set
    main.o(i.main) refers to gd32e10x_gpio.o(i.gpio_bit_reset) for gpio_bit_reset
    main.o(i.main) refers to 74hc4051bq.o(i.adc_value_read) for adc_value_read
    main.o(i.main) refers to 74hc4051bq.o(i.select_y_control_volt) for select_y_control_volt
    main.o(i.main) refers to 74hc4051bq.o(i.adc_calculation_calibration_once) for adc_calculation_calibration_once
    main.o(i.main) refers to memcpya.o(.text) for __aeabi_memcpy
    main.o(i.main) refers to main.o(i.CalChecksum) for CalChecksum
    main.o(i.main) refers to uart.o(i.usart_dma_send_data) for usart_dma_send_data
    main.o(i.main) refers to gd32e10x_gpio.o(i.gpio_input_bit_get) for gpio_input_bit_get
    main.o(i.main) refers to main.o(.data) for time_1ms
    main.o(i.main) refers to main.o(.bss) for process_handle
    systick.o(i.delay_1ms) refers to systick.o(.data) for delay
    systick.o(i.delay_decrement) refers to systick.o(.data) for delay
    systick.o(i.systick_config) refers to systick.o(i.NVIC_SetPriority) for NVIC_SetPriority
    systick.o(i.systick_config) refers to system_gd32e10x.o(.data) for SystemCoreClock
    gd32e10x_it.o(i.SysTick_Handler) refers to systick.o(i.delay_decrement) for delay_decrement
    gd32e10x_it.o(i.TIMER2_IRQHandler) refers to gd32e10x_timer.o(i.timer_interrupt_flag_get) for timer_interrupt_flag_get
    gd32e10x_it.o(i.TIMER2_IRQHandler) refers to gd32e10x_timer.o(i.timer_interrupt_flag_clear) for timer_interrupt_flag_clear
    gd32e10x_it.o(i.TIMER2_IRQHandler) refers to gd32e10x_timer.o(i.timer_channel_capture_value_register_read) for timer_channel_capture_value_register_read
    gd32e10x_it.o(i.TIMER2_IRQHandler) refers to gd32e10x_it.o(.data) for ccnumber
    system_gd32e10x.o(i.SystemCoreClockUpdate) refers to system_gd32e10x.o(.data) for SystemCoreClock
    system_gd32e10x.o(i.SystemInit) refers to system_gd32e10x.o(i.system_clock_config) for system_clock_config
    system_gd32e10x.o(i.SystemInit) refers to gd32e10x_misc.o(i.nvic_vector_table_set) for nvic_vector_table_set
    system_gd32e10x.o(i.system_clock_config) refers to system_gd32e10x.o(i.system_clock_120m_hxtal) for system_clock_120m_hxtal
    gd32e10x_adc.o(i.adc_deinit) refers to gd32e10x_rcu.o(i.rcu_periph_reset_enable) for rcu_periph_reset_enable
    gd32e10x_adc.o(i.adc_deinit) refers to gd32e10x_rcu.o(i.rcu_periph_reset_disable) for rcu_periph_reset_disable
    gd32e10x_bkp.o(i.bkp_deinit) refers to gd32e10x_rcu.o(i.rcu_bkp_reset_enable) for rcu_bkp_reset_enable
    gd32e10x_bkp.o(i.bkp_deinit) refers to gd32e10x_rcu.o(i.rcu_bkp_reset_disable) for rcu_bkp_reset_disable
    gd32e10x_can.o(i.can_debug_freeze_disable) refers to gd32e10x_dbg.o(i.dbg_periph_disable) for dbg_periph_disable
    gd32e10x_can.o(i.can_debug_freeze_enable) refers to gd32e10x_dbg.o(i.dbg_periph_enable) for dbg_periph_enable
    gd32e10x_can.o(i.can_deinit) refers to gd32e10x_rcu.o(i.rcu_periph_reset_enable) for rcu_periph_reset_enable
    gd32e10x_can.o(i.can_deinit) refers to gd32e10x_rcu.o(i.rcu_periph_reset_disable) for rcu_periph_reset_disable
    gd32e10x_can.o(i.can_fd_frequency_set) refers to gd32e10x_can.o(i.can_working_mode_set) for can_working_mode_set
    gd32e10x_can.o(i.can_fd_frequency_set) refers to gd32e10x_can.o(i.dev_can_baudrate_set) for dev_can_baudrate_set
    gd32e10x_can.o(i.can_filter_mask_mode_init) refers to gd32e10x_can.o(i.can_struct_para_init) for can_struct_para_init
    gd32e10x_can.o(i.can_filter_mask_mode_init) refers to gd32e10x_can.o(i.can_filter_init) for can_filter_init
    gd32e10x_can.o(i.can_frequency_set) refers to gd32e10x_can.o(i.can_working_mode_set) for can_working_mode_set
    gd32e10x_can.o(i.can_frequency_set) refers to gd32e10x_can.o(i.dev_can_baudrate_set) for dev_can_baudrate_set
[...]
    Removing gd32e10x_rcu.o(i.rcu_periph_clock_sleep_enable), (32 bytes).
    Removing gd32e10x_rcu.o(i.rcu_pll1_config), (28 bytes).
    Removing gd32e10x_rcu.o(i.rcu_pll2_config), (28 bytes).
    Removing gd32e10x_rcu.o(i.rcu_pll_config), (32 bytes).
    Removing gd32e10x_rcu.o(i.rcu_pllpresel_config), (24 bytes).
    Removing gd32e10x_rcu.o(i.rcu_predv0_config), (32 bytes).
    Removing gd32e10x_rcu.o(i.rcu_predv1_config), (24 bytes).
    Removing gd32e10x_rcu.o(i.rcu_rtc_clock_config), (24 bytes).
    Removing gd32e10x_rcu.o(i.rcu_system_clock_source_config), (24 bytes).
    Removing gd32e10x_rcu.o(i.rcu_system_clock_source_get), (16 bytes).
    Removing gd32e10x_rcu.o(i.rcu_usb_clock_config), (24 bytes).
    Removing gd32e10x_rtc.o(.rev16_text), (4 bytes).
    Removing gd32e10x_rtc.o(.revsh_text), (4 bytes).
    Removing gd32e10x_rtc.o(i.rtc_alarm_config), (32 bytes).
    Removing gd32e10x_rtc.o(i.rtc_configuration_mode_enter), (20 bytes).
    Removing gd32e10x_rtc.o(i.rtc_configuration_mode_exit), (20 bytes).
    Removing gd32e10x_rtc.o(i.rtc_counter_get), (20 bytes).
    Removing gd32e10x_rtc.o(i.rtc_counter_set), (32 bytes).
    Removing gd32e10x_rtc.o(i.rtc_divider_get), (24 bytes).
    Removing gd32e10x_rtc.o(i.rtc_flag_clear), (16 bytes).
    Removing gd32e10x_rtc.o(i.rtc_flag_get), (24 bytes).
    Removing gd32e10x_rtc.o(i.rtc_interrupt_disable), (16 bytes).
    Removing gd32e10x_rtc.o(i.rtc_interrupt_enable), (16 bytes).
    Removing gd32e10x_rtc.o(i.rtc_interrupt_flag_clear), (16 bytes).
    Removing gd32e10x_rtc.o(i.rtc_interrupt_flag_get), (24 bytes).
    Removing gd32e10x_rtc.o(i.rtc_lwoff_wait), (20 bytes).
    Removing gd32e10x_rtc.o(i.rtc_prescaler_set), (32 bytes).
    Removing gd32e10x_rtc.o(i.rtc_register_sync_wait), (32 bytes).
    Removing gd32e10x_spi.o(.rev16_text), (4 bytes).
    Removing gd32e10x_spi.o(.revsh_text), (4 bytes).
    Removing gd32e10x_spi.o(i.i2s_disable), (10 bytes).
    Removing gd32e10x_spi.o(i.i2s_enable), (10 bytes).
    Removing gd32e10x_spi.o(i.i2s_init), (28 bytes).
    Removing gd32e10x_spi.o(i.i2s_psc_config), (280 bytes).
    Removing gd32e10x_spi.o(i.qspi_disable), (14 bytes).
    Removing gd32e10x_spi.o(i.qspi_enable), (14 bytes).
    Removing gd32e10x_spi.o(i.qspi_io23_output_disable), (14 bytes).
    Removing gd32e10x_spi.o(i.qspi_io23_output_enable), (14 bytes).
    Removing gd32e10x_spi.o(i.qspi_read_enable), (14 bytes).
    Removing gd32e10x_spi.o(i.qspi_write_enable), (14 bytes).
    Removing gd32e10x_spi.o(i.spi_bidirectional_transfer_config), (26 bytes).
    Removing gd32e10x_spi.o(i.spi_crc_error_clear), (10 bytes).
    Removing gd32e10x_spi.o(i.spi_crc_get), (16 bytes).
    Removing gd32e10x_spi.o(i.spi_crc_next), (10 bytes).
    Removing gd32e10x_spi.o(i.spi_crc_off), (10 bytes).
    Removing gd32e10x_spi.o(i.spi_crc_on), (10 bytes).
    Removing gd32e10x_spi.o(i.spi_crc_polynomial_get), (8 bytes).
    Removing gd32e10x_spi.o(i.spi_crc_polynomial_set), (12 bytes).
    Removing gd32e10x_spi.o(i.spi_disable), (10 bytes).
    Removing gd32e10x_spi.o(i.spi_dma_disable), (22 bytes).
    Removing gd32e10x_spi.o(i.spi_dma_enable), (22 bytes).
    Removing gd32e10x_spi.o(i.spi_enable), (10 bytes).
    Removing gd32e10x_spi.o(i.spi_i2s_data_frame_format_config), (16 bytes).
    Removing gd32e10x_spi.o(i.spi_i2s_data_receive), (8 bytes).
    Removing gd32e10x_spi.o(i.spi_i2s_data_transmit), (4 bytes).
    Removing gd32e10x_spi.o(i.spi_i2s_deinit), (88 bytes).
    Removing gd32e10x_spi.o(i.spi_i2s_flag_get), (16 bytes).
    Removing gd32e10x_spi.o(i.spi_i2s_interrupt_disable), (48 bytes).
    Removing gd32e10x_spi.o(i.spi_i2s_interrupt_enable), (48 bytes).
    Removing gd32e10x_spi.o(i.spi_i2s_interrupt_flag_get), (112 bytes).
    Removing gd32e10x_spi.o(i.spi_init), (50 bytes).
    Removing gd32e10x_spi.o(i.spi_nss_internal_high), (10 bytes).
    Removing gd32e10x_spi.o(i.spi_nss_internal_low), (10 bytes).
    Removing gd32e10x_spi.o(i.spi_nss_output_disable), (10 bytes).
    Removing gd32e10x_spi.o(i.spi_nss_output_enable), (10 bytes).
    Removing gd32e10x_spi.o(i.spi_nssp_mode_disable), (10 bytes).
    Removing gd32e10x_spi.o(i.spi_nssp_mode_enable), (10 bytes).
    Removing gd32e10x_spi.o(i.spi_struct_para_init), (16 bytes).
    Removing gd32e10x_spi.o(i.spi_ti_mode_disable), (10 bytes).
    Removing gd32e10x_spi.o(i.spi_ti_mode_enable), (10 bytes).
    Removing gd32e10x_timer.o(.rev16_text), (4 bytes).
    Removing gd32e10x_timer.o(.revsh_text), (4 bytes).
    Removing gd32e10x_timer.o(i.timer_auto_reload_shadow_disable), (10 bytes).
    Removing gd32e10x_timer.o(i.timer_auto_reload_shadow_enable), (10 bytes).
    Removing gd32e10x_timer.o(i.timer_automatic_output_disable), (10 bytes).
    Removing gd32e10x_timer.o(i.timer_automatic_output_enable), (10 bytes).
    Removing gd32e10x_timer.o(i.timer_autoreload_value_config), (4 bytes).
    Removing gd32e10x_timer.o(i.timer_break_config), (30 bytes).
    Removing gd32e10x_timer.o(i.timer_break_disable), (10 bytes).
    Removing gd32e10x_timer.o(i.timer_break_enable), (10 bytes).
    Removing gd32e10x_timer.o(i.timer_break_struct_para_init), (18 bytes).
    Removing gd32e10x_timer.o(i.timer_channel_complementary_output_polarity_config), (70 bytes).
    Removing gd32e10x_timer.o(i.timer_channel_complementary_output_state_config), (70 bytes).
    Removing gd32e10x_timer.o(i.timer_channel_control_shadow_config), (24 bytes).
    Removing gd32e10x_timer.o(i.timer_channel_control_shadow_update_config), (26 bytes).
    Removing gd32e10x_timer.o(i.timer_channel_dma_request_source_select), (26 bytes).
    Removing gd32e10x_timer.o(i.timer_channel_input_capture_prescaler_config), (90 bytes).
    Removing gd32e10x_timer.o(i.timer_channel_input_struct_para_init), (16 bytes).
    Removing gd32e10x_timer.o(i.timer_channel_output_clear_config), (90 bytes).
    Removing gd32e10x_timer.o(i.timer_channel_output_config), (492 bytes).
    Removing gd32e10x_timer.o(i.timer_channel_output_fast_config), (90 bytes).
    Removing gd32e10x_timer.o(i.timer_channel_output_mode_config), (90 bytes).
    Removing gd32e10x_timer.o(i.timer_channel_output_polarity_config), (92 bytes).
    Removing gd32e10x_timer.o(i.timer_channel_output_pulse_value_config), (38 bytes).
    Removing gd32e10x_timer.o(i.timer_channel_output_shadow_config), (90 bytes).
    Removing gd32e10x_timer.o(i.timer_channel_output_state_config), (92 bytes).
    Removing gd32e10x_timer.o(i.timer_channel_output_struct_para_init), (16 bytes).
    Removing gd32e10x_timer.o(i.timer_counter_alignment), (16 bytes).
    Removing gd32e10x_timer.o(i.timer_counter_down_direction), (10 bytes).
    Removing gd32e10x_timer.o(i.timer_counter_read), (8 bytes).
    Removing gd32e10x_timer.o(i.timer_counter_up_direction), (10 bytes).
    Removing gd32e10x_timer.o(i.timer_counter_value_config), (4 bytes).
    Removing gd32e10x_timer.o(i.timer_deinit), (388 bytes).
    Removing gd32e10x_timer.o(i.timer_disable), (10 bytes).
    Removing gd32e10x_timer.o(i.timer_dma_disable), (8 bytes).
    Removing gd32e10x_timer.o(i.timer_dma_enable), (8 bytes).
    Removing gd32e10x_timer.o(i.timer_dma_transfer_config), (24 bytes).
    Removing gd32e10x_timer.o(i.timer_enable), (10 bytes).
    Removing gd32e10x_timer.o(i.timer_event_software_generate), (8 bytes).
    Removing gd32e10x_timer.o(i.timer_external_clock_mode0_config), (40 bytes).
    Removing gd32e10x_timer.o(i.timer_external_clock_mode1_config), (32 bytes).
    Removing gd32e10x_timer.o(i.timer_external_clock_mode1_disable), (10 bytes).
    Removing gd32e10x_timer.o(i.timer_external_trigger_as_external_clock_config), (166 bytes).
    Removing gd32e10x_timer.o(i.timer_external_trigger_config), (30 bytes).
    Removing gd32e10x_timer.o(i.timer_flag_clear), (6 bytes).
    Removing gd32e10x_timer.o(i.timer_flag_get), (16 bytes).
    Removing gd32e10x_timer.o(i.timer_hall_mode_config), (26 bytes).
    Removing gd32e10x_timer.o(i.timer_init), (164 bytes).
    Removing gd32e10x_timer.o(i.timer_input_capture_config), (326 bytes).
    Removing gd32e10x_timer.o(i.timer_input_pwm_capture_config), (356 bytes).
    Removing gd32e10x_timer.o(i.timer_input_trigger_source_select), (16 bytes).
    Removing gd32e10x_timer.o(i.timer_internal_clock_config), (10 bytes).
    Removing gd32e10x_timer.o(i.timer_internal_trigger_as_external_clock_config), (32 bytes).
    Removing gd32e10x_timer.o(i.timer_interrupt_disable), (8 bytes).
    Removing gd32e10x_timer.o(i.timer_interrupt_enable), (8 bytes).
    Removing gd32e10x_timer.o(i.timer_master_output_trigger_source_select), (16 bytes).
    Removing gd32e10x_timer.o(i.timer_master_slave_mode_config), (26 bytes).
    Removing gd32e10x_timer.o(i.timer_output_value_selection_config), (34 bytes).
    Removing gd32e10x_timer.o(i.timer_prescaler_config), (16 bytes).
    Removing gd32e10x_timer.o(i.timer_prescaler_read), (10 bytes).
    Removing gd32e10x_timer.o(i.timer_primary_output_config), (24 bytes).
    Removing gd32e10x_timer.o(i.timer_quadrature_decoder_mode_config), (64 bytes).
    Removing gd32e10x_timer.o(i.timer_repetition_value_config), (4 bytes).
    Removing gd32e10x_timer.o(i.timer_single_pulse_mode_config), (26 bytes).
    Removing gd32e10x_timer.o(i.timer_slave_mode_select), (16 bytes).
    Removing gd32e10x_timer.o(i.timer_struct_para_init), (22 bytes).
    Removing gd32e10x_timer.o(i.timer_update_event_disable), (10 bytes).
    Removing gd32e10x_timer.o(i.timer_update_event_enable), (10 bytes).
    Removing gd32e10x_timer.o(i.timer_update_source_config), (26 bytes).
    Removing gd32e10x_timer.o(i.timer_write_chxval_register_config), (34 bytes).
    Removing gd32e10x_usart.o(.rev16_text), (4 bytes).
    Removing gd32e10x_usart.o(.revsh_text), (4 bytes).
    Removing gd32e10x_usart.o(i.usart_address_config), (20 bytes).
    Removing gd32e10x_usart.o(i.usart_block_length_config), (28 bytes).
    Removing gd32e10x_usart.o(i.usart_data_first_config), (20 bytes).
    Removing gd32e10x_usart.o(i.usart_data_receive), (10 bytes).
    Removing gd32e10x_usart.o(i.usart_data_transmit), (8 bytes).
    Removing gd32e10x_usart.o(i.usart_disable), (10 bytes).
    Removing gd32e10x_usart.o(i.usart_flag_clear), (26 bytes).
    Removing gd32e10x_usart.o(i.usart_flag_get), (30 bytes).
    Removing gd32e10x_usart.o(i.usart_guard_time_config), (24 bytes).
    Removing gd32e10x_usart.o(i.usart_halfduplex_disable), (10 bytes).
    Removing gd32e10x_usart.o(i.usart_halfduplex_enable), (10 bytes).
    Removing gd32e10x_usart.o(i.usart_hardware_flow_coherence_config), (24 bytes).
    Removing gd32e10x_usart.o(i.usart_hardware_flow_cts_config), (16 bytes).
    Removing gd32e10x_usart.o(i.usart_hardware_flow_rts_config), (16 bytes).
    Removing gd32e10x_usart.o(i.usart_interrupt_disable), (26 bytes).
    Removing gd32e10x_usart.o(i.usart_interrupt_flag_clear), (26 bytes).
    Removing gd32e10x_usart.o(i.usart_invert_config), (104 bytes).
    Removing gd32e10x_usart.o(i.usart_irda_lowpower_config), (20 bytes).
    Removing gd32e10x_usart.o(i.usart_irda_mode_disable), (10 bytes).
    Removing gd32e10x_usart.o(i.usart_irda_mode_enable), (10 bytes).
    Removing gd32e10x_usart.o(i.usart_lin_break_detection_length_config), (20 bytes).
    Removing gd32e10x_usart.o(i.usart_lin_mode_disable), (10 bytes).
    Removing gd32e10x_usart.o(i.usart_lin_mode_enable), (10 bytes).
    Removing gd32e10x_usart.o(i.usart_mute_mode_disable), (10 bytes).
    Removing gd32e10x_usart.o(i.usart_mute_mode_enable), (10 bytes).
    Removing gd32e10x_usart.o(i.usart_mute_mode_wakeup_config), (16 bytes).
    Removing gd32e10x_usart.o(i.usart_parity_config), (16 bytes).
    Removing gd32e10x_usart.o(i.usart_prescaler_config), (16 bytes).
    Removing gd32e10x_usart.o(i.usart_receiver_timeout_disable), (14 bytes).
    Removing gd32e10x_usart.o(i.usart_receiver_timeout_enable), (14 bytes).
    Removing gd32e10x_usart.o(i.usart_receiver_timeout_threshold_config), (20 bytes).
    Removing gd32e10x_usart.o(i.usart_send_break), (10 bytes).
    Removing gd32e10x_usart.o(i.usart_smartcard_autoretry_config), (26 bytes).
    Removing gd32e10x_usart.o(i.usart_smartcard_mode_disable), (10 bytes).
    Removing gd32e10x_usart.o(i.usart_smartcard_mode_enable), (10 bytes).
    Removing gd32e10x_usart.o(i.usart_smartcard_mode_nack_disable), (10 bytes).
    Removing gd32e10x_usart.o(i.usart_smartcard_mode_nack_enable), (10 bytes).
    Removing gd32e10x_usart.o(i.usart_stop_bit_set), (16 bytes).
    Removing gd32e10x_usart.o(i.usart_synchronous_clock_config), (34 bytes).
    Removing gd32e10x_usart.o(i.usart_synchronous_clock_disable), (10 bytes).
    Removing gd32e10x_usart.o(i.usart_synchronous_clock_enable), (10 bytes).
    Removing gd32e10x_usart.o(i.usart_word_length_set), (16 bytes).
    Removing gd32e10x_wwdgt.o(.rev16_text), (4 bytes).
    Removing gd32e10x_wwdgt.o(.revsh_text), (4 bytes).
    Removing gd32e10x_wwdgt.o(i.wwdgt_config), (56 bytes).
    Removing gd32e10x_wwdgt.o(i.wwdgt_counter_update), (28 bytes).
    Removing gd32e10x_wwdgt.o(i.wwdgt_deinit), (20 bytes).
    Removing gd32e10x_wwdgt.o(i.wwdgt_enable), (20 bytes).
    Removing gd32e10x_wwdgt.o(i.wwdgt_flag_clear), (20 bytes).
    Removing gd32e10x_wwdgt.o(i.wwdgt_flag_get), (24 bytes).
    Removing gd32e10x_wwdgt.o(i.wwdgt_interrupt_enable), (20 bytes).
    Removing startup_gd32e10x.o(HEAP), (1024 bytes).
    Removing 74hc4051bq.o(.rev16_text), (4 bytes).
    Removing 74hc4051bq.o(.revsh_text), (4 bytes).
    Removing adc.o(.rev16_text), (4 bytes).
    Removing adc.o(.revsh_text), (4 bytes).
    Removing timer.o(.rev16_text), (4 bytes).
    Removing timer.o(.revsh_text), (4 bytes).
    Removing timer.o(i.timer_config), (196 bytes).
    Removing timer.o(i.timer_config2), (196 bytes).
    Removing uart.o(.rev16_text), (4 bytes).
    Removing uart.o(.revsh_text), (4 bytes).
    Removing uart.o(i.dma0_ch3_usart0_tx_init), (128 bytes).
    Removing uart.o(i.dma0_ch4_usart0_rx_init), (128 bytes).
    Removing uart.o(i.dma0_ch5_usart1_rx_init), (136 bytes).
    Removing uart.o(i.dma0_ch6_usart1_tx_init), (128 bytes).
    Removing uart.o(i.fputc), (36 bytes).
    Removing uart.o(i.usart0_init), (52 bytes).
    Removing uart.o(i.usart1_init), (52 bytes).
    Removing uart.o(i.usart_at), (84 bytes).
    Removing uart.o(i.usart_drop), (80 bytes).
    Removing uart.o(i.usart_get_rx_data_count), (72 bytes).
    Removing uart.o(i.usart_read), (100 bytes).
    Removing uart.o(i.usart_recv), (100 bytes).
    Removing uart.o(i.usart_rx_probe), (72 bytes).
    Removing circular_buffer.o(i.CircBuf_Alloc), (74 bytes).
    Removing circular_buffer.o(i.CircBuf_At), (22 bytes).
    Removing circular_buffer.o(i.CircBuf_Drop), (24 bytes).
    Removing circular_buffer.o(i.CircBuf_Free), (14 bytes).
    Removing circular_buffer.o(i.CircBuf_GetAvalaibleSize), (22 bytes).
    Removing circular_buffer.o(i.CircBuf_GetUsedSize), (10 bytes).
    Removing circular_buffer.o(i.CircBuf_IsEmpty), (22 bytes).
    Removing circular_buffer.o(i.CircBuf_IsFull), (26 bytes).
    Removing circular_buffer.o(i.CircBuf_Pop), (108 bytes).
    Removing circular_buffer.o(i.CircBuf_PopOneChar), (18 bytes).
    Removing circular_buffer.o(i.CircBuf_Read), (102 bytes).
    Removing circular_buffer.o(i.RoundUp_PowerOf2), (56 bytes).
    Removing math_filter.o(.rev16_text), (4 bytes).
    Removing math_filter.o(.revsh_text), (4 bytes).
    Removing math_filter.o(i.math_clean_aggre_surplus), (112 bytes).
    Removing math_filter.o(i.math_display_key_point), (206 bytes).
    Removing math_filter.o(i.math_filter_min_value), (2 bytes).
    Removing math_filter.o(i.math_get_max_value), (154 bytes).
    Removing led.o(.rev16_text), (4 bytes).
    Removing led.o(.revsh_text), (4 bytes).

586 unused section(s) (total 23596 bytes) removed from the image.

==============================================================================

Image Symbol Table

    Local Symbols

    Symbol Name                              Value     Ov Type        Size  Object(Section)

    ../clib/microlib/init/entry.s            0x00000000   Number         0  entry10b.o ABSOLUTE
    ../clib/microlib/init/entry.s            0x00000000   Number         0  entry9b.o ABSOLUTE
    ../clib/microlib/init/entry.s            0x00000000   Number         0  entry2.o ABSOLUTE
    ../clib/microlib/init/entry.s            0x00000000   Number         0  entry7b.o ABSOLUTE
    ../clib/microlib/init/entry.s            0x00000000   Number         0  entry9a.o ABSOLUTE
    ../clib/microlib/init/entry.s            0x00000000   Number         0  entry.o ABSOLUTE
    ../clib/microlib/init/entry.s            0x00000000   Number         0  entry8b.o ABSOLUTE
    ../clib/microlib/init/entry.s            0x00000000   Number         0  entry8a.o ABSOLUTE
    ../clib/microlib/init/entry.s            0x00000000   Number         0  entry11a.o ABSOLUTE
    ../clib/microlib/init/entry.s            0x00000000   Number         0  entry7a.o ABSOLUTE
    ../clib/microlib/init/entry.s            0x00000000   Number         0  entry5.o ABSOLUTE
    ../clib/microlib/init/entry.s            0x00000000   Number         0  entry10a.o ABSOLUTE
    ../clib/microlib/init/entry.s            0x00000000   Number         0  entry12b.o ABSOLUTE
    ../clib/microlib/init/entry.s            0x00000000   Number         0  entry12a.o ABSOLUTE
    ../clib/microlib/init/entry.s            0x00000000   Number         0  entry11b.o ABSOLUTE
    ../clib/microlib/longlong.c              0x00000000   Number         0  llshl.o ABSOLUTE
    ../clib/microlib/longlong.c              0x00000000   Number         0  llushr.o ABSOLUTE
    ../clib/microlib/malloc/calloc.c         0x00000000   Number         0  calloc.o ABSOLUTE
    ../clib/microlib/malloc/malloc.c         0x00000000   Number         0  malloc.o ABSOLUTE
    ../clib/microlib/malloc/malloc.c         0x00000000   Number         0  mallocr.o ABSOLUTE
    ../clib/microlib/malloc/malloc.c         0x00000000   Number         0  malloca.o ABSOLUTE
    ../clib/microlib/malloc/malloc.c         0x00000000   Number         0  mallocra.o ABSOLUTE
    ../clib/microlib/malloc/mvars.c          0x00000000   Number         0  mvars.o ABSOLUTE
    ../clib/microlib/string/memcpy.c         0x00000000   Number         0  memcpyb.o ABSOLUTE
    ../clib/microlib/string/memcpy.c         0x00000000   Number         0  memcpya.o ABSOLUTE
    ../clib/microlib/string/memset.c         0x00000000   Number         0  memseta.o ABSOLUTE
    ../clib/microlib/stubs.s                 0x00000000   Number         0  iusefp.o ABSOLUTE
    ../fplib/microlib/fpdiv.c                0x00000000   Number         0  ddiv.o ABSOLUTE
    ../fplib/microlib/fpepilogue.c           0x00000000   Number         0  depilogue.o ABSOLUTE
    ../fplib/microlib/fpfix.c                0x00000000   Number         0  dfixui.o ABSOLUTE
    ../fplib/microlib/fpflt.c                0x00000000   Number         0  dfltui.o ABSOLUTE
    ../fplib/microlib/fpmul.c                0x00000000   Number         0  dmul.o ABSOLUTE
    ..\..\Bsp\74HC4051BQ.c                   0x00000000   Number         0  74hc4051bq.o ABSOLUTE
    ..\..\Bsp\adc.c                          0x00000000   Number         0  adc.o ABSOLUTE
    ..\..\Bsp\circular_buffer.c              0x00000000   Number         0  circular_buffer.o ABSOLUTE
    ..\..\Bsp\led.c                          0x00000000   Number         0  led.o ABSOLUTE
    ..\..\Bsp\math_filter.c                  0x00000000   Number         0  math_filter.o ABSOLUTE
    ..\..\Bsp\timer.c                        0x00000000   Number         0  timer.o ABSOLUTE
    ..\..\Bsp\uart.c                         0x00000000   Number         0  uart.o ABSOLUTE
    ..\..\Firmware\CMSIS\GD\GD32E10x\Source\ARM\startup_gd32e10x.s 0x00000000   Number         0  startup_gd32e10x.o ABSOLUTE
    ..\..\Firmware\CMSIS\GD\GD32E10x\Source\system_gd32e10x.c 0x00000000   Number         0  system_gd32e10x.o ABSOLUTE
    ..\..\Firmware\GD32E10x_standard_peripheral\Source\gd32e10x_adc.c 0x00000000   Number         0  gd32e10x_adc.o ABSOLUTE
    ..\..\Firmware\GD32E10x_standard_peripheral\Source\gd32e10x_bkp.c 0x00000000   Number         0  gd32e10x_bkp.o ABSOLUTE
    ..\..\Firmware\GD32E10x_standard_peripheral\Source\gd32e10x_can.c 0x00000000   Number         0  gd32e10x_can.o ABSOLUTE
    ..\..\Firmware\GD32E10x_standard_peripheral\Source\gd32e10x_crc.c 0x00000000   Number         0  gd32e10x_crc.o ABSOLUTE
    ..\..\Firmware\GD32E10x_standard_peripheral\Source\gd32e10x_ctc.c 0x00000000   Number         0  gd32e10x_ctc.o ABSOLUTE
    ..\..\Firmware\GD32E10x_standard_peripheral\Source\gd32e10x_dac.c 0x00000000   Number         0  gd32e10x_dac.o ABSOLUTE
    ..\..\Firmware\GD32E10x_standard_peripheral\Source\gd32e10x_dbg.c 0x00000000   Number         0  gd32e10x_dbg.o ABSOLUTE
    ..\..\Firmware\GD32E10x_standard_peripheral\Source\gd32e10x_dma.c 0x00000000   Number         0  gd32e10x_dma.o ABSOLUTE
    ..\..\Firmware\GD32E10x_standard_peripheral\Source\gd32e10x_exmc.c 0x00000000   Number         0  gd32e10x_exmc.o ABSOLUTE
    ..\..\Firmware\GD32E10x_standard_peripheral\Source\gd32e10x_exti.c 0x00000000   Number         0  gd32e10x_exti.o ABSOLUTE
    ..\..\Firmware\GD32E10x_standard_peripheral\Source\gd32e10x_fmc.c 0x00000000   Number         0  gd32e10x_fmc.o ABSOLUTE
    ..\..\Firmware\GD32E10x_standard_peripheral\Source\gd32e10x_fwdgt.c 0x00000000   Number         0  gd32e10x_fwdgt.o ABSOLUTE
    ..\..\Firmware\GD32E10x_standard_peripheral\Source\gd32e10x_gpio.c 0x00000000   Number         0  gd32e10x_gpio.o ABSOLUTE
    ..\..\Firmware\GD32E10x_standard_peripheral\Source\gd32e10x_i2c.c 0x00000000   Number         0  gd32e10x_i2c.o ABSOLUTE
    ..\..\Firmware\GD32E10x_standard_peripheral\Source\gd32e10x_misc.c 0x00000000   Number         0  gd32e10x_misc.o ABSOLUTE
    ..\..\Firmware\GD32E10x_standard_peripheral\Source\gd32e10x_pmu.c 0x00000000   Number         0  gd32e10x_pmu.o ABSOLUTE
    ..\..\Firmware\GD32E10x_standard_peripheral\Source\gd32e10x_rcu.c 0x00000000   Number         0  gd32e10x_rcu.o ABSOLUTE
    ..\..\Firmware\GD32E10x_standard_peripheral\Source\gd32e10x_rtc.c 0x00000000   Number         0  gd32e10x_rtc.o ABSOLUTE
    ..\..\Firmware\GD32E10x_standard_peripheral\Source\gd32e10x_spi.c 0x00000000   Number         0  gd32e10x_spi.o ABSOLUTE
    ..\..\Firmware\GD32E10x_standard_peripheral\Source\gd32e10x_timer.c 0x00000000   Number         0  gd32e10x_timer.o ABSOLUTE
    ..\..\Firmware\GD32E10x_standard_peripheral\Source\gd32e10x_usart.c 0x00000000   Number         0  gd32e10x_usart.o ABSOLUTE
    ..\..\Firmware\GD32E10x_standard_peripheral\Source\gd32e10x_wwdgt.c 0x00000000   Number         0  gd32e10x_wwdgt.o ABSOLUTE
    ..\\..\\Bsp\\74HC4051BQ.c                0x00000000   Number         0  74hc4051bq.o ABSOLUTE
    ..\\..\\Bsp\\adc.c                       0x00000000   Number         0  adc.o ABSOLUTE
    ..\\..\\Bsp\\led.c                       0x00000000   Number         0  led.o ABSOLUTE
    ..\\..\\Bsp\\math_filter.c               0x00000000   Number         0  math_filter.o ABSOLUTE
    ..\\..\\Bsp\\timer.c                     0x00000000   Number         0  timer.o ABSOLUTE
    ..\\..\\Bsp\\uart.c                      0x00000000   Number         0  uart.o ABSOLUTE
    ..\\..\\Firmware\\CMSIS\\GD\\GD32E10x\\Source\\system_gd32e10x.c 0x00000000   Number         0  system_gd32e10x.o ABSOLUTE
    ..\\..\\Firmware\\GD32E10x_standard_peripheral\\Source\\gd32e10x_adc.c 0x00000000   Number         0  gd32e10x_adc.o ABSOLUTE
    ..\\..\\Firmware\\GD32E10x_standard_peripheral\\Source\\gd32e10x_bkp.c 0x00000000   Number         0  gd32e10x_bkp.o ABSOLUTE
    ..\\..\\Firmware\\GD32E10x_standard_peripheral\\Source\\gd32e10x_can.c 0x00000000   Number         0  gd32e10x_can.o ABSOLUTE
    ..\\..\\Firmware\\GD32E10x_standard_peripheral\\Source\\gd32e10x_crc.c 0x00000000   Number         0  gd32e10x_crc.o ABSOLUTE
    ..\\..\\Firmware\\GD32E10x_standard_peripheral\\Source\\gd32e10x_ctc.c 0x00000000   Number         0  gd32e10x_ctc.o ABSOLUTE
    ..\\..\\Firmware\\GD32E10x_standard_peripheral\\Source\\gd32e10x_dac.c 0x00000000   Number         0  gd32e10x_dac.o ABSOLUTE
    ..\\..\\Firmware\\GD32E10x_standard_peripheral\\Source\\gd32e10x_dbg.c 0x00000000   Number         0  gd32e10x_dbg.o ABSOLUTE
    ..\\..\\Firmware\\GD32E10x_standard_peripheral\\Source\\gd32e10x_dma.c 0x00000000   Number         0  gd32e10x_dma.o ABSOLUTE
    ..\\..\\Firmware\\GD32E10x_standard_peripheral\\Source\\gd32e10x_exmc.c 0x00000000   Number         0  gd32e10x_exmc.o ABSOLUTE
    ..\\..\\Firmware\\GD32E10x_standard_peripheral\\Source\\gd32e10x_exti.c 0x00000000   Number         0  gd32e10x_exti.o ABSOLUTE
    ..\\..\\Firmware\\GD32E10x_standard_peripheral\\Source\\gd32e10x_fmc.c 0x00000000   Number         0  gd32e10x_fmc.o ABSOLUTE
    ..\\..\\Firmware\\GD32E10x_standard_peripheral\\Source\\gd32e10x_fwdgt.c 0x00000000   Number         0  gd32e10x_fwdgt.o ABSOLUTE
    ..\\..\\Firmware\\GD32E10x_standard_peripheral\\Source\\gd32e10x_gpio.c 0x00000000   Number         0  gd32e10x_gpio.o ABSOLUTE
    ..\\..\\Firmware\\GD32E10x_standard_peripheral\\Source\\gd32e10x_i2c.c 0x00000000   Number         0  gd32e10x_i2c.o ABSOLUTE
    ..\\..\\Firmware\\GD32E10x_standard_peripheral\\Source\\gd32e10x_misc.c 0x00000000   Number         0  gd32e10x_misc.o ABSOLUTE
    ..\\..\\Firmware\\GD32E10x_standard_peripheral\\Source\\gd32e10x_pmu.c 0x00000000   Number         0  gd32e10x_pmu.o ABSOLUTE
    ..\\..\\Firmware\\GD32E10x_standard_peripheral\\Source\\gd32e10x_rcu.c 0x00000000   Number         0  gd32e10x_rcu.o ABSOLUTE
    ..\\..\\Firmware\\GD32E10x_standard_peripheral\\Source\\gd32e10x_rtc.c 0x00000000   Number         0  gd32e10x_rtc.o ABSOLUTE
    ..\\..\\Firmware\\GD32E10x_standard_peripheral\\Source\\gd32e10x_spi.c 0x00000000   Number         0  gd32e10x_spi.o ABSOLUTE
    ..\\..\\Firmware\\GD32E10x_standard_peripheral\\Source\\gd32e10x_timer.c 0x00000000   Number         0  gd32e10x_timer.o ABSOLUTE
    ..\\..\\Firmware\\GD32E10x_standard_peripheral\\Source\\gd32e10x_usart.c 0x00000000   Number         0  gd32e10x_usart.o ABSOLUTE
    ..\\..\\Firmware\\GD32E10x_standard_peripheral\\Source\\gd32e10x_wwdgt.c 0x00000000   Number         0  gd32e10x_wwdgt.o ABSOLUTE
    ..\\gd32e10x_it.c                        0x00000000   Number         0  gd32e10x_it.o ABSOLUTE
    ..\\main.c                               0x00000000   Number         0  main.o ABSOLUTE
    ..\\systick.c                            0x00000000   Number         0  systick.o ABSOLUTE
    ..\gd32e10x_it.c                         0x00000000   Number         0  gd32e10x_it.o ABSOLUTE
    ..\main.c                                0x00000000   Number         0  main.o ABSOLUTE
    ..\systick.c                             0x00000000   Number         0  systick.o ABSOLUTE
    dc.s                                     0x00000000   Number         0  dc.o ABSOLUTE
    handlers.s                               0x00000000   Number         0  handlers.o ABSOLUTE
    init.s                                   0x00000000   Number         0  init.o ABSOLUTE
    RESET                                    0x08000000   Section      336  startup_gd32e10x.o(RESET)
    .ARM.Collect$$$$00000000                 0x08000150   Section        0  entry.o(.ARM.Collect$$$$00000000)
    .ARM.Collect$$$$00000001                 0x08000150   Section        4  entry2.o(.ARM.Collect$$$$00000001)
    .ARM.Collect$$$$00000004                 0x08000154   Section        4  entry5.o(.ARM.Collect$$$$00000004)
    .ARM.Collect$$$$00000008                 0x08000158   Section        0  entry7b.o(.ARM.Collect$$$$00000008)
    .ARM.Collect$$$$0000000A                 0x08000158   Section        0  entry8b.o(.ARM.Collect$$$$0000000A)
    .ARM.Collect$$$$0000000B                 0x08000158   Section        8  entry9a.o(.ARM.Collect$$$$0000000B)
    .ARM.Collect$$$$0000000E                 0x08000160   Section        4  entry12b.o(.ARM.Collect$$$$0000000E)
    .ARM.Collect$$$$0000000F                 0x08000164   Section        0  entry10a.o(.ARM.Collect$$$$0000000F)
    .ARM.Collect$$$$00000011                 0x08000164   Section        0  entry11a.o(.ARM.Collect$$$$00000011)
    .ARM.Collect$$$$00002712                 0x08000164   Section        4  entry2.o(.ARM.Collect$$$$00002712)
    __lit__00000000                          0x08000164   Data           4  entry2.o(.ARM.Collect$$$$00002712)
    .text                                    0x08000168   Section       36  startup_gd32e10x.o(.text)
    $v0                                      0x08000168   Number         0  startup_gd32e10x.o(.text)
    .text                                    0x0800018c   Section        0  memcpya.o(.text)
    .text                                    0x080001b0   Section        0  memseta.o(.text)
    .text                                    0x080001d4   Section        0  dmul.o(.text)
    .text                                    0x080002b8   Section        0  ddiv.o(.text)
    .text                                    0x08000396   Section        0  dfltui.o(.text)
    .text                                    0x080003b0   Section        0  dfixui.o(.text)
    .text                                    0x080003e2   Section        0  llushr.o(.text)
    .text                                    0x08000402   Section        0  iusefp.o(.text)
    .text                                    0x08000402   Section        0  depilogue.o(.text)
    .text                                    0x080004bc   Section       36  init.o(.text)
    .text                                    0x080004e0   Section        0  llshl.o(.text)
    i.BusFault_Handler                       0x080004fe   Section        0  gd32e10x_it.o(i.BusFault_Handler)
    i.CAN0_RX0_IRQHandler                    0x08000504   Section        0  main.o(i.CAN0_RX0_IRQHandler)
    i.CalChecksum                            0x08000530   Section        0  main.o(i.CalChecksum)
    i.CircBuf_Init                           0x0800054a   Section        0  circular_buffer.o(i.CircBuf_Init)
    i.CircBuf_Push                           0x08000586   Section        0  circular_buffer.o(i.CircBuf_Push)
    i.DMA0_Channel0_IRQHandler               0x080005fc   Section        0  adc.o(i.DMA0_Channel0_IRQHandler)
    i.DMA0_Channel1_IRQHandler               0x08000620   Section        0  uart.o(i.DMA0_Channel1_IRQHandler)
    i.DMA0_Channel3_IRQHandler               0x08000648   Section        0  uart.o(i.DMA0_Channel3_IRQHandler)
    i.DMA0_Channel4_IRQHandler               0x08000670   Section        0  uart.o(i.DMA0_Channel4_IRQHandler)
    i.DMA0_Channel6_IRQHandler               0x08000690   Section        0  uart.o(i.DMA0_Channel6_IRQHandler)
    i.DMA1_Channel4_IRQHandler               0x080006b8   Section        0  uart.o(i.DMA1_Channel4_IRQHandler)
    i.DebugMon_Handler                       0x080006e0   Section        0  gd32e10x_it.o(i.DebugMon_Handler)
    i.GetAdcValue                            0x080006e4   Section        0  adc.o(i.GetAdcValue)
    i.HardFault_Handler                      0x080006fc   Section        0  gd32e10x_it.o(i.HardFault_Handler)
    i.Hc4051Delay                            0x08000700   Section        0  74hc4051bq.o(i.Hc4051Delay)
    i.Hc4051IoInit                           0x0800070c   Section        0  74hc4051bq.o(i.Hc4051IoInit)
    i.IsPowerOf2                             0x08000790   Section        0  circular_buffer.o(i.IsPowerOf2)
    i.MemManage_Handler                      0x080007c0   Section        0  gd32e10x_it.o(i.MemManage_Handler)
    i.NMI_Handler                            0x080007c4   Section        0  gd32e10x_it.o(i.NMI_Handler)
    i.NVIC_SetPriority                       0x080007c8   Section        0  systick.o(i.NVIC_SetPriority)
    NVIC_SetPriority                         0x080007c9   Thumb Code    32  systick.o(i.NVIC_SetPriority)
    i.PendSV_Handler                         0x080007f0   Section        0  gd32e10x_it.o(i.PendSV_Handler)
    i.RoundDown_PowerOf2                     0x080007f2   Section        0  circular_buffer.o(i.RoundDown_PowerOf2)
    i.SVC_Handler                            0x0800082a   Section        0  gd32e10x_it.o(i.SVC_Handler)
    i.SysTick_Handler                        0x0800082c   Section        0  gd32e10x_it.o(i.SysTick_Handler)
    i.SystemInit                             0x08000834   Section        0  system_gd32e10x.o(i.SystemInit)
    i.TIMER2_IRQHandler                      0x0800088c   Section        0  gd32e10x_it.o(i.TIMER2_IRQHandler)
    i.TIMER3_IRQHandler                      0x08000934   Section        0  main.o(i.TIMER3_IRQHandler)
    i.UART3_IRQHandler                       0x08000950   Section        0  uart.o(i.UART3_IRQHandler)
    i.USART0_IRQHandler                      0x080009b8   Section        0  uart.o(i.USART0_IRQHandler)
    i.USART1_IRQHandler                      0x08000a20   Section        0  uart.o(i.USART1_IRQHandler)
    i.USART2_IRQHandler                      0x08000a88   Section        0  uart.o(i.USART2_IRQHandler)
    i.UsageFault_Handler                     0x08000af0   Section        0  gd32e10x_it.o(i.UsageFault_Handler)
    i.__scatterload_copy                     0x08000af4   Section       14  handlers.o(i.__scatterload_copy)
    i.__scatterload_null                     0x08000b02   Section        2  handlers.o(i.__scatterload_null)
    i.__scatterload_zeroinit                 0x08000b04   Section       14  handlers.o(i.__scatterload_zeroinit)
    i.adc_calculation_calibration_once       0x08000b14   Section        0  74hc4051bq.o(i.adc_calculation_calibration_once)
    i.adc_calibration_enable                 0x08000ca0   Section        0  gd32e10x_adc.o(i.adc_calibration_enable)
    i.adc_channel_length_config              0x08000cca   Section        0  gd32e10x_adc.o(i.adc_channel_length_config)
    i.adc_config                             0x08000d10   Section        0  adc.o(i.adc_config)
    i.adc_data_alignment_config              0x08000e10   Section        0  gd32e10x_adc.o(i.adc_data_alignment_config)
    i.adc_deinit                             0x08000e28   Section        0  gd32e10x_adc.o(i.adc_deinit)
    i.adc_dma_mode_enable                    0x08000e68   Section        0  gd32e10x_adc.o(i.adc_dma_mode_enable)
    i.adc_enable                             0x08000e72   Section        0  gd32e10x_adc.o(i.adc_enable)
    i.adc_external_trigger_config            0x08000e84   Section        0  gd32e10x_adc.o(i.adc_external_trigger_config)
    i.adc_external_trigger_source_config     0x08000ec2   Section        0  gd32e10x_adc.o(i.adc_external_trigger_source_config)
    i.adc_init                               0x08000ef2   Section        0  adc.o(i.adc_init)
    i.adc_mode_config                        0x08000f0c   Section        0  gd32e10x_adc.o(i.adc_mode_config)
    i.adc_regular_channel_config             0x08000f28   Section        0  gd32e10x_adc.o(i.adc_regular_channel_config)
    i.adc_software_trigger_enable            0x08000fd4   Section        0  gd32e10x_adc.o(i.adc_software_trigger_enable)
    i.adc_special_function_config            0x08000ff2   Section        0  gd32e10x_adc.o(i.adc_special_function_config)
    i.adc_value_read                         0x0800104c   Section        0  74hc4051bq.o(i.adc_value_read)
    i.can_message_receive                    0x0800112c   Section        0  gd32e10x_can.o(i.can_message_receive)
    i.delay_1ms                              0x080012f0   Section        0  systick.o(i.delay_1ms)
    i.delay_decrement                        0x08001304   Section        0  systick.o(i.delay_decrement)
    i.dma0_ch1_usart2_tx_init                0x0800131c   Section        0  uart.o(i.dma0_ch1_usart2_tx_init)
    i.dma0_ch2_usart2_rx_init                0x0800139c   Section        0  uart.o(i.dma0_ch2_usart2_rx_init)
    i.dma1_ch2_usart3_rx_init                0x08001424   Section        0  uart.o(i.dma1_ch2_usart3_rx_init)
    i.dma1_ch4_usart3_tx_init                0x080014ac   Section        0  uart.o(i.dma1_ch4_usart3_tx_init)
    i.dma_channel_disable                    0x0800152c   Section        0  gd32e10x_dma.o(i.dma_channel_disable)
    i.dma_channel_enable                     0x0800155e   Section        0  gd32e10x_dma.o(i.dma_channel_enable)
    i.dma_circulation_disable                0x08001590   Section        0  gd32e10x_dma.o(i.dma_circulation_disable)
    i.dma_circulation_enable                 0x080015c2   Section        0  gd32e10x_dma.o(i.dma_circulation_enable)
    i.dma_config                             0x080015f4   Section        0  adc.o(i.dma_config)
    i.dma_deinit                             0x08001658   Section        0  gd32e10x_dma.o(i.dma_deinit)
    i.dma_init                               0x080016c8   Section        0  gd32e10x_dma.o(i.dma_init)
    i.dma_interrupt_enable                   0x080017f6   Section        0  gd32e10x_dma.o(i.dma_interrupt_enable)
    i.dma_interrupt_flag_clear               0x08001828   Section        0  gd32e10x_dma.o(i.dma_interrupt_flag_clear)
    i.dma_interrupt_flag_get                 0x08001838   Section        0  gd32e10x_dma.o(i.dma_interrupt_flag_get)
    i.dma_memory_address_config              0x080018ba   Section        0  gd32e10x_dma.o(i.dma_memory_address_config)
    i.dma_memory_to_memory_disable           0x080018de   Section        0  gd32e10x_dma.o(i.dma_memory_to_memory_disable)
    i.dma_periph_and_channel_check           0x08001910   Section        0  gd32e10x_dma.o(i.dma_periph_and_channel_check)
    dma_periph_and_channel_check             0x08001911   Thumb Code    18  gd32e10x_dma.o(i.dma_periph_and_channel_check)
    i.dma_struct_para_init                   0x08001928   Section        0  gd32e10x_dma.o(i.dma_struct_para_init)
    i.dma_transfer_number_config             0x08001944   Section        0  gd32e10x_dma.o(i.dma_transfer_number_config)
    i.dma_transfer_number_get                0x0800196a   Section        0  gd32e10x_dma.o(i.dma_transfer_number_get)
    i.gd_eval_com_init                       0x0800198c   Section        0  uart.o(i.gd_eval_com_init)
    i.gpio_bit_reset                         0x08001a48   Section        0  gd32e10x_gpio.o(i.gpio_bit_reset)
    i.gpio_bit_set                           0x08001a4c   Section        0  gd32e10x_gpio.o(i.gpio_bit_set)
    i.gpio_config                            0x08001a50   Section        0  adc.o(i.gpio_config)
    i.gpio_init                              0x08001afc   Section        0  gd32e10x_gpio.o(i.gpio_init)
    i.gpio_input_bit_get                     0x08001bb8   Section        0  gd32e10x_gpio.o(i.gpio_input_bit_get)
    i.gpio_output_port_get                   0x08001bc8   Section        0  gd32e10x_gpio.o(i.gpio_output_port_get)
    i.gpio_pin_remap_config                  0x08001bd0   Section        0  gd32e10x_gpio.o(i.gpio_pin_remap_config)
    i.gpio_port_write                        0x08001c60   Section        0  gd32e10x_gpio.o(i.gpio_port_write)
    i.led_init                               0x08001c64   Section        0  led.o(i.led_init)
    i.main                                   0x08001c9c   Section        0  main.o(i.main)
    i.nvic_config                            0x08001dac   Section        0  uart.o(i.nvic_config)
    i.nvic_irq_enable                        0x08001e54   Section        0  gd32e10x_misc.o(i.nvic_irq_enable)
    i.nvic_priority_group_set                0x08001f00   Section        0  gd32e10x_misc.o(i.nvic_priority_group_set)
    i.nvic_vector_table_set                  0x08001f14   Section        0  gd32e10x_misc.o(i.nvic_vector_table_set)
    i.rcu_adc_clock_config                   0x08001f28   Section        0  gd32e10x_rcu.o(i.rcu_adc_clock_config)
    i.rcu_clock_freq_get                     0x08001f94   Section        0  gd32e10x_rcu.o(i.rcu_clock_freq_get)
    i.rcu_config                             0x08002118   Section        0  adc.o(i.rcu_config)
    i.rcu_periph_clock_enable                0x0800214c   Section        0  gd32e10x_rcu.o(i.rcu_periph_clock_enable)
    i.rcu_periph_reset_disable               0x0800216c   Section        0  gd32e10x_rcu.o(i.rcu_periph_reset_disable)
    i.rcu_periph_reset_enable                0x0800218c   Section        0  gd32e10x_rcu.o(i.rcu_periph_reset_enable)
    i.read_adc_value                         0x080021ac   Section        0  adc.o(i.read_adc_value)
    i.read_can0_data                         0x08002228   Section        0  main.o(i.read_can0_data)
    i.select_x_control                       0x0800223c   Section        0  74hc4051bq.o(i.select_x_control)
    i.select_y_control_volt                  0x08002278   Section        0  74hc4051bq.o(i.select_y_control_volt)
    i.system_clock_120m_hxtal                0x080022ec   Section        0  system_gd32e10x.o(i.system_clock_120m_hxtal)
    system_clock_120m_hxtal                  0x080022ed   Thumb Code   226  system_gd32e10x.o(i.system_clock_120m_hxtal)
    i.system_clock_config                    0x080023e8   Section        0  system_gd32e10x.o(i.system_clock_config)
    system_clock_config                      0x080023e9   Thumb Code     8  system_gd32e10x.o(i.system_clock_config)
    i.systick_config                         0x080023f0   Section        0  systick.o(i.systick_config)
    i.timer_channel_capture_value_register_read 0x08002440   Section        0  gd32e10x_timer.o(i.timer_channel_capture_value_register_read)
    i.timer_interrupt_flag_clear             0x0800246a   Section        0  gd32e10x_timer.o(i.timer_interrupt_flag_clear)
    i.timer_interrupt_flag_get               0x08002470   Section        0  gd32e10x_timer.o(i.timer_interrupt_flag_get)
    i.uart3_dma_send_data                    0x08002488   Section        0  uart.o(i.uart3_dma_send_data)
    i.usart0_dma_send_data                   0x080024d8   Section        0  uart.o(i.usart0_dma_send_data)
    i.usart1_dma_send_data                   0x08002528   Section        0  uart.o(i.usart1_dma_send_data)
    i.usart2_dma_send_data                   0x08002578   Section        0  uart.o(i.usart2_dma_send_data)
    i.usart2_init                            0x080025c8   Section        0  uart.o(i.usart2_init)
    i.usart3_init                            0x080025fc   Section        0  uart.o(i.usart3_init)
    i.usart_baudrate_set                     0x08002630   Section        0  gd32e10x_usart.o(i.usart_baudrate_set)
    i.usart_deinit                           0x080026c0   Section        0  gd32e10x_usart.o(i.usart_deinit)
    i.usart_dma_receive_config               0x08002750   Section        0  gd32e10x_usart.o(i.usart_dma_receive_config)
    i.usart_dma_send_data                    0x08002760   Section        0  uart.o(i.usart_dma_send_data)
    i.usart_dma_transmit_config              0x080027a8   Section        0  gd32e10x_usart.o(i.usart_dma_transmit_config)
    i.usart_enable                           0x080027b8   Section        0  gd32e10x_usart.o(i.usart_enable)
    i.usart_interrupt_enable                 0x080027c2   Section        0  gd32e10x_usart.o(i.usart_interrupt_enable)
    i.usart_interrupt_flag_get               0x080027dc   Section        0  gd32e10x_usart.o(i.usart_interrupt_flag_get)
    i.usart_receive_config                   0x08002814   Section        0  gd32e10x_usart.o(i.usart_receive_config)
    i.usart_transmit_config                  0x08002824   Section        0  gd32e10x_usart.o(i.usart_transmit_config)
    .constdata                               0x08002834   Section      192  gd32e10x_can.o(.constdata)
    timing_pts                               0x0800283c   Data         184  gd32e10x_can.o(.constdata)
    .data                                    0x20000000   Section        9  main.o(.data)
    led_flag_red                             0x20000008   Data           1  main.o(.data)
    .data                                    0x2000000c   Section        4  systick.o(.data)
    delay                                    0x2000000c   Data           4  systick.o(.data)
    .data                                    0x20000010   Section       14  gd32e10x_it.o(.data)
    .data                                    0x20000020   Section        4  system_gd32e10x.o(.data)
    .data                                    0x20000024   Section      100  74hc4051bq.o(.data)
    .data                                    0x20000088   Section       68  uart.o(.data)
    COM_CLK                                  0x2000008c   Data           8  uart.o(.data)
    COM_TX_PIN                               0x20000094   Data          16  uart.o(.data)
    COM_RX_PIN                               0x200000a4   Data          16  uart.o(.data)
    COM_GPIO_PORT                            0x200000b4   Data          16  uart.o(.data)
    COM_GPIO_CLK                             0x200000c4   Data           8  uart.o(.data)
    .bss                                     0x200000cc   Section    16780  main.o(.bss)
    .bss                                     0x20004258   Section       56  adc.o(.bss)
    .bss                                     0x20004290   Section     6208  uart.o(.bss)
    STACK                                    0x20005ad0   Section     1024  startup_gd32e10x.o(STACK)

    Global Symbols

    Symbol Name                              Value     Ov Type        Size  Object(Section)

    BuildAttributes$$THM_ISAv4$E$P$D$K$B$S$7EM$VFPi3$EXTD16$VFPS$VFMA$PE$A:L22UL41UL21$X:L11$S22US41US21$IEEE1$IW$USESV6$~STKCKD$USESV7$~SHL$OSPACE$ROPI$EBA8$MICROLIB$REQ8$PRES8$EABIv2 0x00000000   Number         0  anon$$obj.o ABSOLUTE
    __ARM_use_no_argv                        0x00000000   Number         0  main.o ABSOLUTE
    __arm_fini_                               - Undefined Weak Reference
    __cpp_initialize__aeabi_                  - Undefined Weak Reference
    __cxa_finalize                            - Undefined Weak Reference
    __decompress                              - Undefined Weak Reference
    _clock_init                               - Undefined Weak Reference
    _microlib_exit                            - Undefined Weak Reference
    __Vectors_Size                           0x00000150   Number         0  startup_gd32e10x.o ABSOLUTE
    __Vectors                                0x08000000   Data           4  startup_gd32e10x.o(RESET)
    __Vectors_End                            0x08000150   Data           0  startup_gd32e10x.o(RESET)
    __main                                   0x08000151   Thumb Code     0  entry.o(.ARM.Collect$$$$00000000)
    _main_stk                                0x08000151   Thumb Code     0  entry2.o(.ARM.Collect$$$$00000001)
    _main_scatterload                        0x08000155   Thumb Code     0  entry5.o(.ARM.Collect$$$$00000004)
    __main_after_scatterload                 0x08000159   Thumb Code     0  entry5.o(.ARM.Collect$$$$00000004)
    _main_clock                              0x08000159   Thumb Code     0  entry7b.o(.ARM.Collect$$$$00000008)
    _main_cpp_init                           0x08000159   Thumb Code     0  entry8b.o(.ARM.Collect$$$$0000000A)
    _main_init                               0x08000159   Thumb Code     0  entry9a.o(.ARM.Collect$$$$0000000B)
    __rt_lib_shutdown_fini                   0x08000161   Thumb Code     0  entry12b.o(.ARM.Collect$$$$0000000E)
    __rt_final_cpp                           0x08000165   Thumb Code     0  entry10a.o(.ARM.Collect$$$$0000000F)
    __rt_final_exit                          0x08000165   Thumb Code     0  entry11a.o(.ARM.Collect$$$$00000011)
    Reset_Handler                            0x08000169   Thumb Code     8  startup_gd32e10x.o(.text)
    ADC0_1_IRQHandler                        0x08000183   Thumb Code     0  startup_gd32e10x.o(.text)
    CAN0_EWMC_IRQHandler                     0x08000183   Thumb Code     0  startup_gd32e10x.o(.text)
    CAN0_RX1_IRQHandler                      0x08000183   Thumb Code     0  startup_gd32e10x.o(.text)
    CAN0_TX_IRQHandler                       0x08000183   Thumb Code     0  startup_gd32e10x.o(.text)
    CAN1_EWMC_IRQHandler                     0x08000183   Thumb Code     0  startup_gd32e10x.o(.text)
    CAN1_RX0_IRQHandler                      0x08000183   Thumb Code     0  startup_gd32e10x.o(.text)
    CAN1_RX1_IRQHandler                      0x08000183   Thumb Code     0  startup_gd32e10x.o(.text)
    CAN1_TX_IRQHandler                       0x08000183   Thumb Code     0  startup_gd32e10x.o(.text)
    DMA0_Channel2_IRQHandler                 0x08000183   Thumb Code     0  startup_gd32e10x.o(.text)
    DMA0_Channel5_IRQHandler                 0x08000183   Thumb Code     0  startup_gd32e10x.o(.text)
    DMA1_Channel0_IRQHandler                 0x08000183   Thumb Code     0  startup_gd32e10x.o(.text)
    DMA1_Channel1_IRQHandler                 0x08000183   Thumb Code     0  startup_gd32e10x.o(.text)
    DMA1_Channel2_IRQHandler                 0x08000183   Thumb Code     0  startup_gd32e10x.o(.text)
    DMA1_Channel3_IRQHandler                 0x08000183   Thumb Code     0  startup_gd32e10x.o(.text)
    EXMC_IRQHandler                          0x08000183   Thumb Code     0  startup_gd32e10x.o(.text)
    EXTI0_IRQHandler                         0x08000183   Thumb Code     0  startup_gd32e10x.o(.text)
    EXTI10_15_IRQHandler                     0x08000183   Thumb Code     0  startup_gd32e10x.o(.text)
    EXTI1_IRQHandler                         0x08000183   Thumb Code     0  startup_gd32e10x.o(.text)
    EXTI2_IRQHandler                         0x08000183   Thumb Code     0  startup_gd32e10x.o(.text)
    EXTI3_IRQHandler                         0x08000183   Thumb Code     0  startup_gd32e10x.o(.text)
    EXTI4_IRQHandler                         0x08000183   Thumb Code     0  startup_gd32e10x.o(.text)
    EXTI5_9_IRQHandler                       0x08000183   Thumb Code     0  startup_gd32e10x.o(.text)
    FMC_IRQHandler                           0x08000183   Thumb Code     0  startup_gd32e10x.o(.text)
    I2C0_ER_IRQHandler                       0x08000183   Thumb Code     0  startup_gd32e10x.o(.text)
    I2C0_EV_IRQHandler                       0x08000183   Thumb Code     0  startup_gd32e10x.o(.text)
    I2C1_ER_IRQHandler                       0x08000183   Thumb Code     0  startup_gd32e10x.o(.text)
    I2C1_EV_IRQHandler                       0x08000183   Thumb Code     0  startup_gd32e10x.o(.text)
    LVD_IRQHandler                           0x08000183   Thumb Code     0  startup_gd32e10x.o(.text)
    RCU_CTC_IRQHandler                       0x08000183   Thumb Code     0  startup_gd32e10x.o(.text)
    RTC_Alarm_IRQHandler                     0x08000183   Thumb Code     0  startup_gd32e10x.o(.text)
    RTC_IRQHandler                           0x08000183   Thumb Code     0  startup_gd32e10x.o(.text)
    SPI0_IRQHandler                          0x08000183   Thumb Code     0  startup_gd32e10x.o(.text)
    SPI1_IRQHandler                          0x08000183   Thumb Code     0  startup_gd32e10x.o(.text)
    SPI2_IRQHandler                          0x08000183   Thumb Code     0  startup_gd32e10x.o(.text)
    TAMPER_IRQHandler                        0x08000183   Thumb Code     0  startup_gd32e10x.o(.text)
    TIMER0_BRK_TIMER8_IRQHandler             0x08000183   Thumb Code     0  startup_gd32e10x.o(.text)
    TIMER0_Channel_IRQHandler                0x08000183   Thumb Code     0  startup_gd32e10x.o(.text)
    TIMER0_TRG_CMT_TIMER10_IRQHandler        0x08000183   Thumb Code     0  startup_gd32e10x.o(.text)
    TIMER0_UP_TIMER9_IRQHandler              0x08000183   Thumb Code     0  startup_gd32e10x.o(.text)
    TIMER1_IRQHandler                        0x08000183   Thumb Code     0  startup_gd32e10x.o(.text)
    TIMER4_IRQHandler                        0x08000183   Thumb Code     0  startup_gd32e10x.o(.text)
    TIMER5_IRQHandler                        0x08000183   Thumb Code     0  startup_gd32e10x.o(.text)
    TIMER6_IRQHandler                        0x08000183   Thumb Code     0  startup_gd32e10x.o(.text)
    TIMER7_BRK_TIMER11_IRQHandler            0x08000183   Thumb Code     0  startup_gd32e10x.o(.text)
    TIMER7_Channel_IRQHandler                0x08000183   Thumb Code     0  startup_gd32e10x.o(.text)
    TIMER7_TRG_CMT_TIMER13_IRQHandler        0x08000183   Thumb Code     0  startup_gd32e10x.o(.text)
    TIMER7_UP_TIMER12_IRQHandler             0x08000183   Thumb Code     0  startup_gd32e10x.o(.text)
    UART4_IRQHandler                         0x08000183   Thumb Code     0  startup_gd32e10x.o(.text)
    USBFS_IRQHandler                         0x08000183   Thumb Code     0  startup_gd32e10x.o(.text)
    USBFS_WKUP_IRQHandler                    0x08000183   Thumb Code     0  startup_gd32e10x.o(.text)
    WWDGT_IRQHandler                         0x08000183   Thumb Code     0  startup_gd32e10x.o(.text)
    __aeabi_memcpy                           0x0800018d   Thumb Code    36  memcpya.o(.text)
    __aeabi_memcpy4                          0x0800018d   Thumb Code     0  memcpya.o(.text)
    __aeabi_memcpy8                          0x0800018d   Thumb Code     0  memcpya.o(.text)
    __aeabi_memset                           0x080001b1   Thumb Code    14  memseta.o(.text)
    __aeabi_memset4                          0x080001b1   Thumb Code     0  memseta.o(.text)
    __aeabi_memset8                          0x080001b1   Thumb Code     0  memseta.o(.text)
    __aeabi_memclr                           0x080001bf   Thumb Code     4  memseta.o(.text)
    __aeabi_memclr4                          0x080001bf   Thumb Code     0  memseta.o(.text)
    __aeabi_memclr8                          0x080001bf   Thumb Code     0  memseta.o(.text)
    _memset$wrapper                          0x080001c3   Thumb Code    18  memseta.o(.text)
    __aeabi_dmul                             0x080001d5   Thumb Code   228  dmul.o(.text)
    __aeabi_ddiv                             0x080002b9   Thumb Code   222  ddiv.o(.text)
    __aeabi_ui2d                             0x08000397   Thumb Code    26  dfltui.o(.text)
    __aeabi_d2uiz                            0x080003b1   Thumb Code    50  dfixui.o(.text)
    __aeabi_llsr                             0x080003e3   Thumb Code    32  llushr.o(.text)
    _ll_ushift_r                             0x080003e3   Thumb Code     0  llushr.o(.text)
    __I$use$fp                               0x08000403   Thumb Code     0  iusefp.o(.text)
    _double_round                            0x08000403   Thumb Code    30  depilogue.o(.text)
    _double_epilogue                         0x08000421   Thumb Code   156  depilogue.o(.text)
    __scatterload                            0x080004bd   Thumb Code    28  init.o(.text)
    __scatterload_rt2                        0x080004bd   Thumb Code     0  init.o(.text)
    __aeabi_llsl                             0x080004e1   Thumb Code    30  llshl.o(.text)
    _ll_shift_l                              0x080004e1   Thumb Code     0  llshl.o(.text)
    BusFault_Handler                         0x080004ff   Thumb Code     4  gd32e10x_it.o(i.BusFault_Handler)
    CAN0_RX0_IRQHandler                      0x08000505   Thumb Code    36  main.o(i.CAN0_RX0_IRQHandler)
    CalChecksum                              0x08000531   Thumb Code    26  main.o(i.CalChecksum)
    CircBuf_Init                             0x0800054b   Thumb Code    60  circular_buffer.o(i.CircBuf_Init)
    CircBuf_Push                             0x08000587   Thumb Code   116  circular_buffer.o(i.CircBuf_Push)
    DMA0_Channel0_IRQHandler                 0x080005fd   Thumb Code    30  adc.o(i.DMA0_Channel0_IRQHandler)
    DMA0_Channel1_IRQHandler                 0x08000621   Thumb Code    32  uart.o(i.DMA0_Channel1_IRQHandler)
    DMA0_Channel3_IRQHandler                 0x08000649   Thumb Code    32  uart.o(i.DMA0_Channel3_IRQHandler)
    DMA0_Channel4_IRQHandler                 0x08000671   Thumb Code    26  uart.o(i.DMA0_Channel4_IRQHandler)
    DMA0_Channel6_IRQHandler                 0x08000691   Thumb Code    32  uart.o(i.DMA0_Channel6_IRQHandler)
    DMA1_Channel4_IRQHandler                 0x080006b9   Thumb Code    32  uart.o(i.DMA1_Channel4_IRQHandler)
    DebugMon_Handler                         0x080006e1   Thumb Code     2  gd32e10x_it.o(i.DebugMon_Handler)
    GetAdcValue                              0x080006e5   Thumb Code    18  adc.o(i.GetAdcValue)
    HardFault_Handler                        0x080006fd   Thumb Code     4  gd32e10x_it.o(i.HardFault_Handler)
    Hc4051Delay                              0x08000701   Thumb Code    12  74hc4051bq.o(i.Hc4051Delay)
    Hc4051IoInit                             0x0800070d   Thumb Code   116  74hc4051bq.o(i.Hc4051IoInit)
    IsPowerOf2                               0x08000791   Thumb Code    48  circular_buffer.o(i.IsPowerOf2)
    MemManage_Handler                        0x080007c1   Thumb Code     4  gd32e10x_it.o(i.MemManage_Handler)
    NMI_Handler                              0x080007c5   Thumb Code     2  gd32e10x_it.o(i.NMI_Handler)
    PendSV_Handler                           0x080007f1   Thumb Code     2  gd32e10x_it.o(i.PendSV_Handler)
    RoundDown_PowerOf2                       0x080007f3   Thumb Code    56  circular_buffer.o(i.RoundDown_PowerOf2)
    SVC_Handler                              0x0800082b   Thumb Code     2  gd32e10x_it.o(i.SVC_Handler)
    SysTick_Handler                          0x0800082d   Thumb Code     8  gd32e10x_it.o(i.SysTick_Handler)
    SystemInit                               0x08000835   Thumb Code    76  system_gd32e10x.o(i.SystemInit)
    TIMER2_IRQHandler                        0x0800088d   Thumb Code   138  gd32e10x_it.o(i.TIMER2_IRQHandler)
    TIMER3_IRQHandler                        0x08000935   Thumb Code    24  main.o(i.TIMER3_IRQHandler)
    UART3_IRQHandler                         0x08000951   Thumb Code    84  uart.o(i.UART3_IRQHandler)
    USART0_IRQHandler                        0x080009b9   Thumb Code    84  uart.o(i.USART0_IRQHandler)
    USART1_IRQHandler                        0x08000a21   Thumb Code    84  uart.o(i.USART1_IRQHandler)
    USART2_IRQHandler                        0x08000a89   Thumb Code    84  uart.o(i.USART2_IRQHandler)
    UsageFault_Handler                       0x08000af1   Thumb Code     4  gd32e10x_it.o(i.UsageFault_Handler)
    __scatterload_copy                       0x08000af5   Thumb Code    14  handlers.o(i.__scatterload_copy)
    __scatterload_null                       0x08000b03   Thumb Code     2  handlers.o(i.__scatterload_null)
    __scatterload_zeroinit                   0x08000b05   Thumb Code    14  handlers.o(i.__scatterload_zeroinit)
    adc_calculation_calibration_once         0x08000b15   Thumb Code   380  74hc4051bq.o(i.adc_calculation_calibration_once)
    adc_calibration_enable                   0x08000ca1   Thumb Code    42  gd32e10x_adc.o(i.adc_calibration_enable)
    adc_channel_length_config                0x08000ccb   Thumb Code    70  gd32e10x_adc.o(i.adc_channel_length_config)
    adc_config                               0x08000d11   Thumb Code   252  adc.o(i.adc_config)
    adc_data_alignment_config                0x08000e11   Thumb Code    22  gd32e10x_adc.o(i.adc_data_alignment_config)
    adc_deinit                               0x08000e29   Thumb Code    60  gd32e10x_adc.o(i.adc_deinit)
    adc_dma_mode_enable                      0x08000e69   Thumb Code    10  gd32e10x_adc.o(i.adc_dma_mode_enable)
    adc_enable                               0x08000e73   Thumb Code    18  gd32e10x_adc.o(i.adc_enable)
    adc_external_trigger_config              0x08000e85   Thumb Code    62  gd32e10x_adc.o(i.adc_external_trigger_config)
    adc_external_trigger_source_config       0x08000ec3   Thumb Code    48  gd32e10x_adc.o(i.adc_external_trigger_source_config)
    adc_init                                 0x08000ef3   Thumb Code    24  adc.o(i.adc_init)
    adc_mode_config                          0x08000f0d   Thumb Code    22  gd32e10x_adc.o(i.adc_mode_config)
    adc_regular_channel_config               0x08000f29   Thumb Code   172  gd32e10x_adc.o(i.adc_regular_channel_config)
    adc_software_trigger_enable              0x08000fd5   Thumb Code    30  gd32e10x_adc.o(i.adc_software_trigger_enable)
    adc_special_function_config              0x08000ff3   Thumb Code    90  gd32e10x_adc.o(i.adc_special_function_config)
    adc_value_read                           0x0800104d   Thumb Code   208  74hc4051bq.o(i.adc_value_read)
    can_message_receive                      0x0800112d   Thumb Code   448  gd32e10x_can.o(i.can_message_receive)
    delay_1ms                                0x080012f1   Thumb Code    16  systick.o(i.delay_1ms)
    delay_decrement                          0x08001305   Thumb Code    18  systick.o(i.delay_decrement)
    dma0_ch1_usart2_tx_init                  0x0800131d   Thumb Code   114  uart.o(i.dma0_ch1_usart2_tx_init)
    dma0_ch2_usart2_rx_init                  0x0800139d   Thumb Code   122  uart.o(i.dma0_ch2_usart2_rx_init)
    dma1_ch2_usart3_rx_init                  0x08001425   Thumb Code   122  uart.o(i.dma1_ch2_usart3_rx_init)
    dma1_ch4_usart3_tx_init                  0x080014ad   Thumb Code   114  uart.o(i.dma1_ch4_usart3_tx_init)
    dma_channel_disable                      0x0800152d   Thumb Code    50  gd32e10x_dma.o(i.dma_channel_disable)
    dma_channel_enable                       0x0800155f   Thumb Code    50  gd32e10x_dma.o(i.dma_channel_enable)
    dma_circulation_disable                  0x08001591   Thumb Code    50  gd32e10x_dma.o(i.dma_circulation_disable)
    dma_circulation_enable                   0x080015c3   Thumb Code    50  gd32e10x_dma.o(i.dma_circulation_enable)
    dma_config                               0x080015f5   Thumb Code    86  adc.o(i.dma_config)
    dma_deinit                               0x08001659   Thumb Code   112  gd32e10x_dma.o(i.dma_deinit)
    dma_init                                 0x080016c9   Thumb Code   302  gd32e10x_dma.o(i.dma_init)
    dma_interrupt_enable                     0x080017f7   Thumb Code    50  gd32e10x_dma.o(i.dma_interrupt_enable)
    dma_interrupt_flag_clear                 0x08001829   Thumb Code    16  gd32e10x_dma.o(i.dma_interrupt_flag_clear)
    dma_interrupt_flag_get                   0x08001839   Thumb Code   130  gd32e10x_dma.o(i.dma_interrupt_flag_get)
    dma_memory_address_config                0x080018bb   Thumb Code    36  gd32e10x_dma.o(i.dma_memory_address_config)
    dma_memory_to_memory_disable             0x080018df   Thumb Code    50  gd32e10x_dma.o(i.dma_memory_to_memory_disable)
    dma_struct_para_init                     0x08001929   Thumb Code    28  gd32e10x_dma.o(i.dma_struct_para_init)
    dma_transfer_number_config               0x08001945   Thumb Code    38  gd32e10x_dma.o(i.dma_transfer_number_config)
    dma_transfer_number_get                  0x0800196b   Thumb Code    34  gd32e10x_dma.o(i.dma_transfer_number_get)
    gd_eval_com_init                         0x0800198d   Thumb Code   152  uart.o(i.gd_eval_com_init)
    gpio_bit_reset                           0x08001a49   Thumb Code     4  gd32e10x_gpio.o(i.gpio_bit_reset)
    gpio_bit_set                             0x08001a4d   Thumb Code     4  gd32e10x_gpio.o(i.gpio_bit_set)
    gpio_config                              0x08001a51   Thumb Code   160  adc.o(i.gpio_config)
    gpio_init                                0x08001afd   Thumb Code   188  gd32e10x_gpio.o(i.gpio_init)
    gpio_input_bit_get                       0x08001bb9   Thumb Code    16  gd32e10x_gpio.o(i.gpio_input_bit_get)
    gpio_output_port_get                     0x08001bc9   Thumb Code     8  gd32e10x_gpio.o(i.gpio_output_port_get)
    gpio_pin_remap_config                    0x08001bd1   Thumb Code   138  gd32e10x_gpio.o(i.gpio_pin_remap_config)
    gpio_port_write                          0x08001c61   Thumb Code     4  gd32e10x_gpio.o(i.gpio_port_write)
    led_init                                 0x08001c65   Thumb Code    48  led.o(i.led_init)
    main                                     0x08001c9d   Thumb Code   248  main.o(i.main)
    nvic_config                              0x08001dad   Thumb Code   162  uart.o(i.nvic_config)
    nvic_irq_enable                          0x08001e55   Thumb Code   162  gd32e10x_misc.o(i.nvic_irq_enable)
    nvic_priority_group_set                  0x08001f01   Thumb Code    10  gd32e10x_misc.o(i.nvic_priority_group_set)
    nvic_vector_table_set                    0x08001f15   Thumb Code    12  gd32e10x_misc.o(i.nvic_vector_table_set)
    rcu_adc_clock_config                     0x08001f29   Thumb Code    98  gd32e10x_rcu.o(i.rcu_adc_clock_config)
    rcu_clock_freq_get                       0x08001f95   Thumb Code   352  gd32e10x_rcu.o(i.rcu_clock_freq_get)
    rcu_config                               0x08002119   Thumb Code    50  adc.o(i.rcu_config)
    rcu_periph_clock_enable                  0x0800214d   Thumb Code    28  gd32e10x_rcu.o(i.rcu_periph_clock_enable)
    rcu_periph_reset_disable                 0x0800216d   Thumb Code    28  gd32e10x_rcu.o(i.rcu_periph_reset_disable)
    rcu_periph_reset_enable                  0x0800218d   Thumb Code    28  gd32e10x_rcu.o(i.rcu_periph_reset_enable)
    read_adc_value                           0x080021ad   Thumb Code   102  adc.o(i.read_adc_value)
    read_can0_data                           0x08002229   Thumb Code    18  main.o(i.read_can0_data)
    select_x_control                         0x0800223d   Thumb Code    56  74hc4051bq.o(i.select_x_control)
    select_y_control_volt                    0x08002279   Thumb Code   104  74hc4051bq.o(i.select_y_control_volt)
    systick_config                           0x080023f1   Thumb Code    74  systick.o(i.systick_config)
    timer_channel_capture_value_register_read 0x08002441   Thumb Code    42  gd32e10x_timer.o(i.timer_channel_capture_value_register_read)
    timer_interrupt_flag_clear               0x0800246b   Thumb Code     6  gd32e10x_timer.o(i.timer_interrupt_flag_clear)
    timer_interrupt_flag_get                 0x08002471   Thumb Code    24  gd32e10x_timer.o(i.timer_interrupt_flag_get)
    uart3_dma_send_data                      0x08002489   Thumb Code    68  uart.o(i.uart3_dma_send_data)
    usart0_dma_send_data                     0x080024d9   Thumb Code    68  uart.o(i.usart0_dma_send_data)
    usart1_dma_send_data                     0x08002529   Thumb Code    68  uart.o(i.usart1_dma_send_data)
    usart2_dma_send_data                     0x08002579   Thumb Code    68  uart.o(i.usart2_dma_send_data)
    usart2_init                              0x080025c9   Thumb Code    40  uart.o(i.usart2_init)
    usart3_init                              0x080025fd   Thumb Code    40  uart.o(i.usart3_init)
    usart_baudrate_set                       0x08002631   Thumb Code   136  gd32e10x_usart.o(i.usart_baudrate_set)
    usart_deinit                             0x080026c1   Thumb Code   136  gd32e10x_usart.o(i.usart_deinit)
    usart_dma_receive_config                 0x08002751   Thumb Code    16  gd32e10x_usart.o(i.usart_dma_receive_config)
    usart_dma_send_data                      0x08002761   Thumb Code    72  uart.o(i.usart_dma_send_data)
    usart_dma_transmit_config                0x080027a9   Thumb Code    16  gd32e10x_usart.o(i.usart_dma_transmit_config)
    usart_enable                             0x080027b9   Thumb Code    10  gd32e10x_usart.o(i.usart_enable)
    usart_interrupt_enable                   0x080027c3   Thumb Code    26  gd32e10x_usart.o(i.usart_interrupt_enable)
    usart_interrupt_flag_get                 0x080027dd   Thumb Code    56  gd32e10x_usart.o(i.usart_interrupt_flag_get)
    usart_receive_config                     0x08002815   Thumb Code    16  gd32e10x_usart.o(i.usart_receive_config)
    usart_transmit_config                    0x08002825   Thumb Code    16  gd32e10x_usart.o(i.usart_transmit_config)
    g_can_fdlength_table                     0x08002834   Data           7  gd32e10x_can.o(.constdata)
    Region$$Table$$Base                      0x080028f4   Number         0  anon$$obj.o(Region$$Table)
    Region$$Table$$Limit                     0x08002914   Number         0  anon$$obj.o(Region$$Table)
    timer3_interrupt                         0x20000000   Data           1  main.o(.data)
    time_1ms                                 0x20000004   Data           4  main.o(.data)
    readvalue1                               0x20000010   Data           2  gd32e10x_it.o(.data)
    readvalue2                               0x20000012   Data           2  gd32e10x_it.o(.data)
    ccnumber                                 0x20000014   Data           2  gd32e10x_it.o(.data)
    count                                    0x20000018   Data           4  gd32e10x_it.o(.data)
    fre                                      0x2000001c   Data           2  gd32e10x_it.o(.data)
    SystemCoreClock                          0x20000020   Data           4  system_gd32e10x.o(.data)
    adc_rank                                 0x20000024   Data          12  74hc4051bq.o(.data)
    type_a_rank                              0x20000030   Data           8  74hc4051bq.o(.data)
    type_b_rank                              0x20000038   Data           8  74hc4051bq.o(.data)
    adc_channel_choice_num                   0x20000040   Data           8  74hc4051bq.o(.data)
    refine_y_pos_normal                      0x20000048   Data          32  74hc4051bq.o(.data)
    refine_y_pos_aosha                       0x20000068   Data          32  74hc4051bq.o(.data)
    dma0_ch1_idle                            0x20000088   Data           1  uart.o(.data)
    dma0_ch3_idle                            0x20000089   Data           1  uart.o(.data)
    dma0_ch6_idle                            0x2000008a   Data           1  uart.o(.data)
    dma1_ch4_idle                            0x2000008b   Data           1  uart.o(.data)
    serial_frame                             0x200000cc   Data        3080  main.o(.bss)
    process_handle                           0x20000cd4   Data       13700  main.o(.bss)
    adc_value                                0x20004258   Data          24  adc.o(.bss)
    adc_v                                    0x20004270   Data          32  adc.o(.bss)
    USART0_RxBuff                            0x20004290   Data         512  uart.o(.bss)
    USART0_TxBuff                            0x20004490   Data         512  uart.o(.bss)
    USART1_RxBuff                            0x20004690   Data         512  uart.o(.bss)
    USART1_TxBuff                            0x20004890   Data         512  uart.o(.bss)
    USART2_RxBuff                            0x20004a90   Data         512  uart.o(.bss)
    USART2_TxBuff                            0x20004c90   Data         512  uart.o(.bss)
    USART3_RxBuff                            0x20004e90   Data         512  uart.o(.bss)
    USART3_TxBuff                            0x20005090   Data         512  uart.o(.bss)
    USART0_RX_CACHE_BUFFER                   0x20005290   Data         512  uart.o(.bss)
    USART1_RX_CACHE_BUFFER                   0x20005490   Data         512  uart.o(.bss)
    USART2_RX_CACHE_BUFFER                   0x20005690   Data         512  uart.o(.bss)
    USART3_RX_CACHE_BUFFER                   0x20005890   Data         512  uart.o(.bss)
    USART0_RxCBuf                            0x20005a90   Data          16  uart.o(.bss)
    USART1_RxCBuf                            0x20005aa0   Data          16  uart.o(.bss)
    USART2_RxCBuf                            0x20005ab0   Data          16  uart.o(.bss)
    USART3_RxCBuf                            0x20005ac0   Data          16  uart.o(.bss)
    __initial_sp                             0x20005ed0   Data           0  startup_gd32e10x.o(STACK)



==============================================================================

Memory Map of the image

  Image Entry point : 0x08000151

  Load Region LR_IROM1 (Base: 0x08000000, Size: 0x000029e0, Max: 0x00020000, ABSOLUTE)

    Execution Region ER_IROM1 (Exec base: 0x08000000, Load base: 0x08000000, Size: 0x00002914, Max: 0x00020000, ABSOLUTE)

    Exec Addr    Load Addr    Size         Type   Attr      Idx    E Section Name        Object

    0x08000000   0x08000000   0x00000150   Data   RO         4067    RESET               startup_gd32e10x.o
    0x08000150   0x08000150   0x00000000   Code   RO         4641  * .ARM.Collect$$$$00000000  mc_w.l(entry.o)
    0x08000150   0x08000150   0x00000004   Code   RO         4688    .ARM.Collect$$$$00000001  mc_w.l(entry2.o)
    0x08000154   0x08000154   0x00000004   Code   RO         4691    .ARM.Collect$$$$00000004  mc_w.l(entry5.o)
    0x08000158   0x08000158   0x00000000   Code   RO         4693    .ARM.Collect$$$$00000008  mc_w.l(entry7b.o)
    0x08000158   0x08000158   0x00000000   Code   RO         4695    .ARM.Collect$$$$0000000A  mc_w.l(entry8b.o)
    0x08000158   0x08000158   0x00000008   Code   RO         4696    .ARM.Collect$$$$0000000B  mc_w.l(entry9a.o)
    0x08000160   0x08000160   0x00000004   Code   RO         4703    .ARM.Collect$$$$0000000E  mc_w.l(entry12b.o)
    0x08000164   0x08000164   0x00000000   Code   RO         4698    .ARM.Collect$$$$0000000F  mc_w.l(entry10a.o)
    0x08000164   0x08000164   0x00000000   Code   RO         4700    .ARM.Collect$$$$00000011  mc_w.l(entry11a.o)
    0x08000164   0x08000164   0x00000004   Code   RO         4689    .ARM.Collect$$$$00002712  mc_w.l(entry2.o)
    0x08000168   0x08000168   0x00000024   Code   RO         4068    .text               startup_gd32e10x.o
    0x0800018c   0x0800018c   0x00000024   Code   RO         4644    .text               mc_w.l(memcpya.o)
    0x080001b0   0x080001b0   0x00000024   Code   RO         4646    .text               mc_w.l(memseta.o)
    0x080001d4   0x080001d4   0x000000e4   Code   RO         4680    .text               mf_w.l(dmul.o)
    0x080002b8   0x080002b8   0x000000de   Code   RO         4682    .text               mf_w.l(ddiv.o)
    0x08000396   0x08000396   0x0000001a   Code   RO         4684    .text               mf_w.l(dfltui.o)
    0x080003b0   0x080003b0   0x00000032   Code   RO         4686    .text               mf_w.l(dfixui.o)
    0x080003e2   0x080003e2   0x00000020   Code   RO         4704    .text               mc_w.l(llushr.o)
    0x08000402   0x08000402   0x00000000   Code   RO         4708    .text               mc_w.l(iusefp.o)
    0x08000402   0x08000402   0x000000ba   Code   RO         4709    .text               mf_w.l(depilogue.o)
    0x080004bc   0x080004bc   0x00000024   Code   RO         4711    .text               mc_w.l(init.o)
    0x080004e0   0x080004e0   0x0000001e   Code   RO         4713    .text               mc_w.l(llshl.o)
    0x080004fe   0x080004fe   0x00000004   Code   RO          254    i.BusFault_Handler  gd32e10x_it.o
    0x08000502   0x08000502   0x00000002   PAD
    0x08000504   0x08000504   0x0000002c   Code   RO            3    i.CAN0_RX0_IRQHandler  main.o
    0x08000530   0x08000530   0x0000001a   Code   RO            4    i.CalChecksum       main.o
    0x0800054a   0x0800054a   0x0000003c   Code   RO         4478    i.CircBuf_Init      circular_buffer.o
    0x08000586   0x08000586   0x00000074   Code   RO         4483    i.CircBuf_Push      circular_buffer.o
    0x080005fa   0x080005fa   0x00000002   PAD
    0x080005fc   0x080005fc   0x00000024   Code   RO         4139    i.DMA0_Channel0_IRQHandler  adc.o
    0x08000620   0x08000620   0x00000028   Code   RO         4233    i.DMA0_Channel1_IRQHandler  uart.o
    0x08000648   0x08000648   0x00000028   Code   RO         4234    i.DMA0_Channel3_IRQHandler  uart.o
    0x08000670   0x08000670   0x00000020   Code   RO         4235    i.DMA0_Channel4_IRQHandler  uart.o
    0x08000690   0x08000690   0x00000028   Code   RO         4236    i.DMA0_Channel6_IRQHandler  uart.o
    0x080006b8   0x080006b8   0x00000028   Code   RO         4237    i.DMA1_Channel4_IRQHandler  uart.o
    0x080006e0   0x080006e0   0x00000002   Code   RO          255    i.DebugMon_Handler  gd32e10x_it.o
    0x080006e2   0x080006e2   0x00000002   PAD
    0x080006e4   0x080006e4   0x00000018   Code   RO         4140    i.GetAdcValue       adc.o
    0x080006fc   0x080006fc   0x00000004   Code   RO          256    i.HardFault_Handler  gd32e10x_it.o
    0x08000700   0x08000700   0x0000000c   Code   RO         4074    i.Hc4051Delay       74hc4051bq.o
    0x0800070c   0x0800070c   0x00000084   Code   RO         4075    i.Hc4051IoInit      74hc4051bq.o
    0x08000790   0x08000790   0x00000030   Code   RO         4485    i.IsPowerOf2        circular_buffer.o
    0x080007c0   0x080007c0   0x00000004   Code   RO          257    i.MemManage_Handler  gd32e10x_it.o
    0x080007c4   0x080007c4   0x00000002   Code   RO          258    i.NMI_Handler       gd32e10x_it.o
    0x080007c6   0x080007c6   0x00000002   PAD
    0x080007c8   0x080007c8   0x00000028   Code   RO          211    i.NVIC_SetPriority  systick.o
    0x080007f0   0x080007f0   0x00000002   Code   RO          259    i.PendSV_Handler    gd32e10x_it.o
    0x080007f2   0x080007f2   0x00000038   Code   RO         4486    i.RoundDown_PowerOf2  circular_buffer.o
    0x0800082a   0x0800082a   0x00000002   Code   RO          260    i.SVC_Handler       gd32e10x_it.o
    0x0800082c   0x0800082c   0x00000008   Code   RO          261    i.SysTick_Handler   gd32e10x_it.o
    0x08000834   0x08000834   0x00000058   Code   RO          351    i.SystemInit        system_gd32e10x.o
    0x0800088c   0x0800088c   0x000000a8   Code   RO          262    i.TIMER2_IRQHandler  gd32e10x_it.o
    0x08000934   0x08000934   0x0000001c   Code   RO            5    i.TIMER3_IRQHandler  main.o
    0x08000950   0x08000950   0x00000068   Code   RO         4238    i.UART3_IRQHandler  uart.o
    0x080009b8   0x080009b8   0x00000068   Code   RO         4239    i.USART0_IRQHandler  uart.o
    0x08000a20   0x08000a20   0x00000068   Code   RO         4240    i.USART1_IRQHandler  uart.o
    0x08000a88   0x08000a88   0x00000068   Code   RO         4241    i.USART2_IRQHandler  uart.o
    0x08000af0   0x08000af0   0x00000004   Code   RO          263    i.UsageFault_Handler  gd32e10x_it.o
    0x08000af4   0x08000af4   0x0000000e   Code   RO         4717    i.__scatterload_copy  mc_w.l(handlers.o)
    0x08000b02   0x08000b02   0x00000002   Code   RO         4718    i.__scatterload_null  mc_w.l(handlers.o)
    0x08000b04   0x08000b04   0x0000000e   Code   RO         4719    i.__scatterload_zeroinit  mc_w.l(handlers.o)
    0x08000b12   0x08000b12   0x00000002   PAD
    0x08000b14   0x08000b14   0x0000018c   Code   RO         4076    i.adc_calculation_calibration_once  74hc4051bq.o
    0x08000ca0   0x08000ca0   0x0000002a   Code   RO          392    i.adc_calibration_enable  gd32e10x_adc.o
    0x08000cca   0x08000cca   0x00000046   Code   RO          393    i.adc_channel_length_config  gd32e10x_adc.o
    0x08000d10   0x08000d10   0x00000100   Code   RO         4141    i.adc_config        adc.o
    0x08000e10   0x08000e10   0x00000016   Code   RO          394    i.adc_data_alignment_config  gd32e10x_adc.o
    0x08000e26   0x08000e26   0x00000002   PAD
    0x08000e28   0x08000e28   0x00000040   Code   RO          395    i.adc_deinit        gd32e10x_adc.o
    0x08000e68   0x08000e68   0x0000000a   Code   RO          399    i.adc_dma_mode_enable  gd32e10x_adc.o
    0x08000e72   0x08000e72   0x00000012   Code   RO          400    i.adc_enable        gd32e10x_adc.o
    0x08000e84   0x08000e84   0x0000003e   Code   RO          401    i.adc_external_trigger_config  gd32e10x_adc.o
    0x08000ec2   0x08000ec2   0x00000030   Code   RO          402    i.adc_external_trigger_source_config  gd32e10x_adc.o
    0x08000ef2   0x08000ef2   0x00000018   Code   RO         4142    i.adc_init          adc.o
    0x08000f0a   0x08000f0a   0x00000002   PAD
    0x08000f0c   0x08000f0c   0x0000001c   Code   RO          413    i.adc_mode_config   gd32e10x_adc.o
    0x08000f28   0x08000f28   0x000000ac   Code   RO          417    i.adc_regular_channel_config  gd32e10x_adc.o
    0x08000fd4   0x08000fd4   0x0000001e   Code   RO          421    i.adc_software_trigger_enable  gd32e10x_adc.o
    0x08000ff2   0x08000ff2   0x0000005a   Code   RO          422    i.adc_special_function_config  gd32e10x_adc.o
    0x0800104c   0x0800104c   0x000000e0   Code   RO         4077    i.adc_value_read    74hc4051bq.o
    0x0800112c   0x0800112c   0x000001c4   Code   RO          857    i.can_message_receive  gd32e10x_can.o
    0x080012f0   0x080012f0   0x00000014   Code   RO          212    i.delay_1ms         systick.o
    0x08001304   0x08001304   0x00000018   Code   RO          213    i.delay_decrement   systick.o
    0x0800131c   0x0800131c   0x00000080   Code   RO         4242    i.dma0_ch1_usart2_tx_init  uart.o
    0x0800139c   0x0800139c   0x00000088   Code   RO         4243    i.dma0_ch2_usart2_rx_init  uart.o
    0x08001424   0x08001424   0x00000088   Code   RO         4248    i.dma1_ch2_usart3_rx_init  uart.o
    0x080014ac   0x080014ac   0x00000080   Code   RO         4249    i.dma1_ch4_usart3_tx_init  uart.o
    0x0800152c   0x0800152c   0x00000032   Code   RO         1485    i.dma_channel_disable  gd32e10x_dma.o
    0x0800155e   0x0800155e   0x00000032   Code   RO         1486    i.dma_channel_enable  gd32e10x_dma.o
    0x08001590   0x08001590   0x00000032   Code   RO         1487    i.dma_circulation_disable  gd32e10x_dma.o
    0x080015c2   0x080015c2   0x00000032   Code   RO         1488    i.dma_circulation_enable  gd32e10x_dma.o
    0x080015f4   0x080015f4   0x00000064   Code   RO         4143    i.dma_config        adc.o
    0x08001658   0x08001658   0x00000070   Code   RO         1489    i.dma_deinit        gd32e10x_dma.o
    0x080016c8   0x080016c8   0x0000012e   Code   RO         1492    i.dma_init          gd32e10x_dma.o
    0x080017f6   0x080017f6   0x00000032   Code   RO         1494    i.dma_interrupt_enable  gd32e10x_dma.o
    0x08001828   0x08001828   0x00000010   Code   RO         1495    i.dma_interrupt_flag_clear  gd32e10x_dma.o
    0x08001838   0x08001838   0x00000082   Code   RO         1496    i.dma_interrupt_flag_get  gd32e10x_dma.o
    0x080018ba   0x080018ba   0x00000024   Code   RO         1497    i.dma_memory_address_config  gd32e10x_dma.o
    0x080018de   0x080018de   0x00000032   Code   RO         1500    i.dma_memory_to_memory_disable  gd32e10x_dma.o
    0x08001910   0x08001910   0x00000018   Code   RO         1504    i.dma_periph_and_channel_check  gd32e10x_dma.o
    0x08001928   0x08001928   0x0000001c   Code   RO         1509    i.dma_struct_para_init  gd32e10x_dma.o
    0x08001944   0x08001944   0x00000026   Code   RO         1511    i.dma_transfer_number_config  gd32e10x_dma.o
    0x0800196a   0x0800196a   0x00000022   Code   RO         1512    i.dma_transfer_number_get  gd32e10x_dma.o
    0x0800198c   0x0800198c   0x000000bc   Code   RO         4251    i.gd_eval_com_init  uart.o
    0x08001a48   0x08001a48   0x00000004   Code   RO         2097    i.gpio_bit_reset    gd32e10x_gpio.o
    0x08001a4c   0x08001a4c   0x00000004   Code   RO         2098    i.gpio_bit_set      gd32e10x_gpio.o
    0x08001a50   0x08001a50   0x000000ac   Code   RO         4144    i.gpio_config       adc.o
    0x08001afc   0x08001afc   0x000000bc   Code   RO         2107    i.gpio_init         gd32e10x_gpio.o
    0x08001bb8   0x08001bb8   0x00000010   Code   RO         2108    i.gpio_input_bit_get  gd32e10x_gpio.o
    0x08001bc8   0x08001bc8   0x00000008   Code   RO         2111    i.gpio_output_port_get  gd32e10x_gpio.o
    0x08001bd0   0x08001bd0   0x00000090   Code   RO         2113    i.gpio_pin_remap_config  gd32e10x_gpio.o
    0x08001c60   0x08001c60   0x00000004   Code   RO         2114    i.gpio_port_write   gd32e10x_gpio.o
    0x08001c64   0x08001c64   0x00000038   Code   RO         4623    i.led_init          led.o
    0x08001c9c   0x08001c9c   0x00000110   Code   RO            6    i.main              main.o
    0x08001dac   0x08001dac   0x000000a8   Code   RO         4252    i.nvic_config       uart.o
    0x08001e54   0x08001e54   0x000000ac   Code   RO         2455    i.nvic_irq_enable   gd32e10x_misc.o
    0x08001f00   0x08001f00   0x00000014   Code   RO         2456    i.nvic_priority_group_set  gd32e10x_misc.o
    0x08001f14   0x08001f14   0x00000014   Code   RO         2457    i.nvic_vector_table_set  gd32e10x_misc.o
    0x08001f28   0x08001f28   0x0000006c   Code   RO         2603    i.rcu_adc_clock_config  gd32e10x_rcu.o
    0x08001f94   0x08001f94   0x00000184   Code   RO         2612    i.rcu_clock_freq_get  gd32e10x_rcu.o
    0x08002118   0x08002118   0x00000032   Code   RO         4145    i.rcu_config        adc.o
    0x0800214a   0x0800214a   0x00000002   PAD
    0x0800214c   0x0800214c   0x00000020   Code   RO         2632    i.rcu_periph_clock_enable  gd32e10x_rcu.o
    0x0800216c   0x0800216c   0x00000020   Code   RO         2635    i.rcu_periph_reset_disable  gd32e10x_rcu.o
    0x0800218c   0x0800218c   0x00000020   Code   RO         2636    i.rcu_periph_reset_enable  gd32e10x_rcu.o
    0x080021ac   0x080021ac   0x0000007c   Code   RO         4146    i.read_adc_value    adc.o
    0x08002228   0x08002228   0x00000012   Code   RO            7    i.read_can0_data    main.o
    0x0800223a   0x0800223a   0x00000002   PAD
    0x0800223c   0x0800223c   0x0000003c   Code   RO         4078    i.select_x_control  74hc4051bq.o
    0x08002278   0x08002278   0x00000074   Code   RO         4079    i.select_y_control_volt  74hc4051bq.o
    0x080022ec   0x080022ec   0x000000fc   Code   RO          352    i.system_clock_120m_hxtal  system_gd32e10x.o
    0x080023e8   0x080023e8   0x00000008   Code   RO          353    i.system_clock_config  system_gd32e10x.o
    0x080023f0   0x080023f0   0x00000050   Code   RO          214    i.systick_config    systick.o
    0x08002440   0x08002440   0x0000002a   Code   RO         3254    i.timer_channel_capture_value_register_read  gd32e10x_timer.o
    0x0800246a   0x0800246a   0x00000006   Code   RO         3299    i.timer_interrupt_flag_clear  gd32e10x_timer.o
    0x08002470   0x08002470   0x00000018   Code   RO         3300    i.timer_interrupt_flag_get  gd32e10x_timer.o
    0x08002488   0x08002488   0x00000050   Code   RO         4253    i.uart3_dma_send_data  uart.o
    0x080024d8   0x080024d8   0x00000050   Code   RO         4254    i.usart0_dma_send_data  uart.o
    0x08002528   0x08002528   0x00000050   Code   RO         4256    i.usart1_dma_send_data  uart.o
    0x08002578   0x08002578   0x00000050   Code   RO         4258    i.usart2_dma_send_data  uart.o
    0x080025c8   0x080025c8   0x00000034   Code   RO         4259    i.usart2_init       uart.o
    0x080025fc   0x080025fc   0x00000034   Code   RO         4260    i.usart3_init       uart.o
    0x08002630   0x08002630   0x00000090   Code   RO         3689    i.usart_baudrate_set  gd32e10x_usart.o
    0x080026c0   0x080026c0   0x00000090   Code   RO         3694    i.usart_deinit      gd32e10x_usart.o
    0x08002750   0x08002750   0x00000010   Code   RO         3696    i.usart_dma_receive_config  gd32e10x_usart.o
    0x08002760   0x08002760   0x00000048   Code   RO         4262    i.usart_dma_send_data  uart.o
    0x080027a8   0x080027a8   0x00000010   Code   RO         3697    i.usart_dma_transmit_config  gd32e10x_usart.o
    0x080027b8   0x080027b8   0x0000000a   Code   RO         3698    i.usart_enable      gd32e10x_usart.o
    0x080027c2   0x080027c2   0x0000001a   Code   RO         3708    i.usart_interrupt_enable  gd32e10x_usart.o
    0x080027dc   0x080027dc   0x00000038   Code   RO         3710    i.usart_interrupt_flag_get  gd32e10x_usart.o
    0x08002814   0x08002814   0x00000010   Code   RO         3723    i.usart_receive_config  gd32e10x_usart.o
    0x08002824   0x08002824   0x00000010   Code   RO         3737    i.usart_transmit_config  gd32e10x_usart.o
    0x08002834   0x08002834   0x000000c0   Data   RO          871    .constdata          gd32e10x_can.o
    0x080028f4   0x080028f4   0x00000020   Data   RO         4715    Region$$Table       anon$$obj.o


    Execution Region RW_IRAM1 (Exec base: 0x20000000, Load base: 0x08002914, Size: 0x00005ed0, Max: 0x00008000, ABSOLUTE)

    Exec Addr    Load Addr    Size         Type   Attr      Idx    E Section Name        Object

    0x20000000   0x08002914   0x00000009   Data   RW            9    .data               main.o
    0x20000009   0x0800291d   0x00000003   PAD
    0x2000000c   0x08002920   0x00000004   Data   RW          215    .data               systick.o
    0x20000010   0x08002924   0x0000000e   Data   RW          264    .data               gd32e10x_it.o
    0x2000001e   0x08002932   0x00000002   PAD
    0x20000020   0x08002934   0x00000004   Data   RW          354    .data               system_gd32e10x.o
    0x20000024   0x08002938   0x00000064   Data   RW         4080    .data               74hc4051bq.o
    0x20000088   0x0800299c   0x00000044   Data   RW         4269    .data               uart.o
    0x200000cc        -       0x0000418c   Zero   RW            8    .bss                main.o
    0x20004258        -       0x00000038   Zero   RW         4147    .bss                adc.o
    0x20004290        -       0x00001840   Zero   RW         4268    .bss                uart.o
    0x20005ad0        -       0x00000400   Zero   RW         4065    STACK               startup_gd32e10x.o


==============================================================================

Image component sizes


      Code (inc. data)   RO Data    RW Data    ZI Data      Debug   Object Name

       940         64          0        100          0       7237   74hc4051bq.o
       786         64          0          0         56       5576   adc.o
       280          0          0          0          0       3584   circular_buffer.o
       656         10          0          0          0       9283   gd32e10x_adc.o
       452          4        192          0          0      20193   gd32e10x_can.o
      1020          6          0          0          0      17450   gd32e10x_dma.o
       368          6          0          0          0       5622   gd32e10x_gpio.o
       200         30          0         14          0       6153   gd32e10x_it.o
       212         28          0          0          0       2376   gd32e10x_misc.o
       592         70          0          0          0      20791   gd32e10x_rcu.o
        72          0          0          0          0       2424   gd32e10x_timer.o
       444         16          0          0          0      13817   gd32e10x_usart.o
        56          8          0          0          0        551   led.o
       388         36          0          9      16780      54200   main.o
        36          8        336          0       1024        968   startup_gd32e10x.o
       348         38          0          4          0       2327   system_gd32e10x.o
       164         24          0          4          0      27730   systick.o
      1988        288          0         68       6208      18110   uart.o

    ----------------------------------------------------------------------
      9018        700        560        204      24068     218392   Object Totals
         0          0         32          0          0          0   (incl. Generated)
        16          0          0          5          0          0   (incl. Padding)

    ----------------------------------------------------------------------

      Code (inc. data)   RO Data    RW Data    ZI Data      Debug   Library Member Name

         0          0          0          0          0          0   entry.o
         0          0          0          0          0          0   entry10a.o
         0          0          0          0          0          0   entry11a.o
         4          0          0          0          0          0   entry12b.o
         8          4          0          0          0          0   entry2.o
         4          0          0          0          0          0   entry5.o
         0          0          0          0          0          0   entry7b.o
         0          0          0          0          0          0   entry8b.o
         8          4          0          0          0          0   entry9a.o
        30          0          0          0          0          0   handlers.o
        36          8          0          0          0         68   init.o
         0          0          0          0          0          0   iusefp.o
        30          0          0          0          0         68   llshl.o
        32          0          0          0          0         68   llushr.o
        36          0          0          0          0         68   memcpya.o
        36          0          0          0          0        108   memseta.o
       222          0          0          0          0        100   ddiv.o
       186          0          0          0          0        176   depilogue.o
        50          0          0          0          0         76   dfixui.o
        26          0          0          0          0         76   dfltui.o
       228          0          0          0          0         96   dmul.o

    ----------------------------------------------------------------------
       938         16          0          0          0        904   Library Totals
         2          0          0          0          0          0   (incl. Padding)

    ----------------------------------------------------------------------

      Code (inc. data)   RO Data    RW Data    ZI Data      Debug   Library Name

       224         16          0          0          0        380   mc_w.l
       712          0          0          0          0        524   mf_w.l

    ----------------------------------------------------------------------
       938         16          0          0          0        904   Library Totals

    ----------------------------------------------------------------------

==============================================================================


      Code (inc. data)   RO Data    RW Data    ZI Data      Debug   

      9956        716        560        204      24068     207884   Grand Totals
      9956        716        560        204      24068     207884   ELF Image Totals
      9956        716        560        204          0          0   ROM Totals

==============================================================================

    Total RO  Size (Code + RO Data)                10516 (  10.27kB)
    Total RW  Size (RW Data + ZI Data)             24272 (  23.70kB)
    Total ROM Size (Code + RO Data + RW Data)      10720 (  10.47kB)

==============================================================================

